
AVRASM ver. 2.1.30  C:\working_dir\mircoprocessor\max30102\Debug\List\1.asm Sat Nov 22 17:04:03 2025

                 
                 
                 ;CodeVisionAVR C Compiler V4.05 Evaluation
                 ;(C) Copyright 1998-2025 Pavel Haiduc, HP InfoTech S.R.L.
                 ;http://www.hpinfotech.ro
                 
                 ;Build configuration    : Debug
                 ;Chip type              : ATmega128A
                 ;Program type           : Application
                 ;Clock frequency        : 16.000000 MHz
                 ;Memory model           : Small
                 ;Optimize for           : Size
                 ;(s)printf features     : int, width
                 ;(s)scanf features      : int, width
                 ;External RAM size      : 0
                 ;Data Stack size        : 1024 byte(s)
                 ;Heap size              : 0 byte(s)
                 ;Promote 'char' to 'int': Yes
                 ;'char' is unsigned     : Yes
                 ;8 bit enums            : Yes
                 ;Global 'const' stored in FLASH: Yes
                 ;Enhanced function parameter passing: Mode 2
                 ;Enhanced core instructions: On
                 ;Automatic register allocation for global variables: On
                 ;Smart register allocation: On
                 
                 	#define _MODEL_SMALL_
                 
                 	#pragma AVRPART ADMIN PART_NAME ATmega128A
                 	#pragma AVRPART MEMORY PROG_FLASH 131072
                 	#pragma AVRPART MEMORY EEPROM 4096
                 	#pragma AVRPART MEMORY INT_SRAM SIZE 4096
                 	#pragma AVRPART MEMORY INT_SRAM START_ADDR 0x100
                 
                 	#define CALL_SUPPORTED 1
                 
                 	.LISTMAC
                 
                 	.EQU UDRE=0x5
                 	.EQU RXC=0x7
                 	.EQU USR=0xB
                 	.EQU UDR=0xC
                 	.EQU SPSR=0xE
                 	.EQU SPDR=0xF
                 	.EQU EERE=0x0
                 	.EQU EEWE=0x1
                 	.EQU EEMWE=0x2
                 	.EQU EECR=0x1C
                 	.EQU EEDR=0x1D
                 	.EQU EEARL=0x1E
                 	.EQU EEARH=0x1F
                 	.EQU WDTCR=0x21
                 	.EQU MCUCR=0x35
                 	.EQU SPMCSR=0x68
                 	.EQU RAMPZ=0x3B
                 	.EQU SPL=0x3D
                 	.EQU SPH=0x3E
                 	.EQU SREG=0x3F
                 	.EQU XMCRA=0x6D
                 	.EQU XMCRB=0x6C
                 
                 	.DEF R0X0=R0
                 	.DEF R0X1=R1
                 	.DEF R0X2=R2
                 	.DEF R0X3=R3
                 	.DEF R0X4=R4
                 	.DEF R0X5=R5
                 	.DEF R0X6=R6
                 	.DEF R0X7=R7
                 	.DEF R0X8=R8
                 	.DEF R0X9=R9
                 	.DEF R0XA=R10
                 	.DEF R0XB=R11
                 	.DEF R0XC=R12
                 	.DEF R0XD=R13
                 	.DEF R0XE=R14
                 	.DEF R0XF=R15
                 	.DEF R0X10=R16
                 	.DEF R0X11=R17
                 	.DEF R0X12=R18
                 	.DEF R0X13=R19
                 	.DEF R0X14=R20
                 	.DEF R0X15=R21
                 	.DEF R0X16=R22
                 	.DEF R0X17=R23
                 	.DEF R0X18=R24
                 	.DEF R0X19=R25
                 	.DEF R0X1A=R26
                 	.DEF R0X1B=R27
                 	.DEF R0X1C=R28
                 	.DEF R0X1D=R29
                 	.DEF R0X1E=R30
                 	.DEF R0X1F=R31
                 
                 	.EQU __SRAM_START=0x0100
                 	.EQU __SRAM_END=0x10FF
                 	.EQU __DSTACK_SIZE=0x0400
                 	.EQU __HEAP_SIZE=0x0000
                 	.EQU __CLEAR_SRAM_SIZE=__SRAM_END-__SRAM_START+1
                 
                 	.EQU __FLASH_PAGE_SIZE=0x80
                 
                 	.MACRO __CPD1N
                 	CPI  R30,LOW(@0)
                 	LDI  R26,HIGH(@0)
                 	CPC  R31,R26
                 	LDI  R26,BYTE3(@0)
                 	CPC  R22,R26
                 	LDI  R26,BYTE4(@0)
                 	CPC  R23,R26
                 	.ENDM
                 
                 	.MACRO __CPD2N
                 	CPI  R26,LOW(@0)
                 	LDI  R30,HIGH(@0)
                 	CPC  R27,R30
                 	LDI  R30,BYTE3(@0)
                 	CPC  R24,R30
                 	LDI  R30,BYTE4(@0)
                 	CPC  R25,R30
                 	.ENDM
                 
                 	.MACRO __CPWRR
                 	CP   R@0,R@2
                 	CPC  R@1,R@3
                 	.ENDM
                 
                 	.MACRO __CPWRN
                 	CPI  R@0,LOW(@2)
                 	LDI  R30,HIGH(@2)
                 	CPC  R@1,R30
                 	.ENDM
                 
                 	.MACRO __ADDB1MN
                 	SUBI R30,LOW(-@0-(@1))
                 	.ENDM
                 
                 	.MACRO __ADDB2MN
                 	SUBI R26,LOW(-@0-(@1))
                 	.ENDM
                 
                 	.MACRO __ADDW1MN
                 	SUBI R30,LOW(-@0-(@1))
                 	SBCI R31,HIGH(-@0-(@1))
                 	.ENDM
                 
                 	.MACRO __ADDW2MN
                 	SUBI R26,LOW(-@0-(@1))
                 	SBCI R27,HIGH(-@0-(@1))
                 	.ENDM
                 
                 	.MACRO __ADDW1FN
                 	SUBI R30,LOW(-2*@0-(@1))
                 	SBCI R31,HIGH(-2*@0-(@1))
                 	.ENDM
                 
                 	.MACRO __ADDD1FN
                 	SUBI R30,LOW(-2*@0-(@1))
                 	SBCI R31,HIGH(-2*@0-(@1))
                 	SBCI R22,BYTE3(-2*@0-(@1))
                 	.ENDM
                 
                 	.MACRO __ADDD1N
                 	SUBI R30,LOW(-@0)
                 	SBCI R31,HIGH(-@0)
                 	SBCI R22,BYTE3(-@0)
                 	SBCI R23,BYTE4(-@0)
                 	.ENDM
                 
                 	.MACRO __ADDD2N
                 	SUBI R26,LOW(-@0)
                 	SBCI R27,HIGH(-@0)
                 	SBCI R24,BYTE3(-@0)
                 	SBCI R25,BYTE4(-@0)
                 	.ENDM
                 
                 	.MACRO __SUBD1N
                 	SUBI R30,LOW(@0)
                 	SBCI R31,HIGH(@0)
                 	SBCI R22,BYTE3(@0)
                 	SBCI R23,BYTE4(@0)
                 	.ENDM
                 
                 	.MACRO __SUBD2N
                 	SUBI R26,LOW(@0)
                 	SBCI R27,HIGH(@0)
                 	SBCI R24,BYTE3(@0)
                 	SBCI R25,BYTE4(@0)
                 	.ENDM
                 
                 	.MACRO __ANDBMNN
                 	LDS  R30,@0+(@1)
                 	ANDI R30,LOW(@2)
                 	STS  @0+(@1),R30
                 	.ENDM
                 
                 	.MACRO __ANDWMNN
                 	LDS  R30,@0+(@1)
                 	ANDI R30,LOW(@2)
                 	STS  @0+(@1),R30
                 	LDS  R30,@0+(@1)+1
                 	ANDI R30,HIGH(@2)
                 	STS  @0+(@1)+1,R30
                 	.ENDM
                 
                 	.MACRO __ANDD1N
                 	ANDI R30,LOW(@0)
                 	ANDI R31,HIGH(@0)
                 	ANDI R22,BYTE3(@0)
                 	ANDI R23,BYTE4(@0)
                 	.ENDM
                 
                 	.MACRO __ANDD2N
                 	ANDI R26,LOW(@0)
                 	ANDI R27,HIGH(@0)
                 	ANDI R24,BYTE3(@0)
                 	ANDI R25,BYTE4(@0)
                 	.ENDM
                 
                 	.MACRO __ORBMNN
                 	LDS  R30,@0+(@1)
                 	ORI  R30,LOW(@2)
                 	STS  @0+(@1),R30
                 	.ENDM
                 
                 	.MACRO __ORWMNN
                 	LDS  R30,@0+(@1)
                 	ORI  R30,LOW(@2)
                 	STS  @0+(@1),R30
                 	LDS  R30,@0+(@1)+1
                 	ORI  R30,HIGH(@2)
                 	STS  @0+(@1)+1,R30
                 	.ENDM
                 
                 	.MACRO __ORD1N
                 	ORI  R30,LOW(@0)
                 	ORI  R31,HIGH(@0)
                 	ORI  R22,BYTE3(@0)
                 	ORI  R23,BYTE4(@0)
                 	.ENDM
                 
                 	.MACRO __ORD2N
                 	ORI  R26,LOW(@0)
                 	ORI  R27,HIGH(@0)
                 	ORI  R24,BYTE3(@0)
                 	ORI  R25,BYTE4(@0)
                 	.ENDM
                 
                 	.MACRO __DELAY_USB
                 	LDI  R24,LOW(@0)
                 __DELAY_USB_LOOP:
                 	DEC  R24
                 	BRNE __DELAY_USB_LOOP
                 	.ENDM
                 
                 	.MACRO __DELAY_USW
                 	LDI  R24,LOW(@0)
                 	LDI  R25,HIGH(@0)
                 __DELAY_USW_LOOP:
                 	SBIW R24,1
                 	BRNE __DELAY_USW_LOOP
                 	.ENDM
                 
                 	.MACRO __GETW1P
                 	LD   R30,X+
                 	LD   R31,X
                 	SBIW R26,1
                 	.ENDM
                 
                 	.MACRO __GETD1S
                 	LDD  R30,Y+@0
                 	LDD  R31,Y+@0+1
                 	LDD  R22,Y+@0+2
                 	LDD  R23,Y+@0+3
                 	.ENDM
                 
                 	.MACRO __GETD2S
                 	LDD  R26,Y+@0
                 	LDD  R27,Y+@0+1
                 	LDD  R24,Y+@0+2
                 	LDD  R25,Y+@0+3
                 	.ENDM
                 
                 	.MACRO __GETD1P_INC
                 	LD   R30,X+
                 	LD   R31,X+
                 	LD   R22,X+
                 	LD   R23,X+
                 	.ENDM
                 
                 	.MACRO __GETD1P_DEC
                 	LD   R23,-X
                 	LD   R22,-X
                 	LD   R31,-X
                 	LD   R30,-X
                 	.ENDM
                 
                 	.MACRO __PUTDP1
                 	ST   X+,R30
                 	ST   X+,R31
                 	ST   X+,R22
                 	ST   X,R23
                 	.ENDM
                 
                 	.MACRO __PUTDP1_DEC
                 	ST   -X,R23
                 	ST   -X,R22
                 	ST   -X,R31
                 	ST   -X,R30
                 	.ENDM
                 
                 	.MACRO __PUTD1S
                 	STD  Y+@0,R30
                 	STD  Y+@0+1,R31
                 	STD  Y+@0+2,R22
                 	STD  Y+@0+3,R23
                 	.ENDM
                 
                 	.MACRO __PUTD2S
                 	STD  Y+@0,R26
                 	STD  Y+@0+1,R27
                 	STD  Y+@0+2,R24
                 	STD  Y+@0+3,R25
                 	.ENDM
                 
                 	.MACRO __PUTDZ2
                 	STD  Z+@0,R26
                 	STD  Z+@0+1,R27
                 	STD  Z+@0+2,R24
                 	STD  Z+@0+3,R25
                 	.ENDM
                 
                 	.MACRO __CLRD1S
                 	STD  Y+@0,R30
                 	STD  Y+@0+1,R30
                 	STD  Y+@0+2,R30
                 	STD  Y+@0+3,R30
                 	.ENDM
                 
                 	.MACRO __CPD10
                 	SBIW R30,0
                 	SBCI R22,0
                 	SBCI R23,0
                 	.ENDM
                 
                 	.MACRO __CPD20
                 	SBIW R26,0
                 	SBCI R24,0
                 	SBCI R25,0
                 	.ENDM
                 
                 	.MACRO __ADDD12
                 	ADD  R30,R26
                 	ADC  R31,R27
                 	ADC  R22,R24
                 	ADC  R23,R25
                 	.ENDM
                 
                 	.MACRO __ADDD21
                 	ADD  R26,R30
                 	ADC  R27,R31
                 	ADC  R24,R22
                 	ADC  R25,R23
                 	.ENDM
                 
                 	.MACRO __SUBD12
                 	SUB  R30,R26
                 	SBC  R31,R27
                 	SBC  R22,R24
                 	SBC  R23,R25
                 	.ENDM
                 
                 	.MACRO __SUBD21
                 	SUB  R26,R30
                 	SBC  R27,R31
                 	SBC  R24,R22
                 	SBC  R25,R23
                 	.ENDM
                 
                 	.MACRO __ANDD12
                 	AND  R30,R26
                 	AND  R31,R27
                 	AND  R22,R24
                 	AND  R23,R25
                 	.ENDM
                 
                 	.MACRO __ORD12
                 	OR   R30,R26
                 	OR   R31,R27
                 	OR   R22,R24
                 	OR   R23,R25
                 	.ENDM
                 
                 	.MACRO __XORD12
                 	EOR  R30,R26
                 	EOR  R31,R27
                 	EOR  R22,R24
                 	EOR  R23,R25
                 	.ENDM
                 
                 	.MACRO __XORD21
                 	EOR  R26,R30
                 	EOR  R27,R31
                 	EOR  R24,R22
                 	EOR  R25,R23
                 	.ENDM
                 
                 	.MACRO __COMD1
                 	COM  R30
                 	COM  R31
                 	COM  R22
                 	COM  R23
                 	.ENDM
                 
                 	.MACRO __MULD2_2
                 	LSL  R26
                 	ROL  R27
                 	ROL  R24
                 	ROL  R25
                 	.ENDM
                 
                 	.MACRO __LSRD1
                 	LSR  R23
                 	ROR  R22
                 	ROR  R31
                 	ROR  R30
                 	.ENDM
                 
                 	.MACRO __LSLD1
                 	LSL  R30
                 	ROL  R31
                 	ROL  R22
                 	ROL  R23
                 	.ENDM
                 
                 	.MACRO __ASRB4
                 	ASR  R30
                 	ASR  R30
                 	ASR  R30
                 	ASR  R30
                 	.ENDM
                 
                 	.MACRO __ASRW8
                 	MOV  R30,R31
                 	CLR  R31
                 	SBRC R30,7
                 	SER  R31
                 	.ENDM
                 
                 	.MACRO __LSRD16
                 	MOV  R30,R22
                 	MOV  R31,R23
                 	LDI  R22,0
                 	LDI  R23,0
                 	.ENDM
                 
                 	.MACRO __LSLD16
                 	MOV  R22,R30
                 	MOV  R23,R31
                 	LDI  R30,0
                 	LDI  R31,0
                 	.ENDM
                 
                 	.MACRO __CWD1
                 	MOV  R22,R31
                 	ADD  R22,R22
                 	SBC  R22,R22
                 	MOV  R23,R22
                 	.ENDM
                 
                 	.MACRO __CWD2
                 	MOV  R24,R27
                 	ADD  R24,R24
                 	SBC  R24,R24
                 	MOV  R25,R24
                 	.ENDM
                 
                 	.MACRO __SETMSD1
                 	SER  R31
                 	SER  R22
                 	SER  R23
                 	.ENDM
                 
                 	.MACRO __ADDW1R15
                 	CLR  R0
                 	ADD  R30,R15
                 	ADC  R31,R0
                 	.ENDM
                 
                 	.MACRO __ADDW2R15
                 	CLR  R0
                 	ADD  R26,R15
                 	ADC  R27,R0
                 	.ENDM
                 
                 	.MACRO __EQB12
                 	CP   R30,R26
                 	LDI  R30,1
                 	BREQ PC+2
                 	CLR  R30
                 	.ENDM
                 
                 	.MACRO __NEB12
                 	CP   R30,R26
                 	LDI  R30,1
                 	BRNE PC+2
                 	CLR  R30
                 	.ENDM
                 
                 	.MACRO __LEB12
                 	CP   R30,R26
                 	LDI  R30,1
                 	BRGE PC+2
                 	CLR  R30
                 	.ENDM
                 
                 	.MACRO __GEB12
                 	CP   R26,R30
                 	LDI  R30,1
                 	BRGE PC+2
                 	CLR  R30
                 	.ENDM
                 
                 	.MACRO __LTB12
                 	CP   R26,R30
                 	LDI  R30,1
                 	BRLT PC+2
                 	CLR  R30
                 	.ENDM
                 
                 	.MACRO __GTB12
                 	CP   R30,R26
                 	LDI  R30,1
                 	BRLT PC+2
                 	CLR  R30
                 	.ENDM
                 
                 	.MACRO __LEB12U
                 	CP   R30,R26
                 	LDI  R30,1
                 	BRSH PC+2
                 	CLR  R30
                 	.ENDM
                 
                 	.MACRO __GEB12U
                 	CP   R26,R30
                 	LDI  R30,1
                 	BRSH PC+2
                 	CLR  R30
                 	.ENDM
                 
                 	.MACRO __LTB12U
                 	CP   R26,R30
                 	LDI  R30,1
                 	BRLO PC+2
                 	CLR  R30
                 	.ENDM
                 
                 	.MACRO __GTB12U
                 	CP   R30,R26
                 	LDI  R30,1
                 	BRLO PC+2
                 	CLR  R30
                 	.ENDM
                 
                 	.MACRO __CPW01
                 	CLR  R0
                 	CP   R0,R30
                 	CPC  R0,R31
                 	.ENDM
                 
                 	.MACRO __CPW02
                 	CLR  R0
                 	CP   R0,R26
                 	CPC  R0,R27
                 	.ENDM
                 
                 	.MACRO __CPD12
                 	CP   R30,R26
                 	CPC  R31,R27
                 	CPC  R22,R24
                 	CPC  R23,R25
                 	.ENDM
                 
                 	.MACRO __CPD21
                 	CP   R26,R30
                 	CPC  R27,R31
                 	CPC  R24,R22
                 	CPC  R25,R23
                 	.ENDM
                 
                 	.MACRO __BSTB1
                 	CLT
                 	TST  R30
                 	BREQ PC+2
                 	SET
                 	.ENDM
                 
                 	.MACRO __LNEGB1
                 	TST  R30
                 	LDI  R30,1
                 	BREQ PC+2
                 	CLR  R30
                 	.ENDM
                 
                 	.MACRO __LNEGW1
                 	OR   R30,R31
                 	LDI  R30,1
                 	BREQ PC+2
                 	LDI  R30,0
                 	.ENDM
                 
                 	.MACRO __POINTB1MN
                 	LDI  R30,LOW(@0+(@1))
                 	.ENDM
                 
                 	.MACRO __POINTW1MN
                 	LDI  R30,LOW(@0+(@1))
                 	LDI  R31,HIGH(@0+(@1))
                 	.ENDM
                 
                 	.MACRO __POINTD1M
                 	LDI  R30,LOW(@0)
                 	LDI  R31,HIGH(@0)
                 	LDI  R22,BYTE3(@0)
                 	LDI  R23,BYTE4(@0)
                 	.ENDM
                 
                 	.MACRO __POINTW1FN
                 	LDI  R30,LOW(2*@0+(@1))
                 	LDI  R31,HIGH(2*@0+(@1))
                 	.ENDM
                 
                 	.MACRO __POINTD1FN
                 	LDI  R30,LOW(2*@0+(@1))
                 	LDI  R31,HIGH(2*@0+(@1))
                 	LDI  R22,BYTE3(2*@0+(@1))
                 	LDI  R23,BYTE4(2*@0+(@1))
                 	.ENDM
                 
                 	.MACRO __POINTB2MN
                 	LDI  R26,LOW(@0+(@1))
                 	.ENDM
                 
                 	.MACRO __POINTW2MN
                 	LDI  R26,LOW(@0+(@1))
                 	LDI  R27,HIGH(@0+(@1))
                 	.ENDM
                 
                 	.MACRO __POINTD2M
                 	LDI  R26,LOW(@0)
                 	LDI  R27,HIGH(@0)
                 	LDI  R24,BYTE3(@0)
                 	LDI  R25,BYTE4(@0)
                 	.ENDM
                 
                 	.MACRO __POINTW2FN
                 	LDI  R26,LOW(2*@0+(@1))
                 	LDI  R27,HIGH(2*@0+(@1))
                 	.ENDM
                 
                 	.MACRO __POINTD2FN
                 	LDI  R26,LOW(2*@0+(@1))
                 	LDI  R27,HIGH(2*@0+(@1))
                 	LDI  R24,BYTE3(2*@0+(@1))
                 	LDI  R25,BYTE4(2*@0+(@1))
                 	.ENDM
                 
                 	.MACRO __POINTBRM
                 	LDI  R@0,LOW(@1)
                 	.ENDM
                 
                 	.MACRO __POINTWRM
                 	LDI  R@0,LOW(@2)
                 	LDI  R@1,HIGH(@2)
                 	.ENDM
                 
                 	.MACRO __POINTBRMN
                 	LDI  R@0,LOW(@1+(@2))
                 	.ENDM
                 
                 	.MACRO __POINTWRMN
                 	LDI  R@0,LOW(@2+(@3))
                 	LDI  R@1,HIGH(@2+(@3))
                 	.ENDM
                 
                 	.MACRO __POINTWRFN
                 	LDI  R@0,LOW(@2*2+(@3))
                 	LDI  R@1,HIGH(@2*2+(@3))
                 	.ENDM
                 
                 	.MACRO __GETD1N
                 	LDI  R30,LOW(@0)
                 	LDI  R31,HIGH(@0)
                 	LDI  R22,BYTE3(@0)
                 	LDI  R23,BYTE4(@0)
                 	.ENDM
                 
                 	.MACRO __GETD2N
                 	LDI  R26,LOW(@0)
                 	LDI  R27,HIGH(@0)
                 	LDI  R24,BYTE3(@0)
                 	LDI  R25,BYTE4(@0)
                 	.ENDM
                 
                 	.MACRO __GETB1MN
                 	LDS  R30,@0+(@1)
                 	.ENDM
                 
                 	.MACRO __GETB1HMN
                 	LDS  R31,@0+(@1)
                 	.ENDM
                 
                 	.MACRO __GETW1MN
                 	LDS  R30,@0+(@1)
                 	LDS  R31,@0+(@1)+1
                 	.ENDM
                 
                 	.MACRO __GETD1MN
                 	LDS  R30,@0+(@1)
                 	LDS  R31,@0+(@1)+1
                 	LDS  R22,@0+(@1)+2
                 	LDS  R23,@0+(@1)+3
                 	.ENDM
                 
                 	.MACRO __GETBRMN
                 	LDS  R@0,@1+(@2)
                 	.ENDM
                 
                 	.MACRO __GETWRMN
                 	LDS  R@0,@2+(@3)
                 	LDS  R@1,@2+(@3)+1
                 	.ENDM
                 
                 	.MACRO __GETWRZ
                 	LDD  R@0,Z+@2
                 	LDD  R@1,Z+@2+1
                 	.ENDM
                 
                 	.MACRO __GETD2Z
                 	LDD  R26,Z+@0
                 	LDD  R27,Z+@0+1
                 	LDD  R24,Z+@0+2
                 	LDD  R25,Z+@0+3
                 	.ENDM
                 
                 	.MACRO __GETB2MN
                 	LDS  R26,@0+(@1)
                 	.ENDM
                 
                 	.MACRO __GETW2MN
                 	LDS  R26,@0+(@1)
                 	LDS  R27,@0+(@1)+1
                 	.ENDM
                 
                 	.MACRO __GETD2MN
                 	LDS  R26,@0+(@1)
                 	LDS  R27,@0+(@1)+1
                 	LDS  R24,@0+(@1)+2
                 	LDS  R25,@0+(@1)+3
                 	.ENDM
                 
                 	.MACRO __PUTB1MN
                 	STS  @0+(@1),R30
                 	.ENDM
                 
                 	.MACRO __PUTW1MN
                 	STS  @0+(@1),R30
                 	STS  @0+(@1)+1,R31
                 	.ENDM
                 
                 	.MACRO __PUTD1MN
                 	STS  @0+(@1),R30
                 	STS  @0+(@1)+1,R31
                 	STS  @0+(@1)+2,R22
                 	STS  @0+(@1)+3,R23
                 	.ENDM
                 
                 	.MACRO __PUTB1EN
                 	LDI  R26,LOW(@0+(@1))
                 	LDI  R27,HIGH(@0+(@1))
                 	CALL __EEPROMWRB
                 	.ENDM
                 
                 	.MACRO __PUTW1EN
                 	LDI  R26,LOW(@0+(@1))
                 	LDI  R27,HIGH(@0+(@1))
                 	CALL __EEPROMWRW
                 	.ENDM
                 
                 	.MACRO __PUTD1EN
                 	LDI  R26,LOW(@0+(@1))
                 	LDI  R27,HIGH(@0+(@1))
                 	CALL __EEPROMWRD
                 	.ENDM
                 
                 	.MACRO __PUTBR0MN
                 	STS  @0+(@1),R0
                 	.ENDM
                 
                 	.MACRO __PUTBMRN
                 	STS  @0+(@1),R@2
                 	.ENDM
                 
                 	.MACRO __PUTWMRN
                 	STS  @0+(@1),R@2
                 	STS  @0+(@1)+1,R@3
                 	.ENDM
                 
                 	.MACRO __PUTBZR
                 	STD  Z+@1,R@0
                 	.ENDM
                 
                 	.MACRO __PUTWZR
                 	STD  Z+@2,R@0
                 	STD  Z+@2+1,R@1
                 	.ENDM
                 
                 	.MACRO __GETW1R
                 	MOV  R30,R@0
                 	MOV  R31,R@1
                 	.ENDM
                 
                 	.MACRO __GETW2R
                 	MOV  R26,R@0
                 	MOV  R27,R@1
                 	.ENDM
                 
                 	.MACRO __GETWRN
                 	LDI  R@0,LOW(@2)
                 	LDI  R@1,HIGH(@2)
                 	.ENDM
                 
                 	.MACRO __PUTW1R
                 	MOV  R@0,R30
                 	MOV  R@1,R31
                 	.ENDM
                 
                 	.MACRO __PUTW2R
                 	MOV  R@0,R26
                 	MOV  R@1,R27
                 	.ENDM
                 
                 	.MACRO __ADDWRN
                 	SUBI R@0,LOW(-@2)
                 	SBCI R@1,HIGH(-@2)
                 	.ENDM
                 
                 	.MACRO __ADDWRR
                 	ADD  R@0,R@2
                 	ADC  R@1,R@3
                 	.ENDM
                 
                 	.MACRO __SUBWRN
                 	SUBI R@0,LOW(@2)
                 	SBCI R@1,HIGH(@2)
                 	.ENDM
                 
                 	.MACRO __SUBWRR
                 	SUB  R@0,R@2
                 	SBC  R@1,R@3
                 	.ENDM
                 
                 	.MACRO __ANDWRN
                 	ANDI R@0,LOW(@2)
                 	ANDI R@1,HIGH(@2)
                 	.ENDM
                 
                 	.MACRO __ANDWRR
                 	AND  R@0,R@2
                 	AND  R@1,R@3
                 	.ENDM
                 
                 	.MACRO __ORWRN
                 	ORI  R@0,LOW(@2)
                 	ORI  R@1,HIGH(@2)
                 	.ENDM
                 
                 	.MACRO __ORWRR
                 	OR   R@0,R@2
                 	OR   R@1,R@3
                 	.ENDM
                 
                 	.MACRO __EORWRR
                 	EOR  R@0,R@2
                 	EOR  R@1,R@3
                 	.ENDM
                 
                 	.MACRO __GETWRS
                 	LDD  R@0,Y+@2
                 	LDD  R@1,Y+@2+1
                 	.ENDM
                 
                 	.MACRO __PUTBSR
                 	STD  Y+@1,R@0
                 	.ENDM
                 
                 	.MACRO __PUTWSR
                 	STD  Y+@2,R@0
                 	STD  Y+@2+1,R@1
                 	.ENDM
                 
                 	.MACRO __MOVEWRR
                 	MOV  R@0,R@2
                 	MOV  R@1,R@3
                 	.ENDM
                 
                 	.MACRO __INWR
                 	IN   R@0,@2
                 	IN   R@1,@2+1
                 	.ENDM
                 
                 	.MACRO __OUTWR
                 	OUT  @2+1,R@1
                 	OUT  @2,R@0
                 	.ENDM
                 
                 	.MACRO __CALL1MN
                 	LDS  R30,@0+(@1)
                 	LDS  R31,@0+(@1)+1
                 	ICALL
                 	.ENDM
                 
                 	.MACRO __CALL1FN
                 	LDI  R30,LOW(2*@0+(@1))
                 	LDI  R31,HIGH(2*@0+(@1))
                 	CALL __GETW1PF
                 	ICALL
                 	.ENDM
                 
                 	.MACRO __CALL2EN
                 	PUSH R26
                 	PUSH R27
                 	LDI  R26,LOW(@0+(@1))
                 	LDI  R27,HIGH(@0+(@1))
                 	CALL __EEPROMRDW
                 	POP  R27
                 	POP  R26
                 	ICALL
                 	.ENDM
                 
                 	.MACRO __CALL2EX
                 	SUBI R26,LOW(-@0)
                 	SBCI R27,HIGH(-@0)
                 	CALL __EEPROMRDD
                 	ICALL
                 	.ENDM
                 
                 	.MACRO __GETW1STACK
                 	IN   R30,SPL
                 	IN   R31,SPH
                 	ADIW R30,@0+1
                 	LD   R0,Z+
                 	LD   R31,Z
                 	MOV  R30,R0
                 	.ENDM
                 
                 	.MACRO __GETD1STACK
                 	IN   R30,SPL
                 	IN   R31,SPH
                 	ADIW R30,@0+1
                 	LD   R0,Z+
                 	LD   R1,Z+
                 	LD   R22,Z
                 	MOVW R30,R0
                 	.ENDM
                 
                 	.MACRO __NBST
                 	BST  R@0,@1
                 	IN   R30,SREG
                 	LDI  R31,0x40
                 	EOR  R30,R31
                 	OUT  SREG,R30
                 	.ENDM
                 
                 
                 	.MACRO __PUTB1SN
                 	LDD  R26,Y+@0
                 	LDD  R27,Y+@0+1
                 	SUBI R26,LOW(-@1)
                 	SBCI R27,HIGH(-@1)
                 	ST   X,R30
                 	.ENDM
                 
                 	.MACRO __PUTW1SN
                 	LDD  R26,Y+@0
                 	LDD  R27,Y+@0+1
                 	SUBI R26,LOW(-@1)
                 	SBCI R27,HIGH(-@1)
                 	ST   X+,R30
                 	ST   X,R31
                 	.ENDM
                 
                 	.MACRO __PUTD1SN
                 	LDD  R26,Y+@0
                 	LDD  R27,Y+@0+1
                 	SUBI R26,LOW(-@1)
                 	SBCI R27,HIGH(-@1)
                 	ST   X+,R30
                 	ST   X+,R31
                 	ST   X+,R22
                 	ST   X,R23
                 	.ENDM
                 
                 	.MACRO __PUTB1SNS
                 	LDD  R26,Y+@0
                 	LDD  R27,Y+@0+1
                 	ADIW R26,@1
                 	ST   X,R30
                 	.ENDM
                 
                 	.MACRO __PUTW1SNS
                 	LDD  R26,Y+@0
                 	LDD  R27,Y+@0+1
                 	ADIW R26,@1
                 	ST   X+,R30
                 	ST   X,R31
                 	.ENDM
                 
                 	.MACRO __PUTD1SNS
                 	LDD  R26,Y+@0
                 	LDD  R27,Y+@0+1
                 	ADIW R26,@1
                 	ST   X+,R30
                 	ST   X+,R31
                 	ST   X+,R22
                 	ST   X,R23
                 	.ENDM
                 
                 	.MACRO __PUTB1PMN
                 	LDS  R26,@0
                 	LDS  R27,@0+1
                 	SUBI R26,LOW(-@1)
                 	SBCI R27,HIGH(-@1)
                 	ST   X,R30
                 	.ENDM
                 
                 	.MACRO __PUTW1PMN
                 	LDS  R26,@0
                 	LDS  R27,@0+1
                 	SUBI R26,LOW(-@1)
                 	SBCI R27,HIGH(-@1)
                 	ST   X+,R30
                 	ST   X,R31
                 	.ENDM
                 
                 	.MACRO __PUTD1PMN
                 	LDS  R26,@0
                 	LDS  R27,@0+1
                 	SUBI R26,LOW(-@1)
                 	SBCI R27,HIGH(-@1)
                 	ST   X+,R30
                 	ST   X+,R31
                 	ST   X+,R22
                 	ST   X,R23
                 	.ENDM
                 
                 	.MACRO __PUTB1PMNS
                 	LDS  R26,@0
                 	LDS  R27,@0+1
                 	ADIW R26,@1
                 	ST   X,R30
                 	.ENDM
                 
                 	.MACRO __PUTW1PMNS
                 	LDS  R26,@0
                 	LDS  R27,@0+1
                 	ADIW R26,@1
                 	ST   X+,R30
                 	ST   X,R31
                 	.ENDM
                 
                 	.MACRO __PUTD1PMNS
                 	LDS  R26,@0
                 	LDS  R27,@0+1
                 	ADIW R26,@1
                 	ST   X+,R30
                 	ST   X+,R31
                 	ST   X+,R22
                 	ST   X,R23
                 	.ENDM
                 
                 	.MACRO __PUTB1RN
                 	MOVW R26,R@0
                 	SUBI R26,LOW(-@1)
                 	SBCI R27,HIGH(-@1)
                 	ST   X,R30
                 	.ENDM
                 
                 	.MACRO __PUTW1RN
                 	MOVW R26,R@0
                 	SUBI R26,LOW(-@1)
                 	SBCI R27,HIGH(-@1)
                 	ST   X+,R30
                 	ST   X,R31
                 	.ENDM
                 
                 	.MACRO __PUTD1RN
                 	MOVW R26,R@0
                 	SUBI R26,LOW(-@1)
                 	SBCI R27,HIGH(-@1)
                 	ST   X+,R30
                 	ST   X+,R31
                 	ST   X+,R22
                 	ST   X,R23
                 	.ENDM
                 
                 	.MACRO __PUTB1RNS
                 	MOVW R26,R@0
                 	ADIW R26,@1
                 	ST   X,R30
                 	.ENDM
                 
                 	.MACRO __PUTW1RNS
                 	MOVW R26,R@0
                 	ADIW R26,@1
                 	ST   X+,R30
                 	ST   X,R31
                 	.ENDM
                 
                 	.MACRO __PUTD1RNS
                 	MOVW R26,R@0
                 	ADIW R26,@1
                 	ST   X+,R30
                 	ST   X+,R31
                 	ST   X+,R22
                 	ST   X,R23
                 	.ENDM
                 
                 	.MACRO __PUTB1RON
                 	MOV  R26,R@0
                 	MOV  R27,R@1
                 	SUBI R26,LOW(-@2)
                 	SBCI R27,HIGH(-@2)
                 	ST   X,R30
                 	.ENDM
                 
                 	.MACRO __PUTW1RON
                 	MOV  R26,R@0
                 	MOV  R27,R@1
                 	SUBI R26,LOW(-@2)
                 	SBCI R27,HIGH(-@2)
                 	ST   X+,R30
                 	ST   X,R31
                 	.ENDM
                 
                 	.MACRO __PUTD1RON
                 	MOV  R26,R@0
                 	MOV  R27,R@1
                 	SUBI R26,LOW(-@2)
                 	SBCI R27,HIGH(-@2)
                 	ST   X+,R30
                 	ST   X+,R31
                 	ST   X+,R22
                 	ST   X,R23
                 	.ENDM
                 
                 	.MACRO __PUTB1RONS
                 	MOV  R26,R@0
                 	MOV  R27,R@1
                 	ADIW R26,@2
                 	ST   X,R30
                 	.ENDM
                 
                 	.MACRO __PUTW1RONS
                 	MOV  R26,R@0
                 	MOV  R27,R@1
                 	ADIW R26,@2
                 	ST   X+,R30
                 	ST   X,R31
                 	.ENDM
                 
                 	.MACRO __PUTD1RONS
                 	MOV  R26,R@0
                 	MOV  R27,R@1
                 	ADIW R26,@2
                 	ST   X+,R30
                 	ST   X+,R31
                 	ST   X+,R22
                 	ST   X,R23
                 	.ENDM
                 
                 
                 	.MACRO __GETB1SX
                 	MOVW R30,R28
                 	SUBI R30,LOW(-@0)
                 	SBCI R31,HIGH(-@0)
                 	LD   R30,Z
                 	.ENDM
                 
                 	.MACRO __GETB1HSX
                 	MOVW R30,R28
                 	SUBI R30,LOW(-@0)
                 	SBCI R31,HIGH(-@0)
                 	LD   R31,Z
                 	.ENDM
                 
                 	.MACRO __GETW1SX
                 	MOVW R30,R28
                 	SUBI R30,LOW(-@0)
                 	SBCI R31,HIGH(-@0)
                 	CALL __GETW1Z
                 	.ENDM
                 
                 	.MACRO __GETD1SX
                 	MOVW R30,R28
                 	SUBI R30,LOW(-@0)
                 	SBCI R31,HIGH(-@0)
                 	CALL __GETD1Z
                 	.ENDM
                 
                 	.MACRO __GETB2SX
                 	MOVW R26,R28
                 	SUBI R26,LOW(-@0)
                 	SBCI R27,HIGH(-@0)
                 	LD   R26,X
                 	.ENDM
                 
                 	.MACRO __GETW2SX
                 	MOVW R26,R28
                 	SUBI R26,LOW(-@0)
                 	SBCI R27,HIGH(-@0)
                 	CALL __GETW2X
                 	.ENDM
                 
                 	.MACRO __GETD2SX
                 	MOVW R26,R28
                 	SUBI R26,LOW(-@0)
                 	SBCI R27,HIGH(-@0)
                 	CALL __GETD2X
                 	.ENDM
                 
                 	.MACRO __GETBRSX
                 	MOVW R30,R28
                 	SUBI R30,LOW(-@1)
                 	SBCI R31,HIGH(-@1)
                 	LD   R@0,Z
                 	.ENDM
                 
                 	.MACRO __GETWRSX
                 	MOVW R30,R28
                 	SUBI R30,LOW(-@2)
                 	SBCI R31,HIGH(-@2)
                 	LD   R@0,Z+
                 	LD   R@1,Z
                 	.ENDM
                 
                 	.MACRO __GETBRSX2
                 	MOVW R26,R28
                 	SUBI R26,LOW(-@1)
                 	SBCI R27,HIGH(-@1)
                 	LD   R@0,X
                 	.ENDM
                 
                 	.MACRO __GETWRSX2
                 	MOVW R26,R28
                 	SUBI R26,LOW(-@2)
                 	SBCI R27,HIGH(-@2)
                 	LD   R@0,X+
                 	LD   R@1,X
                 	.ENDM
                 
                 	.MACRO __LSLW8SX
                 	MOVW R30,R28
                 	SUBI R30,LOW(-@0)
                 	SBCI R31,HIGH(-@0)
                 	LD   R31,Z
                 	CLR  R30
                 	.ENDM
                 
                 	.MACRO __PUTB1SX
                 	MOVW R26,R28
                 	SUBI R26,LOW(-@0)
                 	SBCI R27,HIGH(-@0)
                 	ST   X,R30
                 	.ENDM
                 
                 	.MACRO __PUTW1SX
                 	MOVW R26,R28
                 	SUBI R26,LOW(-@0)
                 	SBCI R27,HIGH(-@0)
                 	ST   X+,R30
                 	ST   X,R31
                 	.ENDM
                 
                 	.MACRO __PUTD1SX
                 	MOVW R26,R28
                 	SUBI R26,LOW(-@0)
                 	SBCI R27,HIGH(-@0)
                 	ST   X+,R30
                 	ST   X+,R31
                 	ST   X+,R22
                 	ST   X,R23
                 	.ENDM
                 
                 	.MACRO __CLRW1SX
                 	MOVW R26,R28
                 	SUBI R26,LOW(-@0)
                 	SBCI R27,HIGH(-@0)
                 	ST   X+,R30
                 	ST   X,R30
                 	.ENDM
                 
                 	.MACRO __CLRD1SX
                 	MOVW R26,R28
                 	SUBI R26,LOW(-@0)
                 	SBCI R27,HIGH(-@0)
                 	ST   X+,R30
                 	ST   X+,R30
                 	ST   X+,R30
                 	ST   X,R30
                 	.ENDM
                 
                 	.MACRO __PUTB2SX
                 	MOVW R30,R28
                 	SUBI R30,LOW(-@0)
                 	SBCI R31,HIGH(-@0)
                 	ST   Z,R26
                 	.ENDM
                 
                 	.MACRO __PUTW2SX
                 	MOVW R30,R28
                 	SUBI R30,LOW(-@0)
                 	SBCI R31,HIGH(-@0)
                 	ST   Z+,R26
                 	ST   Z,R27
                 	.ENDM
                 
                 	.MACRO __PUTD2SX
                 	MOVW R30,R28
                 	SUBI R30,LOW(-@0)
                 	SBCI R31,HIGH(-@0)
                 	ST   Z+,R26
                 	ST   Z+,R27
                 	ST   Z+,R24
                 	ST   Z,R25
                 	.ENDM
                 
                 	.MACRO __PUTBSRX
                 	MOVW R30,R28
                 	SUBI R30,LOW(-@1)
                 	SBCI R31,HIGH(-@1)
                 	ST   Z,R@0
                 	.ENDM
                 
                 	.MACRO __PUTWSRX
                 	MOVW R30,R28
                 	SUBI R30,LOW(-@2)
                 	SBCI R31,HIGH(-@2)
                 	ST   Z+,R@0
                 	ST   Z,R@1
                 	.ENDM
                 
                 	.MACRO __PUTB1SNX
                 	MOVW R26,R28
                 	SUBI R26,LOW(-@0)
                 	SBCI R27,HIGH(-@0)
                 	LD   R0,X+
                 	LD   R27,X
                 	MOV  R26,R0
                 	SUBI R26,LOW(-@1)
                 	SBCI R27,HIGH(-@1)
                 	ST   X,R30
                 	.ENDM
                 
                 	.MACRO __PUTW1SNX
                 	MOVW R26,R28
                 	SUBI R26,LOW(-@0)
                 	SBCI R27,HIGH(-@0)
                 	LD   R0,X+
                 	LD   R27,X
                 	MOV  R26,R0
                 	SUBI R26,LOW(-@1)
                 	SBCI R27,HIGH(-@1)
                 	ST   X+,R30
                 	ST   X,R31
                 	.ENDM
                 
                 	.MACRO __PUTD1SNX
                 	MOVW R26,R28
                 	SUBI R26,LOW(-@0)
                 	SBCI R27,HIGH(-@0)
                 	LD   R0,X+
                 	LD   R27,X
                 	MOV  R26,R0
                 	SUBI R26,LOW(-@1)
                 	SBCI R27,HIGH(-@1)
                 	ST   X+,R30
                 	ST   X+,R31
                 	ST   X+,R22
                 	ST   X,R23
                 	.ENDM
                 
                 	.MACRO __MULBRR
                 	MULS R@0,R@1
                 	MOVW R30,R0
                 	.ENDM
                 
                 	.MACRO __MULBRRU
                 	MUL  R@0,R@1
                 	MOVW R30,R0
                 	.ENDM
                 
                 	.MACRO __MULBRR0
                 	MULS R@0,R@1
                 	.ENDM
                 
                 	.MACRO __MULBRRU0
                 	MUL  R@0,R@1
                 	.ENDM
                 
                 	.MACRO __MULBNWRU
                 	LDI  R26,@2
                 	MUL  R26,R@0
                 	MOVW R30,R0
                 	MUL  R26,R@1
                 	ADD  R31,R0
                 	.ENDM
                 
                 	.CSEG
                 	.ORG 0x00
                 
                 ;START OF CODE MARKER
                 __START_OF_CODE:
                 
                 ;INTERRUPT VECTORS
000000 940c 0085 	JMP  __RESET
000002 940c 0000 	JMP  0x00
000004 940c 0000 	JMP  0x00
000006 940c 0000 	JMP  0x00
000008 940c 0000 	JMP  0x00
00000a 940c 0000 	JMP  0x00
00000c 940c 0000 	JMP  0x00
00000e 940c 0000 	JMP  0x00
000010 940c 0000 	JMP  0x00
000012 940c 0000 	JMP  0x00
000014 940c 0000 	JMP  0x00
000016 940c 0000 	JMP  0x00
000018 940c 0000 	JMP  0x00
00001a 940c 0000 	JMP  0x00
00001c 940c 0000 	JMP  0x00
00001e 940c 0000 	JMP  0x00
000020 940c 0000 	JMP  0x00
000022 940c 0000 	JMP  0x00
000024 940c 0000 	JMP  0x00
000026 940c 0000 	JMP  0x00
000028 940c 0000 	JMP  0x00
00002a 940c 0000 	JMP  0x00
00002c 940c 0000 	JMP  0x00
00002e 940c 0000 	JMP  0x00
000030 940c 0000 	JMP  0x00
000032 940c 0000 	JMP  0x00
000034 940c 0000 	JMP  0x00
000036 940c 0000 	JMP  0x00
000038 940c 0000 	JMP  0x00
00003a 940c 0000 	JMP  0x00
00003c 940c 0000 	JMP  0x00
00003e 940c 0000 	JMP  0x00
000040 940c 0000 	JMP  0x00
000042 940c 0000 	JMP  0x00
000044 940c 0000 	JMP  0x00
                 
                 _tbl10_G100:
000046 2710
000047 03e8
000048 0064
000049 000a      	.DB  0x10,0x27,0xE8,0x3,0x64,0x0,0xA,0x0
00004a 0001      	.DB  0x1,0x0
                 _tbl16_G100:
00004b 1000
00004c 0100
00004d 0010
00004e 0001      	.DB  0x0,0x10,0x0,0x1,0x10,0x0,0x1,0x0
                 
                 _0x0:
00004f 7953
000050 7473
000051 6d65
000052 5320      	.DB  0x53,0x79,0x73,0x74,0x65,0x6D,0x20,0x53
000053 6174
000054 7472
000055 0a0d
000056 4300      	.DB  0x74,0x61,0x72,0x74,0xD,0xA,0x0,0x43
000057 6568
000058 6b63
000059 6e69
00005a 2067      	.DB  0x68,0x65,0x63,0x6B,0x69,0x6E,0x67,0x20
00005b 414d
00005c 3358
00005d 3130
00005e 3230      	.DB  0x4D,0x41,0x58,0x33,0x30,0x31,0x30,0x32
00005f 4320
000060 6e6f
000061 656e
000062 7463      	.DB  0x20,0x43,0x6F,0x6E,0x6E,0x65,0x63,0x74
000063 6f69
000064 2e6e
000065 2e2e
000066 0a0d      	.DB  0x69,0x6F,0x6E,0x2E,0x2E,0x2E,0xD,0xA
000067 5200
000068 6165
000069 2064
00006a 6150      	.DB  0x0,0x52,0x65,0x61,0x64,0x20,0x50,0x61
00006b 7472
00006c 4920
00006d 3a44
00006e 3020      	.DB  0x72,0x74,0x20,0x49,0x44,0x3A,0x20,0x30
00006f 2578
000070 3230
000071 2058
000072 2800      	.DB  0x78,0x25,0x30,0x32,0x58,0x20,0x0,0x28
000073 7553
000074 6363
000075 7365
000076 2173      	.DB  0x53,0x75,0x63,0x63,0x65,0x73,0x73,0x21
000077 0d29
000078 000a
000079 4628
00007a 6961      	.DB  0x29,0xD,0xA,0x0,0x28,0x46,0x61,0x69
00007b 206c
00007c 202d
00007d 6843
00007e 6365      	.DB  0x6C,0x20,0x2D,0x20,0x43,0x68,0x65,0x63
00007f 206b
000080 6957
000081 6972
000082 676e      	.DB  0x6B,0x20,0x57,0x69,0x72,0x69,0x6E,0x67
000083 0d29
000084 000a      	.DB  0x29,0xD,0xA,0x0
                 __RESET:
000085 94f8      	CLI
                 
000086 27ee      	CLR  R30
000087 bbec      	OUT  EECR,R30
                 
                 ;INTERRUPT VECTORS ARE PLACED
                 ;AT THE START OF FLASH
000088 e0f1      	LDI  R31,1
000089 bff5      	OUT  MCUCR,R31
00008a bfe5      	OUT  MCUCR,R30
00008b 93e0 006c 	STS  XMCRB,R30
                 
                 ;CLEAR R2-R14
00008d e08d      	LDI  R24,(14-2)+1
00008e e0a2      	LDI  R26,2
00008f 27bb      	CLR  R27
                 __CLEAR_REG:
000090 93ed      	ST   X+,R30
000091 958a      	DEC  R24
000092 f7e9      	BRNE __CLEAR_REG
                 
                 ;CLEAR SRAM
000093 e080      	LDI  R24,LOW(__CLEAR_SRAM_SIZE)
000094 e190      	LDI  R25,HIGH(__CLEAR_SRAM_SIZE)
000095 e0a0      	LDI  R26,LOW(__SRAM_START)
000096 e0b1      	LDI  R27,HIGH(__SRAM_START)
                 __CLEAR_SRAM:
000097 93ed      	ST   X+,R30
000098 9701      	SBIW R24,1
000099 f7e9      	BRNE __CLEAR_SRAM
                 
00009a bf8b      	OUT  RAMPZ,R24
                 
                 ;HARDWARE STACK POINTER INITIALIZATION
00009b efef      	LDI  R30,LOW(__SRAM_END-__HEAP_SIZE)
00009c bfed      	OUT  SPL,R30
00009d e1e0      	LDI  R30,HIGH(__SRAM_END-__HEAP_SIZE)
00009e bfee      	OUT  SPH,R30
                 
                 ;DATA STACK POINTER INITIALIZATION
00009f e0c0      	LDI  R28,LOW(__SRAM_START+__DSTACK_SIZE)
0000a0 e0d5      	LDI  R29,HIGH(__SRAM_START+__DSTACK_SIZE)
                 
0000a1 940c 00e6 	JMP  _main
                 
                 	.ESEG
                 	.ORG 0x00
                 
                 	.DSEG
                 	.ORG 0x500
                 
                 	.CSEG
                 	#ifndef __SLEEP_DEFINED__
                 	#define __SLEEP_DEFINED__
                 	.EQU __se_bit=0x20
                 	.EQU __sm_mask=0x1C
                 	.EQU __sm_powerdown=0x10
                 	.EQU __sm_powersave=0x18
                 	.EQU __sm_standby=0x14
                 	.EQU __sm_ext_standby=0x1C
                 	.EQU __sm_adc_noise_red=0x08
                 	.SET power_ctrl_reg=mcucr
                 	#endif
                 ;void UART0_init(void) {
                 ; 0000 0013 void UART0_init(void) {
                 
                 	.CSEG
                 _UART0_init:
                 ; .FSTART _UART0_init
                 ; 0000 0014 UBRR0H = 0;
0000a3 e0e0      	LDI  R30,LOW(0)
0000a4 93e0 0090 	STS  144,R30
                 ; 0000 0015 UBRR0L = 103; // 9600bps @ 16MHz
0000a6 e6e7      	LDI  R30,LOW(103)
0000a7 b9e9      	OUT  0x9,R30
                 ; 0000 0016 UCSR0B = (1 << RXEN0) | (1 << TXEN0); // 수신, 송신 활성화
0000a8 e1e8      	LDI  R30,LOW(24)
0000a9 b9ea      	OUT  0xA,R30
                 ; 0000 0017 UCSR0C = (1 << UCSZ01) | (1 << UCSZ00); // 8-bit data, No parity, 1 stop bit
0000aa e0e6      	LDI  R30,LOW(6)
0000ab 93e0 0095 	STS  149,R30
                 ; 0000 0018 }
0000ad 9508      	RET
                 ; .FEND
                 ;void putchar_arv(char c) {
                 ; 0000 001F void putchar_arv(char c) {
                 ; 0000 0020 while (!(UCSR0A & (1 << UDRE0))); // 송신 버퍼 빌 때까지 대기
                 ;	c -> R17
                 ; 0000 0021 UDR0 = c;
                 ; 0000 0022 }
                 ;void TWI_init(void) {
                 ; 0000 0025 void TWI_init(void) {
                 _TWI_init:
                 ; .FSTART _TWI_init
                 ; 0000 0026 // 100kHz @ 16MHz
                 ; 0000 0027 TWSR = 0x00; // Prescaler = 1
0000ae e0e0      	LDI  R30,LOW(0)
0000af 93e0 0071 	STS  113,R30
                 ; 0000 0028 TWBR = 72;
0000b1 e4e8      	LDI  R30,LOW(72)
0000b2 93e0 0070 	STS  112,R30
                 ; 0000 0029 }
0000b4 9508      	RET
                 ; .FEND
                 ;void TWI_start(void) {
                 ; 0000 002B void TWI_start(void) {
                 _TWI_start:
                 ; .FSTART _TWI_start
                 ; 0000 002C TWCR = (1 << TWINT) | (1 << TWSTA) | (1 << TWEN);
0000b5 eae4      	LDI  R30,LOW(164)
0000b6 93e0 0074 	STS  116,R30
                 ; 0000 002D while (!(TWCR & (1 << TWINT)));
                 _0x6:
0000b8 91e0 0074 	LDS  R30,116
0000ba 78e0      	ANDI R30,LOW(0x80)
0000bb f3e1      	BREQ _0x6
                 ; 0000 002E }
0000bc 9508      	RET
                 ; .FEND
                 ;void TWI_stop(void) {
                 ; 0000 0030 void TWI_stop(void) {
                 _TWI_stop:
                 ; .FSTART _TWI_stop
                 ; 0000 0031 TWCR = (1 << TWINT) | (1 << TWSTO) | (1 << TWEN);
0000bd e9e4      	LDI  R30,LOW(148)
0000be 93e0 0074 	STS  116,R30
                 ; 0000 0032 }
0000c0 9508      	RET
                 ; .FEND
                 ;void TWI_write(uint8_t data) {
                 ; 0000 0034 void TWI_write(uint8_t data) {
                 _TWI_write:
                 ; .FSTART _TWI_write
                 ; 0000 0035 TWDR = data;
0000c1 931a      	ST   -Y,R17
0000c2 2f1a      	MOV  R17,R26
                 ;	data -> R17
0000c3 9310 0073 	STS  115,R17
                 ; 0000 0036 TWCR = (1 << TWINT) | (1 << TWEN);
0000c5 e8e4      	LDI  R30,LOW(132)
0000c6 93e0 0074 	STS  116,R30
                 ; 0000 0037 while (!(TWCR & (1 << TWINT)));
                 _0x9:
0000c8 91e0 0074 	LDS  R30,116
0000ca 78e0      	ANDI R30,LOW(0x80)
0000cb f3e1      	BREQ _0x9
                 ; 0000 0038 }
0000cc c017      	RJMP _0x2060001
                 ; .FEND
                 ;uint8_t TWI_read_nack(void) {
                 ; 0000 003A uint8_t TWI_read_nack(void) {
                 _TWI_read_nack:
                 ; .FSTART _TWI_read_nack
                 ; 0000 003B // 마지막 바이트 수신 후 NACK 전송
                 ; 0000 003C TWCR = (1 << TWINT) | (1 << TWEN);
0000cd e8e4      	LDI  R30,LOW(132)
0000ce 93e0 0074 	STS  116,R30
                 ; 0000 003D while (!(TWCR & (1 << TWINT)));
                 _0xC:
0000d0 91e0 0074 	LDS  R30,116
0000d2 78e0      	ANDI R30,LOW(0x80)
0000d3 f3e1      	BREQ _0xC
                 ; 0000 003E return TWDR;
0000d4 91e0 0073 	LDS  R30,115
0000d6 9508      	RET
                 ; 0000 003F }
                 ; .FEND
                 ;uint8_t MAX30102_ReadPartID() {
                 ; 0000 0042 uint8_t MAX30102_ReadPartID() {
                 _MAX30102_ReadPartID:
                 ; .FSTART _MAX30102_ReadPartID
                 ; 0000 0043 uint8_t part_id;
                 ; 0000 0044 
                 ; 0000 0045 TWI_start();
0000d7 931a      	ST   -Y,R17
                 ;	part_id -> R17
0000d8 dfdc      	RCALL _TWI_start
                 ; 0000 0046 TWI_write(MAX30102_ADDR_W);
0000d9 eaae      	LDI  R26,LOW(174)
0000da dfe6      	RCALL _TWI_write
                 ; 0000 0047 TWI_write(REG_PART_ID);
0000db efaf      	LDI  R26,LOW(255)
0000dc dfe4      	RCALL _TWI_write
                 ; 0000 0048 
                 ; 0000 0049 TWI_start(); // Repeated Start
0000dd dfd7      	RCALL _TWI_start
                 ; 0000 004A TWI_write(MAX30102_ADDR_R);
0000de eaaf      	LDI  R26,LOW(175)
0000df dfe1      	RCALL _TWI_write
                 ; 0000 004B 
                 ; 0000 004C part_id = TWI_read_nack();
0000e0 dfec      	RCALL _TWI_read_nack
0000e1 2f1e      	MOV  R17,R30
                 ; 0000 004D TWI_stop();
0000e2 dfda      	RCALL _TWI_stop
                 ; 0000 004E 
                 ; 0000 004F return part_id;
0000e3 2fe1      	MOV  R30,R17
                 _0x2060001:
0000e4 9119      	LD   R17,Y+
0000e5 9508      	RET
                 ; 0000 0050 }
                 ; .FEND
                 ;void main(void) {
                 ; 0000 0052 void main(void) {
                 _main:
                 ; .FSTART _main
                 ; 0000 0053 uint8_t id;
                 ; 0000 0054 
                 ; 0000 0055 // 초기화
                 ; 0000 0056 UART0_init();
                 ;	id -> R17
0000e6 dfbc      	RCALL _UART0_init
                 ; 0000 0057 TWI_init();
0000e7 dfc6      	RCALL _TWI_init
                 ; 0000 0058 
                 ; 0000 0059 // CodeVisionAVR에서는 전역 인터럽트 활성화가 필요한 경우가 있음 (I2C 라이브러리 사용 시)
                 ; 0000 005A // 직접 제어 방식이므로 여기선 필수 아님
                 ; 0000 005B 
                 ; 0000 005C delay_ms(1000); // 안정화 대기
0000e8 eea8      	LDI  R26,LOW(1000)
0000e9 e0b3      	LDI  R27,HIGH(1000)
0000ea d1e0      	RCALL _delay_ms
                 ; 0000 005D 
                 ; 0000 005E printf("System Start\r\n"); // \n 대신 \r\n 권장 (터미널 줄바꿈 호환성)
                +
0000eb e9ee     +LDI R30 , LOW ( 2 * _0x0 + ( 0 ) )
0000ec e0f0     +LDI R31 , HIGH ( 2 * _0x0 + ( 0 ) )
                 	__POINTW1FN _0x0,0
0000ed d19f      	RCALL SUBOPT_0x0
                 ; 0000 005F printf("Checking MAX30102 Connection...\r\n");
                +
0000ee eaed     +LDI R30 , LOW ( 2 * _0x0 + ( 15 ) )
0000ef e0f0     +LDI R31 , HIGH ( 2 * _0x0 + ( 15 ) )
                 	__POINTW1FN _0x0,15
0000f0 d19c      	RCALL SUBOPT_0x0
                 ; 0000 0060 
                 ; 0000 0061 while (1) {
                 _0xF:
                 ; 0000 0062 id = MAX30102_ReadPartID();
0000f1 dfe5      	RCALL _MAX30102_ReadPartID
0000f2 2f1e      	MOV  R17,R30
                 ; 0000 0063 
                 ; 0000 0064 printf("Read Part ID: 0x%02X ", id);
                +
0000f3 ecef     +LDI R30 , LOW ( 2 * _0x0 + ( 49 ) )
0000f4 e0f0     +LDI R31 , HIGH ( 2 * _0x0 + ( 49 ) )
                 	__POINTW1FN _0x0,49
0000f5 93fa      	ST   -Y,R31
0000f6 93ea      	ST   -Y,R30
0000f7 2fe1      	MOV  R30,R17
0000f8 27ff      	CLR  R31
0000f9 2766      	CLR  R22
0000fa 2777      	CLR  R23
0000fb d1ca      	RCALL __PUTPARD1
0000fc e084      	LDI  R24,4
0000fd d14f      	RCALL _printf
0000fe 9626      	ADIW R28,6
                 ; 0000 0065 
                 ; 0000 0066 if (id == 0x15) {
0000ff 3115      	CPI  R17,21
000100 f419      	BRNE _0x12
                 ; 0000 0067 printf("(Success!)\r\n");
                +
000101 eee5     +LDI R30 , LOW ( 2 * _0x0 + ( 71 ) )
000102 e0f0     +LDI R31 , HIGH ( 2 * _0x0 + ( 71 ) )
                 	__POINTW1FN _0x0,71
000103 c002      	RJMP _0x15
                 ; 0000 0068 } else {
                 _0x12:
                 ; 0000 0069 printf("(Fail - Check Wiring)\r\n");
                +
000104 efe2     +LDI R30 , LOW ( 2 * _0x0 + ( 84 ) )
000105 e0f0     +LDI R31 , HIGH ( 2 * _0x0 + ( 84 ) )
                 	__POINTW1FN _0x0,84
                 _0x15:
000106 93fa      	ST   -Y,R31
000107 93ea      	ST   -Y,R30
000108 e080      	LDI  R24,0
000109 d143      	RCALL _printf
00010a 9622      	ADIW R28,2
                 ; 0000 006A }
                 ; 0000 006B 
                 ; 0000 006C delay_ms(1000);
00010b eea8      	LDI  R26,LOW(1000)
00010c e0b3      	LDI  R27,HIGH(1000)
00010d d1bd      	RCALL _delay_ms
                 ; 0000 006D }
00010e cfe2      	RJMP _0xF
                 ; 0000 006E }
                 _0x14:
00010f cfff      	RJMP _0x14
                 ; .FEND
                 	#ifndef __SLEEP_DEFINED__
                 	#endif
                 
                 	.CSEG
                 _putchar:
                 ; .FSTART _putchar
000110 93aa      	ST   -Y,R26
                 putchar0:
000111 9b5d           sbis usr,udre
000112 cffe           rjmp putchar0
000113 81e8           ld   r30,y
000114 b9ec           out  udr,r30
000115 9621      	ADIW R28,1
000116 9508      	RET
                 ; .FEND
                 _put_usart_G100:
                 ; .FSTART _put_usart_G100
000117 d19a      	RCALL __SAVELOCR4
000118 018d      	MOVW R16,R26
000119 813c      	LDD  R19,Y+4
00011a 2fa3      	MOV  R26,R19
00011b dff4      	RCALL _putchar
00011c 01d8      	MOVW R26,R16
00011d 91ed      	LD   R30,X+
00011e 91fd      	LD   R31,X+
00011f 9631      	ADIW R30,1
000120 93fe      	ST   -X,R31
000121 93ee      	ST   -X,R30
000122 d196      	RCALL __LOADLOCR4
000123 9625      	ADIW R28,5
000124 9508      	RET
                 ; .FEND
                 __print_G100:
                 ; .FSTART __print_G100
000125 93ba      	ST   -Y,R27
000126 93aa      	ST   -Y,R26
000127 9726      	SBIW R28,6
000128 d187      	RCALL __SAVELOCR6
000129 e010      	LDI  R17,0
00012a 85ac      	LDD  R26,Y+12
00012b 85bd      	LDD  R27,Y+12+1
00012c e0e0      	LDI  R30,LOW(0)
00012d e0f0      	LDI  R31,HIGH(0)
00012e 93ed      	ST   X+,R30
00012f 93fc      	ST   X,R31
                 _0x2000016:
000130 89ea      	LDD  R30,Y+18
000131 89fb      	LDD  R31,Y+18+1
000132 9631      	ADIW R30,1
000133 8bea      	STD  Y+18,R30
000134 8bfb      	STD  Y+18+1,R31
000135 9731      	SBIW R30,1
000136 91e4      	LPM  R30,Z
000137 2f2e      	MOV  R18,R30
000138 30e0      	CPI  R30,0
000139 f409      	BRNE PC+2
00013a c10b      	RJMP _0x2000018
00013b 2fe1      	MOV  R30,R17
00013c 30e0      	CPI  R30,0
00013d f431      	BRNE _0x200001C
00013e 3225      	CPI  R18,37
00013f f411      	BRNE _0x200001D
000140 e011      	LDI  R17,LOW(1)
000141 c001      	RJMP _0x200001E
                 _0x200001D:
000142 d150      	RCALL SUBOPT_0x1
                 _0x200001E:
000143 c101      	RJMP _0x200001B
                 _0x200001C:
000144 30e1      	CPI  R30,LOW(0x1)
000145 f4a1      	BRNE _0x200001F
000146 3225      	CPI  R18,37
000147 f411      	BRNE _0x2000020
000148 d14a      	RCALL SUBOPT_0x1
000149 c0fa      	RJMP _0x20000CC
                 _0x2000020:
00014a e012      	LDI  R17,LOW(2)
00014b e040      	LDI  R20,LOW(0)
00014c e000      	LDI  R16,LOW(0)
00014d 322d      	CPI  R18,45
00014e f411      	BRNE _0x2000021
00014f e001      	LDI  R16,LOW(1)
000150 c0f4      	RJMP _0x200001B
                 _0x2000021:
000151 322b      	CPI  R18,43
000152 f411      	BRNE _0x2000022
000153 e24b      	LDI  R20,LOW(43)
000154 c0f0      	RJMP _0x200001B
                 _0x2000022:
000155 3220      	CPI  R18,32
000156 f411      	BRNE _0x2000023
000157 e240      	LDI  R20,LOW(32)
000158 c0ec      	RJMP _0x200001B
                 _0x2000023:
000159 c002      	RJMP _0x2000024
                 _0x200001F:
00015a 30e2      	CPI  R30,LOW(0x2)
00015b f439      	BRNE _0x2000025
                 _0x2000024:
00015c e050      	LDI  R21,LOW(0)
00015d e013      	LDI  R17,LOW(3)
00015e 3320      	CPI  R18,48
00015f f411      	BRNE _0x2000026
000160 6800      	ORI  R16,LOW(128)
000161 c0e3      	RJMP _0x200001B
                 _0x2000026:
000162 c003      	RJMP _0x2000027
                 _0x2000025:
000163 30e3      	CPI  R30,LOW(0x3)
000164 f009      	BREQ PC+2
000165 c0df      	RJMP _0x200001B
                 _0x2000027:
000166 3320      	CPI  R18,48
000167 f010      	BRLO _0x200002A
000168 332a      	CPI  R18,58
000169 f008      	BRLO _0x200002B
                 _0x200002A:
00016a c007      	RJMP _0x2000029
                 _0x200002B:
00016b e0aa      	LDI  R26,LOW(10)
00016c 9f5a      	MUL  R21,R26
00016d 2d50      	MOV  R21,R0
00016e 2fe2      	MOV  R30,R18
00016f 53e0      	SUBI R30,LOW(48)
000170 0f5e      	ADD  R21,R30
000171 c0d3      	RJMP _0x200001B
                 _0x2000029:
000172 2fe2      	MOV  R30,R18
000173 36e3      	CPI  R30,LOW(0x63)
000174 f439      	BRNE _0x200002F
000175 d124      	RCALL SUBOPT_0x2
000176 89e8      	LDD  R30,Y+16
000177 89f9      	LDD  R31,Y+16+1
000178 81a4      	LDD  R26,Z+4
000179 93aa      	ST   -Y,R26
00017a d125      	RCALL SUBOPT_0x3
00017b c0c8      	RJMP _0x2000030
                 _0x200002F:
00017c 37e3      	CPI  R30,LOW(0x73)
00017d f429      	BRNE _0x2000032
00017e d11b      	RCALL SUBOPT_0x2
00017f d126      	RCALL SUBOPT_0x4
000180 d0f3      	RCALL _strlen
000181 2f1e      	MOV  R17,R30
000182 c007      	RJMP _0x2000033
                 _0x2000032:
000183 37e0      	CPI  R30,LOW(0x70)
000184 f449      	BRNE _0x2000035
000185 d114      	RCALL SUBOPT_0x2
000186 d11f      	RCALL SUBOPT_0x4
000187 d0f8      	RCALL _strlenf
000188 2f1e      	MOV  R17,R30
000189 6008      	ORI  R16,LOW(8)
                 _0x2000033:
00018a 6002      	ORI  R16,LOW(2)
00018b 770f      	ANDI R16,LOW(127)
00018c e030      	LDI  R19,LOW(0)
00018d c03a      	RJMP _0x2000036
                 _0x2000035:
00018e 36e4      	CPI  R30,LOW(0x64)
00018f f011      	BREQ _0x2000039
000190 36e9      	CPI  R30,LOW(0x69)
000191 f411      	BRNE _0x200003A
                 _0x2000039:
000192 6004      	ORI  R16,LOW(4)
000193 c002      	RJMP _0x200003B
                 _0x200003A:
000194 37e5      	CPI  R30,LOW(0x75)
000195 f431      	BRNE _0x200003C
                 _0x200003B:
000196 e8ec      	LDI  R30,LOW(_tbl10_G100*2)
000197 e0f0      	LDI  R31,HIGH(_tbl10_G100*2)
000198 83ee      	STD  Y+6,R30
000199 83ff      	STD  Y+6+1,R31
00019a e015      	LDI  R17,LOW(5)
00019b c00c      	RJMP _0x200003D
                 _0x200003C:
00019c 35e8      	CPI  R30,LOW(0x58)
00019d f411      	BRNE _0x200003F
00019e 6008      	ORI  R16,LOW(8)
00019f c003      	RJMP _0x2000040
                 _0x200003F:
0001a0 37e8      	CPI  R30,LOW(0x78)
0001a1 f009      	BREQ PC+2
0001a2 c0a1      	RJMP _0x2000071
                 _0x2000040:
0001a3 e9e6      	LDI  R30,LOW(_tbl16_G100*2)
0001a4 e0f0      	LDI  R31,HIGH(_tbl16_G100*2)
0001a5 83ee      	STD  Y+6,R30
0001a6 83ff      	STD  Y+6+1,R31
0001a7 e014      	LDI  R17,LOW(4)
                 _0x200003D:
0001a8 ff02      	SBRS R16,2
0001a9 c015      	RJMP _0x2000042
0001aa d0ef      	RCALL SUBOPT_0x2
0001ab 89a8      	LDD  R26,Y+16
0001ac 89b9      	LDD  R27,Y+16+1
0001ad 9614      	ADIW R26,4
0001ae 91ed      	LD   R30,X+
0001af 91fd      	LD   R31,X+
0001b0 87ea      	STD  Y+10,R30
0001b1 87fb      	STD  Y+10+1,R31
0001b2 85ab      	LDD  R26,Y+11
0001b3 23aa      	TST  R26
0001b4 f422      	BRPL _0x2000043
0001b5 d108      	RCALL __ANEGW1
0001b6 87ea      	STD  Y+10,R30
0001b7 87fb      	STD  Y+10+1,R31
0001b8 e24d      	LDI  R20,LOW(45)
                 _0x2000043:
0001b9 3040      	CPI  R20,0
0001ba f011      	BREQ _0x2000044
0001bb 5f1f      	SUBI R17,-LOW(1)
0001bc c001      	RJMP _0x2000045
                 _0x2000044:
0001bd 7f0b      	ANDI R16,LOW(251)
                 _0x2000045:
0001be c009      	RJMP _0x2000046
                 _0x2000042:
0001bf d0da      	RCALL SUBOPT_0x2
0001c0 89a8      	LDD  R26,Y+16
0001c1 89b9      	LDD  R27,Y+16+1
0001c2 9614      	ADIW R26,4
                +
0001c3 91ed     +LD R30 , X +
0001c4 91fc     +LD R31 , X
0001c5 9711     +SBIW R26 , 1
                 	__GETW1P
0001c6 87ea      	STD  Y+10,R30
0001c7 87fb      	STD  Y+10+1,R31
                 _0x2000046:
                 _0x2000036:
0001c8 fd00      	SBRC R16,0
0001c9 c010      	RJMP _0x2000047
                 _0x2000048:
0001ca 1715      	CP   R17,R21
0001cb f470      	BRSH _0x200004A
0001cc ff07      	SBRS R16,7
0001cd c008      	RJMP _0x200004B
0001ce ff02      	SBRS R16,2
0001cf c004      	RJMP _0x200004C
0001d0 7f0b      	ANDI R16,LOW(251)
0001d1 2f24      	MOV  R18,R20
0001d2 5011      	SUBI R17,LOW(1)
0001d3 c001      	RJMP _0x200004D
                 _0x200004C:
0001d4 e320      	LDI  R18,LOW(48)
                 _0x200004D:
0001d5 c001      	RJMP _0x200004E
                 _0x200004B:
0001d6 e220      	LDI  R18,LOW(32)
                 _0x200004E:
0001d7 d0bb      	RCALL SUBOPT_0x1
0001d8 5051      	SUBI R21,LOW(1)
0001d9 cff0      	RJMP _0x2000048
                 _0x200004A:
                 _0x2000047:
0001da 2f31      	MOV  R19,R17
0001db ff01      	SBRS R16,1
0001dc c016      	RJMP _0x200004F
                 _0x2000050:
0001dd 3030      	CPI  R19,0
0001de f099      	BREQ _0x2000052
0001df ff03      	SBRS R16,3
0001e0 c006      	RJMP _0x2000053
0001e1 81ee      	LDD  R30,Y+6
0001e2 81ff      	LDD  R31,Y+6+1
0001e3 9125      	LPM  R18,Z+
0001e4 83ee      	STD  Y+6,R30
0001e5 83ff      	STD  Y+6+1,R31
0001e6 c005      	RJMP _0x2000054
                 _0x2000053:
0001e7 81ae      	LDD  R26,Y+6
0001e8 81bf      	LDD  R27,Y+6+1
0001e9 912d      	LD   R18,X+
0001ea 83ae      	STD  Y+6,R26
0001eb 83bf      	STD  Y+6+1,R27
                 _0x2000054:
0001ec d0a6      	RCALL SUBOPT_0x1
0001ed 3050      	CPI  R21,0
0001ee f009      	BREQ _0x2000055
0001ef 5051      	SUBI R21,LOW(1)
                 _0x2000055:
0001f0 5031      	SUBI R19,LOW(1)
0001f1 cfeb      	RJMP _0x2000050
                 _0x2000052:
0001f2 c048      	RJMP _0x2000056
                 _0x200004F:
                 _0x2000058:
0001f3 e320      	LDI  R18,LOW(48)
0001f4 81ee      	LDD  R30,Y+6
0001f5 81ff      	LDD  R31,Y+6+1
0001f6 d0cb      	RCALL __GETW1PF
0001f7 87e8      	STD  Y+8,R30
0001f8 87f9      	STD  Y+8+1,R31
0001f9 81ee      	LDD  R30,Y+6
0001fa 81ff      	LDD  R31,Y+6+1
0001fb 9632      	ADIW R30,2
0001fc 83ee      	STD  Y+6,R30
0001fd 83ff      	STD  Y+6+1,R31
                 _0x200005A:
0001fe 85e8      	LDD  R30,Y+8
0001ff 85f9      	LDD  R31,Y+8+1
000200 85aa      	LDD  R26,Y+10
000201 85bb      	LDD  R27,Y+10+1
000202 17ae      	CP   R26,R30
000203 07bf      	CPC  R27,R31
000204 f050      	BRLO _0x200005C
000205 5f2f      	SUBI R18,-LOW(1)
000206 85a8      	LDD  R26,Y+8
000207 85b9      	LDD  R27,Y+8+1
000208 85ea      	LDD  R30,Y+10
000209 85fb      	LDD  R31,Y+10+1
00020a 1bea      	SUB  R30,R26
00020b 0bfb      	SBC  R31,R27
00020c 87ea      	STD  Y+10,R30
00020d 87fb      	STD  Y+10+1,R31
00020e cfef      	RJMP _0x200005A
                 _0x200005C:
00020f 332a      	CPI  R18,58
000210 f028      	BRLO _0x200005D
000211 ff03      	SBRS R16,3
000212 c002      	RJMP _0x200005E
000213 5f29      	SUBI R18,-LOW(7)
000214 c001      	RJMP _0x200005F
                 _0x200005E:
000215 5d29      	SUBI R18,-LOW(39)
                 _0x200005F:
                 _0x200005D:
000216 fd04      	SBRC R16,4
000217 c019      	RJMP _0x2000061
000218 3321      	CPI  R18,49
000219 f420      	BRSH _0x2000063
00021a 85a8      	LDD  R26,Y+8
00021b 85b9      	LDD  R27,Y+8+1
00021c 9711      	SBIW R26,1
00021d f409      	BRNE _0x2000062
                 _0x2000063:
00021e c009      	RJMP _0x20000CD
                 _0x2000062:
00021f 1753      	CP   R21,R19
000220 f010      	BRLO _0x2000067
000221 ff00      	SBRS R16,0
000222 c001      	RJMP _0x2000068
                 _0x2000067:
000223 c011      	RJMP _0x2000066
                 _0x2000068:
000224 e220      	LDI  R18,LOW(32)
000225 ff07      	SBRS R16,7
000226 c00a      	RJMP _0x2000069
000227 e320      	LDI  R18,LOW(48)
                 _0x20000CD:
000228 6100      	ORI  R16,LOW(16)
000229 ff02      	SBRS R16,2
00022a c006      	RJMP _0x200006A
00022b 7f0b      	ANDI R16,LOW(251)
00022c 934a      	ST   -Y,R20
00022d d072      	RCALL SUBOPT_0x3
00022e 3050      	CPI  R21,0
00022f f009      	BREQ _0x200006B
000230 5051      	SUBI R21,LOW(1)
                 _0x200006B:
                 _0x200006A:
                 _0x2000069:
                 _0x2000061:
000231 d061      	RCALL SUBOPT_0x1
000232 3050      	CPI  R21,0
000233 f009      	BREQ _0x200006C
000234 5051      	SUBI R21,LOW(1)
                 _0x200006C:
                 _0x2000066:
000235 5031      	SUBI R19,LOW(1)
000236 85a8      	LDD  R26,Y+8
000237 85b9      	LDD  R27,Y+8+1
000238 9712      	SBIW R26,2
000239 f008      	BRLO _0x2000059
00023a cfb8      	RJMP _0x2000058
                 _0x2000059:
                 _0x2000056:
00023b ff00      	SBRS R16,0
00023c c007      	RJMP _0x200006D
                 _0x200006E:
00023d 3050      	CPI  R21,0
00023e f029      	BREQ _0x2000070
00023f 5051      	SUBI R21,LOW(1)
000240 e2e0      	LDI  R30,LOW(32)
000241 93ea      	ST   -Y,R30
000242 d05d      	RCALL SUBOPT_0x3
000243 cff9      	RJMP _0x200006E
                 _0x2000070:
                 _0x200006D:
                 _0x2000071:
                 _0x2000030:
                 _0x20000CC:
000244 e010      	LDI  R17,LOW(0)
                 _0x200001B:
000245 ceea      	RJMP _0x2000016
                 _0x2000018:
000246 85ac      	LDD  R26,Y+12
000247 85bd      	LDD  R27,Y+12+1
000248 91ed      	LD   R30,X+
000249 91fd      	LD   R31,X+
00024a d06c      	RCALL __LOADLOCR6
00024b 9664      	ADIW R28,20
00024c 9508      	RET
                 ; .FEND
                 _printf:
                 ; .FSTART _printf
00024d 92ff      	PUSH R15
00024e 2ef8      	MOV  R15,R24
00024f 9726      	SBIW R28,6
000250 931a      	ST   -Y,R17
000251 930a      	ST   -Y,R16
000252 01de      	MOVW R26,R28
000253 9614      	ADIW R26,4
                +
000254 2400     +CLR R0
000255 0daf     +ADD R26 , R15
000256 1db0     +ADC R27 , R0
                 	__ADDW2R15
000257 018d      	MOVW R16,R26
000258 e0e0      	LDI  R30,LOW(0)
000259 83ec      	STD  Y+4,R30
00025a 83ed      	STD  Y+4+1,R30
00025b 83ee      	STD  Y+6,R30
00025c 83ef      	STD  Y+6+1,R30
00025d 01de      	MOVW R26,R28
00025e 9618      	ADIW R26,8
                +
00025f 2400     +CLR R0
000260 0daf     +ADD R26 , R15
000261 1db0     +ADC R27 , R0
                 	__ADDW2R15
000262 91ed      	LD   R30,X+
000263 91fd      	LD   R31,X+
000264 93fa      	ST   -Y,R31
000265 93ea      	ST   -Y,R30
000266 931a      	ST   -Y,R17
000267 930a      	ST   -Y,R16
000268 e1e7      	LDI  R30,LOW(_put_usart_G100)
000269 e0f1      	LDI  R31,HIGH(_put_usart_G100)
00026a 93fa      	ST   -Y,R31
00026b 93ea      	ST   -Y,R30
00026c 01de      	MOVW R26,R28
00026d 9618      	ADIW R26,8
00026e deb6      	RCALL __print_G100
00026f 8119      	LDD  R17,Y+1
000270 8108      	LDD  R16,Y+0
000271 9628      	ADIW R28,8
000272 90ff      	POP  R15
000273 9508      	RET
                 ; .FEND
                 
                 	.CSEG
                 
                 	.CSEG
                 _strlen:
                 ; .FSTART _strlen
000274 93ba      	ST   -Y,R27
000275 93aa      	ST   -Y,R26
000276 91a9          ld   r26,y+
000277 91b9          ld   r27,y+
000278 27ee          clr  r30
000279 27ff          clr  r31
                 strlen0:
00027a 916d          ld   r22,x+
00027b 2366          tst  r22
00027c f011          breq strlen1
00027d 9631          adiw r30,1
00027e cffb          rjmp strlen0
                 strlen1:
00027f 9508          ret
                 ; .FEND
                 _strlenf:
                 ; .FSTART _strlenf
000280 93ba      	ST   -Y,R27
000281 93aa      	ST   -Y,R26
000282 27aa          clr  r26
000283 27bb          clr  r27
000284 91e9          ld   r30,y+
000285 91f9          ld   r31,y+
                 strlenf0:
000286 9005      	lpm  r0,z+
000287 2000          tst  r0
000288 f011          breq strlenf1
000289 9611          adiw r26,1
00028a cffb          rjmp strlenf0
                 strlenf1:
00028b 01fd          movw r30,r26
00028c 9508          ret
                 ; .FEND
                 
                 	.CSEG
                 ;OPTIMIZER ADDED SUBROUTINE, CALLED 2 TIMES, CODE SIZE REDUCTION:2 WORDS
                 SUBOPT_0x0:
00028d 93fa      	ST   -Y,R31
00028e 93ea      	ST   -Y,R30
00028f e080      	LDI  R24,0
000290 dfbc      	RCALL _printf
000291 9622      	ADIW R28,2
000292 9508      	RET
                 
                 ;OPTIMIZER ADDED SUBROUTINE, CALLED 5 TIMES, CODE SIZE REDUCTION:18 WORDS
                 SUBOPT_0x1:
000293 932a      	ST   -Y,R18
000294 85ad      	LDD  R26,Y+13
000295 85be      	LDD  R27,Y+13+1
000296 85ef      	LDD  R30,Y+15
000297 89f8      	LDD  R31,Y+15+1
000298 9509      	ICALL
000299 9508      	RET
                 
                 ;OPTIMIZER ADDED SUBROUTINE, CALLED 5 TIMES, CODE SIZE REDUCTION:14 WORDS
                 SUBOPT_0x2:
00029a 89e8      	LDD  R30,Y+16
00029b 89f9      	LDD  R31,Y+16+1
00029c 9734      	SBIW R30,4
00029d 8be8      	STD  Y+16,R30
00029e 8bf9      	STD  Y+16+1,R31
00029f 9508      	RET
                 
                 ;OPTIMIZER ADDED SUBROUTINE, CALLED 3 TIMES, CODE SIZE REDUCTION:6 WORDS
                 SUBOPT_0x3:
0002a0 85ad      	LDD  R26,Y+13
0002a1 85be      	LDD  R27,Y+13+1
0002a2 85ef      	LDD  R30,Y+15
0002a3 89f8      	LDD  R31,Y+15+1
0002a4 9509      	ICALL
0002a5 9508      	RET
                 
                 ;OPTIMIZER ADDED SUBROUTINE, CALLED 2 TIMES, CODE SIZE REDUCTION:6 WORDS
                 SUBOPT_0x4:
0002a6 89a8      	LDD  R26,Y+16
0002a7 89b9      	LDD  R27,Y+16+1
0002a8 9614      	ADIW R26,4
0002a9 91ed      	LD   R30,X+
0002aa 91fd      	LD   R31,X+
0002ab 83ee      	STD  Y+6,R30
0002ac 83ff      	STD  Y+6+1,R31
0002ad 81ae      	LDD  R26,Y+6
0002ae 81bf      	LDD  R27,Y+6+1
0002af 9508      	RET
                 
                 ;RUNTIME LIBRARY
                 
                 	.CSEG
                 __SAVELOCR6:
0002b0 935a      	ST   -Y,R21
                 __SAVELOCR5:
0002b1 934a      	ST   -Y,R20
                 __SAVELOCR4:
0002b2 933a      	ST   -Y,R19
                 __SAVELOCR3:
0002b3 932a      	ST   -Y,R18
                 __SAVELOCR2:
0002b4 931a      	ST   -Y,R17
0002b5 930a      	ST   -Y,R16
0002b6 9508      	RET
                 
                 __LOADLOCR6:
0002b7 815d      	LDD  R21,Y+5
                 __LOADLOCR5:
0002b8 814c      	LDD  R20,Y+4
                 __LOADLOCR4:
0002b9 813b      	LDD  R19,Y+3
                 __LOADLOCR3:
0002ba 812a      	LDD  R18,Y+2
                 __LOADLOCR2:
0002bb 8119      	LDD  R17,Y+1
0002bc 8108      	LD   R16,Y
0002bd 9508      	RET
                 
                 __ANEGW1:
0002be 95f1      	NEG  R31
0002bf 95e1      	NEG  R30
0002c0 40f0      	SBCI R31,0
0002c1 9508      	RET
                 
                 __GETW1PF:
0002c2 9005      	LPM  R0,Z+
0002c3 91f4      	LPM  R31,Z
0002c4 2de0      	MOV  R30,R0
0002c5 9508      	RET
                 
                 __PUTPARD1:
0002c6 937a      	ST   -Y,R23
0002c7 936a      	ST   -Y,R22
0002c8 93fa      	ST   -Y,R31
0002c9 93ea      	ST   -Y,R30
0002ca 9508      	RET
                 
                 _delay_ms:
0002cb 9610      	adiw r26,0
0002cc f039      	breq __delay_ms1
                 __delay_ms0:
0002cd 95a8      	wdr
                +
0002ce ea80     +LDI R24 , LOW ( 0xFA0 )
0002cf e09f     +LDI R25 , HIGH ( 0xFA0 )
                +__DELAY_USW_LOOP :
0002d0 9701     +SBIW R24 , 1
0002d1 f7f1     +BRNE __DELAY_USW_LOOP
                 	__DELAY_USW 0xFA0
0002d2 9711      	sbiw r26,1
0002d3 f7c9      	brne __delay_ms0
                 __delay_ms1:
0002d4 9508      	ret
                 
                 ;END OF CODE MARKER
                 __END_OF_CODE:


RESOURCE USE INFORMATION
------------------------

Notice:
The register and instruction counts are symbol table hit counts,
and hence implicitly used resources are not counted, eg, the
'lpm' instruction without operands implicitly uses r0 and z,
none of which are counted.

x,y,z are separate entities in the symbol table and are
counted separately from r26..r31 here.

.dseg memory usage only counts static data declared with .byte

ATmega128A register use summary:
r0 :   9 r1 :   0 r2 :   0 r3 :   0 r4 :   0 r5 :   0 r6 :   0 r7 :   0 
r8 :   0 r9 :   0 r10:   0 r11:   0 r12:   0 r13:   0 r14:   0 r15:   5 
r16:  32 r17:  29 r18:  27 r19:  10 r20:   9 r21:  17 r22:   4 r23:   2 
r24:  11 r25:   2 r26:  58 r27:  27 r28:  13 r29:   1 r30: 130 r31:  55 
x  :  20 y  : 129 z  :   6 
Registers used: 21 out of 35 (60.0%)

ATmega128A instruction use summary:
.lds  :   0 .lds.l:   0 .sts  :   0 .sts.l:   0 adc   :   2 add   :   3 
adiw  :  19 and   :   0 andi  :   7 asr   :   0 bclr  :   0 bld   :   0 
brbc  :   0 brbs  :   0 brcc  :   0 brcs  :   0 break :   0 breq  :  15 
brge  :   0 brhc  :   0 brhs  :   0 brid  :   0 brie  :   0 brlo  :   6 
brlt  :   0 brmi  :   0 brne  :  22 brpl  :   1 brsh  :   2 brtc  :   0 
brts  :   0 brvc  :   0 brvs  :   0 bset  :   0 bst   :   0 call  :   0 
cbi   :   0 cbr   :   0 clc   :   0 clh   :   0 cli   :   1 cln   :   0 
clr   :  11 cls   :   0 clt   :   0 clv   :   0 clz   :   0 com   :   0 
cp    :   3 cpc   :   1 cpi   :  30 cpse  :   0 dec   :   1 des   :   0 
elpm  :   0 eor   :   0 fmul  :   0 fmuls :   0 fmulsu:   0 icall :   2 
ijmp  :   0 in    :   0 inc   :   0 jmp   :  36 ld    :  21 ldd   :  56 
ldi   :  74 lds   :   4 lpm   :   7 lsl   :   0 lsr   :   0 mov   :  17 
movw  :   7 mul   :   1 muls  :   0 mulsu :   0 neg   :   2 nop   :   0 
or    :   0 ori   :   6 out   :   9 pop   :   1 push  :   1 rcall :  43 
ret   :  23 reti  :   0 rjmp  :  54 rol   :   0 ror   :   0 sbc   :   1 
sbci  :   1 sbi   :   0 sbic  :   0 sbis  :   1 sbiw  :  10 sbr   :   0 
sbrc  :   2 sbrs  :  10 sec   :   0 seh   :   0 sei   :   0 sen   :   0 
ser   :   0 ses   :   0 set   :   0 sev   :   0 sez   :   0 sleep :   0 
spm   :   0 st    :  43 std   :  30 sts   :  10 sub   :   1 subi  :  13 
swap  :   0 tst   :   3 wdr   :   1 
Instructions used: 46 out of 117 (39.3%)

ATmega128A memory use summary [bytes]:
Segment   Begin    End      Code   Data   Used    Size   Use%
---------------------------------------------------------------
[.cseg] 0x000000 0x0005aa   1324    126   1450  131072   1.1%
[.dseg] 0x000100 0x000500      0      0      0    4096   0.0%
[.eseg] 0x000000 0x000000      0      0      0    4096   0.0%

Assembly complete, 0 errors, 0 warnings
