
AVRASM ver. 2.1.30  C:\working_dir\mircoprocessor\max30102\Debug\List\fifo.asm Sat Nov 22 17:31:14 2025

                 
                 
                 ;CodeVisionAVR C Compiler V4.05 Evaluation
                 ;(C) Copyright 1998-2025 Pavel Haiduc, HP InfoTech S.R.L.
                 ;http://www.hpinfotech.ro
                 
                 ;Build configuration    : Debug
                 ;Chip type              : ATmega128A
                 ;Program type           : Application
                 ;Clock frequency        : 16.000000 MHz
                 ;Memory model           : Small
                 ;Optimize for           : Size
                 ;(s)printf features     : long, width, precision
                 ;(s)scanf features      : int, width
                 ;External RAM size      : 0
                 ;Data Stack size        : 1024 byte(s)
                 ;Heap size              : 0 byte(s)
                 ;Promote 'char' to 'int': Yes
                 ;'char' is unsigned     : Yes
                 ;8 bit enums            : Yes
                 ;Global 'const' stored in FLASH: Yes
                 ;Enhanced function parameter passing: Mode 2
                 ;Enhanced core instructions: On
                 ;Automatic register allocation for global variables: On
                 ;Smart register allocation: On
                 
                 	#define _MODEL_SMALL_
                 
                 	#pragma AVRPART ADMIN PART_NAME ATmega128A
                 	#pragma AVRPART MEMORY PROG_FLASH 131072
                 	#pragma AVRPART MEMORY EEPROM 4096
                 	#pragma AVRPART MEMORY INT_SRAM SIZE 4096
                 	#pragma AVRPART MEMORY INT_SRAM START_ADDR 0x100
                 
                 	#define CALL_SUPPORTED 1
                 
                 	.LISTMAC
                 
                 	.EQU UDRE=0x5
                 	.EQU RXC=0x7
                 	.EQU USR=0xB
                 	.EQU UDR=0xC
                 	.EQU SPSR=0xE
                 	.EQU SPDR=0xF
                 	.EQU EERE=0x0
                 	.EQU EEWE=0x1
                 	.EQU EEMWE=0x2
                 	.EQU EECR=0x1C
                 	.EQU EEDR=0x1D
                 	.EQU EEARL=0x1E
                 	.EQU EEARH=0x1F
                 	.EQU WDTCR=0x21
                 	.EQU MCUCR=0x35
                 	.EQU SPMCSR=0x68
                 	.EQU RAMPZ=0x3B
                 	.EQU SPL=0x3D
                 	.EQU SPH=0x3E
                 	.EQU SREG=0x3F
                 	.EQU XMCRA=0x6D
                 	.EQU XMCRB=0x6C
                 
                 	.DEF R0X0=R0
                 	.DEF R0X1=R1
                 	.DEF R0X2=R2
                 	.DEF R0X3=R3
                 	.DEF R0X4=R4
                 	.DEF R0X5=R5
                 	.DEF R0X6=R6
                 	.DEF R0X7=R7
                 	.DEF R0X8=R8
                 	.DEF R0X9=R9
                 	.DEF R0XA=R10
                 	.DEF R0XB=R11
                 	.DEF R0XC=R12
                 	.DEF R0XD=R13
                 	.DEF R0XE=R14
                 	.DEF R0XF=R15
                 	.DEF R0X10=R16
                 	.DEF R0X11=R17
                 	.DEF R0X12=R18
                 	.DEF R0X13=R19
                 	.DEF R0X14=R20
                 	.DEF R0X15=R21
                 	.DEF R0X16=R22
                 	.DEF R0X17=R23
                 	.DEF R0X18=R24
                 	.DEF R0X19=R25
                 	.DEF R0X1A=R26
                 	.DEF R0X1B=R27
                 	.DEF R0X1C=R28
                 	.DEF R0X1D=R29
                 	.DEF R0X1E=R30
                 	.DEF R0X1F=R31
                 
                 	.EQU __SRAM_START=0x0100
                 	.EQU __SRAM_END=0x10FF
                 	.EQU __DSTACK_SIZE=0x0400
                 	.EQU __HEAP_SIZE=0x0000
                 	.EQU __CLEAR_SRAM_SIZE=__SRAM_END-__SRAM_START+1
                 
                 	.EQU __FLASH_PAGE_SIZE=0x80
                 
                 	.MACRO __CPD1N
                 	CPI  R30,LOW(@0)
                 	LDI  R26,HIGH(@0)
                 	CPC  R31,R26
                 	LDI  R26,BYTE3(@0)
                 	CPC  R22,R26
                 	LDI  R26,BYTE4(@0)
                 	CPC  R23,R26
                 	.ENDM
                 
                 	.MACRO __CPD2N
                 	CPI  R26,LOW(@0)
                 	LDI  R30,HIGH(@0)
                 	CPC  R27,R30
                 	LDI  R30,BYTE3(@0)
                 	CPC  R24,R30
                 	LDI  R30,BYTE4(@0)
                 	CPC  R25,R30
                 	.ENDM
                 
                 	.MACRO __CPWRR
                 	CP   R@0,R@2
                 	CPC  R@1,R@3
                 	.ENDM
                 
                 	.MACRO __CPWRN
                 	CPI  R@0,LOW(@2)
                 	LDI  R30,HIGH(@2)
                 	CPC  R@1,R30
                 	.ENDM
                 
                 	.MACRO __ADDB1MN
                 	SUBI R30,LOW(-@0-(@1))
                 	.ENDM
                 
                 	.MACRO __ADDB2MN
                 	SUBI R26,LOW(-@0-(@1))
                 	.ENDM
                 
                 	.MACRO __ADDW1MN
                 	SUBI R30,LOW(-@0-(@1))
                 	SBCI R31,HIGH(-@0-(@1))
                 	.ENDM
                 
                 	.MACRO __ADDW2MN
                 	SUBI R26,LOW(-@0-(@1))
                 	SBCI R27,HIGH(-@0-(@1))
                 	.ENDM
                 
                 	.MACRO __ADDW1FN
                 	SUBI R30,LOW(-2*@0-(@1))
                 	SBCI R31,HIGH(-2*@0-(@1))
                 	.ENDM
                 
                 	.MACRO __ADDD1FN
                 	SUBI R30,LOW(-2*@0-(@1))
                 	SBCI R31,HIGH(-2*@0-(@1))
                 	SBCI R22,BYTE3(-2*@0-(@1))
                 	.ENDM
                 
                 	.MACRO __ADDD1N
                 	SUBI R30,LOW(-@0)
                 	SBCI R31,HIGH(-@0)
                 	SBCI R22,BYTE3(-@0)
                 	SBCI R23,BYTE4(-@0)
                 	.ENDM
                 
                 	.MACRO __ADDD2N
                 	SUBI R26,LOW(-@0)
                 	SBCI R27,HIGH(-@0)
                 	SBCI R24,BYTE3(-@0)
                 	SBCI R25,BYTE4(-@0)
                 	.ENDM
                 
                 	.MACRO __SUBD1N
                 	SUBI R30,LOW(@0)
                 	SBCI R31,HIGH(@0)
                 	SBCI R22,BYTE3(@0)
                 	SBCI R23,BYTE4(@0)
                 	.ENDM
                 
                 	.MACRO __SUBD2N
                 	SUBI R26,LOW(@0)
                 	SBCI R27,HIGH(@0)
                 	SBCI R24,BYTE3(@0)
                 	SBCI R25,BYTE4(@0)
                 	.ENDM
                 
                 	.MACRO __ANDBMNN
                 	LDS  R30,@0+(@1)
                 	ANDI R30,LOW(@2)
                 	STS  @0+(@1),R30
                 	.ENDM
                 
                 	.MACRO __ANDWMNN
                 	LDS  R30,@0+(@1)
                 	ANDI R30,LOW(@2)
                 	STS  @0+(@1),R30
                 	LDS  R30,@0+(@1)+1
                 	ANDI R30,HIGH(@2)
                 	STS  @0+(@1)+1,R30
                 	.ENDM
                 
                 	.MACRO __ANDD1N
                 	ANDI R30,LOW(@0)
                 	ANDI R31,HIGH(@0)
                 	ANDI R22,BYTE3(@0)
                 	ANDI R23,BYTE4(@0)
                 	.ENDM
                 
                 	.MACRO __ANDD2N
                 	ANDI R26,LOW(@0)
                 	ANDI R27,HIGH(@0)
                 	ANDI R24,BYTE3(@0)
                 	ANDI R25,BYTE4(@0)
                 	.ENDM
                 
                 	.MACRO __ORBMNN
                 	LDS  R30,@0+(@1)
                 	ORI  R30,LOW(@2)
                 	STS  @0+(@1),R30
                 	.ENDM
                 
                 	.MACRO __ORWMNN
                 	LDS  R30,@0+(@1)
                 	ORI  R30,LOW(@2)
                 	STS  @0+(@1),R30
                 	LDS  R30,@0+(@1)+1
                 	ORI  R30,HIGH(@2)
                 	STS  @0+(@1)+1,R30
                 	.ENDM
                 
                 	.MACRO __ORD1N
                 	ORI  R30,LOW(@0)
                 	ORI  R31,HIGH(@0)
                 	ORI  R22,BYTE3(@0)
                 	ORI  R23,BYTE4(@0)
                 	.ENDM
                 
                 	.MACRO __ORD2N
                 	ORI  R26,LOW(@0)
                 	ORI  R27,HIGH(@0)
                 	ORI  R24,BYTE3(@0)
                 	ORI  R25,BYTE4(@0)
                 	.ENDM
                 
                 	.MACRO __DELAY_USB
                 	LDI  R24,LOW(@0)
                 __DELAY_USB_LOOP:
                 	DEC  R24
                 	BRNE __DELAY_USB_LOOP
                 	.ENDM
                 
                 	.MACRO __DELAY_USW
                 	LDI  R24,LOW(@0)
                 	LDI  R25,HIGH(@0)
                 __DELAY_USW_LOOP:
                 	SBIW R24,1
                 	BRNE __DELAY_USW_LOOP
                 	.ENDM
                 
                 	.MACRO __GETW1P
                 	LD   R30,X+
                 	LD   R31,X
                 	SBIW R26,1
                 	.ENDM
                 
                 	.MACRO __GETD1S
                 	LDD  R30,Y+@0
                 	LDD  R31,Y+@0+1
                 	LDD  R22,Y+@0+2
                 	LDD  R23,Y+@0+3
                 	.ENDM
                 
                 	.MACRO __GETD2S
                 	LDD  R26,Y+@0
                 	LDD  R27,Y+@0+1
                 	LDD  R24,Y+@0+2
                 	LDD  R25,Y+@0+3
                 	.ENDM
                 
                 	.MACRO __GETD1P_INC
                 	LD   R30,X+
                 	LD   R31,X+
                 	LD   R22,X+
                 	LD   R23,X+
                 	.ENDM
                 
                 	.MACRO __GETD1P_DEC
                 	LD   R23,-X
                 	LD   R22,-X
                 	LD   R31,-X
                 	LD   R30,-X
                 	.ENDM
                 
                 	.MACRO __PUTDP1
                 	ST   X+,R30
                 	ST   X+,R31
                 	ST   X+,R22
                 	ST   X,R23
                 	.ENDM
                 
                 	.MACRO __PUTDP1_DEC
                 	ST   -X,R23
                 	ST   -X,R22
                 	ST   -X,R31
                 	ST   -X,R30
                 	.ENDM
                 
                 	.MACRO __PUTD1S
                 	STD  Y+@0,R30
                 	STD  Y+@0+1,R31
                 	STD  Y+@0+2,R22
                 	STD  Y+@0+3,R23
                 	.ENDM
                 
                 	.MACRO __PUTD2S
                 	STD  Y+@0,R26
                 	STD  Y+@0+1,R27
                 	STD  Y+@0+2,R24
                 	STD  Y+@0+3,R25
                 	.ENDM
                 
                 	.MACRO __PUTDZ2
                 	STD  Z+@0,R26
                 	STD  Z+@0+1,R27
                 	STD  Z+@0+2,R24
                 	STD  Z+@0+3,R25
                 	.ENDM
                 
                 	.MACRO __CLRD1S
                 	STD  Y+@0,R30
                 	STD  Y+@0+1,R30
                 	STD  Y+@0+2,R30
                 	STD  Y+@0+3,R30
                 	.ENDM
                 
                 	.MACRO __CPD10
                 	SBIW R30,0
                 	SBCI R22,0
                 	SBCI R23,0
                 	.ENDM
                 
                 	.MACRO __CPD20
                 	SBIW R26,0
                 	SBCI R24,0
                 	SBCI R25,0
                 	.ENDM
                 
                 	.MACRO __ADDD12
                 	ADD  R30,R26
                 	ADC  R31,R27
                 	ADC  R22,R24
                 	ADC  R23,R25
                 	.ENDM
                 
                 	.MACRO __ADDD21
                 	ADD  R26,R30
                 	ADC  R27,R31
                 	ADC  R24,R22
                 	ADC  R25,R23
                 	.ENDM
                 
                 	.MACRO __SUBD12
                 	SUB  R30,R26
                 	SBC  R31,R27
                 	SBC  R22,R24
                 	SBC  R23,R25
                 	.ENDM
                 
                 	.MACRO __SUBD21
                 	SUB  R26,R30
                 	SBC  R27,R31
                 	SBC  R24,R22
                 	SBC  R25,R23
                 	.ENDM
                 
                 	.MACRO __ANDD12
                 	AND  R30,R26
                 	AND  R31,R27
                 	AND  R22,R24
                 	AND  R23,R25
                 	.ENDM
                 
                 	.MACRO __ORD12
                 	OR   R30,R26
                 	OR   R31,R27
                 	OR   R22,R24
                 	OR   R23,R25
                 	.ENDM
                 
                 	.MACRO __XORD12
                 	EOR  R30,R26
                 	EOR  R31,R27
                 	EOR  R22,R24
                 	EOR  R23,R25
                 	.ENDM
                 
                 	.MACRO __XORD21
                 	EOR  R26,R30
                 	EOR  R27,R31
                 	EOR  R24,R22
                 	EOR  R25,R23
                 	.ENDM
                 
                 	.MACRO __COMD1
                 	COM  R30
                 	COM  R31
                 	COM  R22
                 	COM  R23
                 	.ENDM
                 
                 	.MACRO __MULD2_2
                 	LSL  R26
                 	ROL  R27
                 	ROL  R24
                 	ROL  R25
                 	.ENDM
                 
                 	.MACRO __LSRD1
                 	LSR  R23
                 	ROR  R22
                 	ROR  R31
                 	ROR  R30
                 	.ENDM
                 
                 	.MACRO __LSLD1
                 	LSL  R30
                 	ROL  R31
                 	ROL  R22
                 	ROL  R23
                 	.ENDM
                 
                 	.MACRO __ASRB4
                 	ASR  R30
                 	ASR  R30
                 	ASR  R30
                 	ASR  R30
                 	.ENDM
                 
                 	.MACRO __ASRW8
                 	MOV  R30,R31
                 	CLR  R31
                 	SBRC R30,7
                 	SER  R31
                 	.ENDM
                 
                 	.MACRO __LSRD16
                 	MOV  R30,R22
                 	MOV  R31,R23
                 	LDI  R22,0
                 	LDI  R23,0
                 	.ENDM
                 
                 	.MACRO __LSLD16
                 	MOV  R22,R30
                 	MOV  R23,R31
                 	LDI  R30,0
                 	LDI  R31,0
                 	.ENDM
                 
                 	.MACRO __CWD1
                 	MOV  R22,R31
                 	ADD  R22,R22
                 	SBC  R22,R22
                 	MOV  R23,R22
                 	.ENDM
                 
                 	.MACRO __CWD2
                 	MOV  R24,R27
                 	ADD  R24,R24
                 	SBC  R24,R24
                 	MOV  R25,R24
                 	.ENDM
                 
                 	.MACRO __SETMSD1
                 	SER  R31
                 	SER  R22
                 	SER  R23
                 	.ENDM
                 
                 	.MACRO __ADDW1R15
                 	CLR  R0
                 	ADD  R30,R15
                 	ADC  R31,R0
                 	.ENDM
                 
                 	.MACRO __ADDW2R15
                 	CLR  R0
                 	ADD  R26,R15
                 	ADC  R27,R0
                 	.ENDM
                 
                 	.MACRO __EQB12
                 	CP   R30,R26
                 	LDI  R30,1
                 	BREQ PC+2
                 	CLR  R30
                 	.ENDM
                 
                 	.MACRO __NEB12
                 	CP   R30,R26
                 	LDI  R30,1
                 	BRNE PC+2
                 	CLR  R30
                 	.ENDM
                 
                 	.MACRO __LEB12
                 	CP   R30,R26
                 	LDI  R30,1
                 	BRGE PC+2
                 	CLR  R30
                 	.ENDM
                 
                 	.MACRO __GEB12
                 	CP   R26,R30
                 	LDI  R30,1
                 	BRGE PC+2
                 	CLR  R30
                 	.ENDM
                 
                 	.MACRO __LTB12
                 	CP   R26,R30
                 	LDI  R30,1
                 	BRLT PC+2
                 	CLR  R30
                 	.ENDM
                 
                 	.MACRO __GTB12
                 	CP   R30,R26
                 	LDI  R30,1
                 	BRLT PC+2
                 	CLR  R30
                 	.ENDM
                 
                 	.MACRO __LEB12U
                 	CP   R30,R26
                 	LDI  R30,1
                 	BRSH PC+2
                 	CLR  R30
                 	.ENDM
                 
                 	.MACRO __GEB12U
                 	CP   R26,R30
                 	LDI  R30,1
                 	BRSH PC+2
                 	CLR  R30
                 	.ENDM
                 
                 	.MACRO __LTB12U
                 	CP   R26,R30
                 	LDI  R30,1
                 	BRLO PC+2
                 	CLR  R30
                 	.ENDM
                 
                 	.MACRO __GTB12U
                 	CP   R30,R26
                 	LDI  R30,1
                 	BRLO PC+2
                 	CLR  R30
                 	.ENDM
                 
                 	.MACRO __CPW01
                 	CLR  R0
                 	CP   R0,R30
                 	CPC  R0,R31
                 	.ENDM
                 
                 	.MACRO __CPW02
                 	CLR  R0
                 	CP   R0,R26
                 	CPC  R0,R27
                 	.ENDM
                 
                 	.MACRO __CPD12
                 	CP   R30,R26
                 	CPC  R31,R27
                 	CPC  R22,R24
                 	CPC  R23,R25
                 	.ENDM
                 
                 	.MACRO __CPD21
                 	CP   R26,R30
                 	CPC  R27,R31
                 	CPC  R24,R22
                 	CPC  R25,R23
                 	.ENDM
                 
                 	.MACRO __BSTB1
                 	CLT
                 	TST  R30
                 	BREQ PC+2
                 	SET
                 	.ENDM
                 
                 	.MACRO __LNEGB1
                 	TST  R30
                 	LDI  R30,1
                 	BREQ PC+2
                 	CLR  R30
                 	.ENDM
                 
                 	.MACRO __LNEGW1
                 	OR   R30,R31
                 	LDI  R30,1
                 	BREQ PC+2
                 	LDI  R30,0
                 	.ENDM
                 
                 	.MACRO __POINTB1MN
                 	LDI  R30,LOW(@0+(@1))
                 	.ENDM
                 
                 	.MACRO __POINTW1MN
                 	LDI  R30,LOW(@0+(@1))
                 	LDI  R31,HIGH(@0+(@1))
                 	.ENDM
                 
                 	.MACRO __POINTD1M
                 	LDI  R30,LOW(@0)
                 	LDI  R31,HIGH(@0)
                 	LDI  R22,BYTE3(@0)
                 	LDI  R23,BYTE4(@0)
                 	.ENDM
                 
                 	.MACRO __POINTW1FN
                 	LDI  R30,LOW(2*@0+(@1))
                 	LDI  R31,HIGH(2*@0+(@1))
                 	.ENDM
                 
                 	.MACRO __POINTD1FN
                 	LDI  R30,LOW(2*@0+(@1))
                 	LDI  R31,HIGH(2*@0+(@1))
                 	LDI  R22,BYTE3(2*@0+(@1))
                 	LDI  R23,BYTE4(2*@0+(@1))
                 	.ENDM
                 
                 	.MACRO __POINTB2MN
                 	LDI  R26,LOW(@0+(@1))
                 	.ENDM
                 
                 	.MACRO __POINTW2MN
                 	LDI  R26,LOW(@0+(@1))
                 	LDI  R27,HIGH(@0+(@1))
                 	.ENDM
                 
                 	.MACRO __POINTD2M
                 	LDI  R26,LOW(@0)
                 	LDI  R27,HIGH(@0)
                 	LDI  R24,BYTE3(@0)
                 	LDI  R25,BYTE4(@0)
                 	.ENDM
                 
                 	.MACRO __POINTW2FN
                 	LDI  R26,LOW(2*@0+(@1))
                 	LDI  R27,HIGH(2*@0+(@1))
                 	.ENDM
                 
                 	.MACRO __POINTD2FN
                 	LDI  R26,LOW(2*@0+(@1))
                 	LDI  R27,HIGH(2*@0+(@1))
                 	LDI  R24,BYTE3(2*@0+(@1))
                 	LDI  R25,BYTE4(2*@0+(@1))
                 	.ENDM
                 
                 	.MACRO __POINTBRM
                 	LDI  R@0,LOW(@1)
                 	.ENDM
                 
                 	.MACRO __POINTWRM
                 	LDI  R@0,LOW(@2)
                 	LDI  R@1,HIGH(@2)
                 	.ENDM
                 
                 	.MACRO __POINTBRMN
                 	LDI  R@0,LOW(@1+(@2))
                 	.ENDM
                 
                 	.MACRO __POINTWRMN
                 	LDI  R@0,LOW(@2+(@3))
                 	LDI  R@1,HIGH(@2+(@3))
                 	.ENDM
                 
                 	.MACRO __POINTWRFN
                 	LDI  R@0,LOW(@2*2+(@3))
                 	LDI  R@1,HIGH(@2*2+(@3))
                 	.ENDM
                 
                 	.MACRO __GETD1N
                 	LDI  R30,LOW(@0)
                 	LDI  R31,HIGH(@0)
                 	LDI  R22,BYTE3(@0)
                 	LDI  R23,BYTE4(@0)
                 	.ENDM
                 
                 	.MACRO __GETD2N
                 	LDI  R26,LOW(@0)
                 	LDI  R27,HIGH(@0)
                 	LDI  R24,BYTE3(@0)
                 	LDI  R25,BYTE4(@0)
                 	.ENDM
                 
                 	.MACRO __GETB1MN
                 	LDS  R30,@0+(@1)
                 	.ENDM
                 
                 	.MACRO __GETB1HMN
                 	LDS  R31,@0+(@1)
                 	.ENDM
                 
                 	.MACRO __GETW1MN
                 	LDS  R30,@0+(@1)
                 	LDS  R31,@0+(@1)+1
                 	.ENDM
                 
                 	.MACRO __GETD1MN
                 	LDS  R30,@0+(@1)
                 	LDS  R31,@0+(@1)+1
                 	LDS  R22,@0+(@1)+2
                 	LDS  R23,@0+(@1)+3
                 	.ENDM
                 
                 	.MACRO __GETBRMN
                 	LDS  R@0,@1+(@2)
                 	.ENDM
                 
                 	.MACRO __GETWRMN
                 	LDS  R@0,@2+(@3)
                 	LDS  R@1,@2+(@3)+1
                 	.ENDM
                 
                 	.MACRO __GETWRZ
                 	LDD  R@0,Z+@2
                 	LDD  R@1,Z+@2+1
                 	.ENDM
                 
                 	.MACRO __GETD2Z
                 	LDD  R26,Z+@0
                 	LDD  R27,Z+@0+1
                 	LDD  R24,Z+@0+2
                 	LDD  R25,Z+@0+3
                 	.ENDM
                 
                 	.MACRO __GETB2MN
                 	LDS  R26,@0+(@1)
                 	.ENDM
                 
                 	.MACRO __GETW2MN
                 	LDS  R26,@0+(@1)
                 	LDS  R27,@0+(@1)+1
                 	.ENDM
                 
                 	.MACRO __GETD2MN
                 	LDS  R26,@0+(@1)
                 	LDS  R27,@0+(@1)+1
                 	LDS  R24,@0+(@1)+2
                 	LDS  R25,@0+(@1)+3
                 	.ENDM
                 
                 	.MACRO __PUTB1MN
                 	STS  @0+(@1),R30
                 	.ENDM
                 
                 	.MACRO __PUTW1MN
                 	STS  @0+(@1),R30
                 	STS  @0+(@1)+1,R31
                 	.ENDM
                 
                 	.MACRO __PUTD1MN
                 	STS  @0+(@1),R30
                 	STS  @0+(@1)+1,R31
                 	STS  @0+(@1)+2,R22
                 	STS  @0+(@1)+3,R23
                 	.ENDM
                 
                 	.MACRO __PUTB1EN
                 	LDI  R26,LOW(@0+(@1))
                 	LDI  R27,HIGH(@0+(@1))
                 	CALL __EEPROMWRB
                 	.ENDM
                 
                 	.MACRO __PUTW1EN
                 	LDI  R26,LOW(@0+(@1))
                 	LDI  R27,HIGH(@0+(@1))
                 	CALL __EEPROMWRW
                 	.ENDM
                 
                 	.MACRO __PUTD1EN
                 	LDI  R26,LOW(@0+(@1))
                 	LDI  R27,HIGH(@0+(@1))
                 	CALL __EEPROMWRD
                 	.ENDM
                 
                 	.MACRO __PUTBR0MN
                 	STS  @0+(@1),R0
                 	.ENDM
                 
                 	.MACRO __PUTBMRN
                 	STS  @0+(@1),R@2
                 	.ENDM
                 
                 	.MACRO __PUTWMRN
                 	STS  @0+(@1),R@2
                 	STS  @0+(@1)+1,R@3
                 	.ENDM
                 
                 	.MACRO __PUTBZR
                 	STD  Z+@1,R@0
                 	.ENDM
                 
                 	.MACRO __PUTWZR
                 	STD  Z+@2,R@0
                 	STD  Z+@2+1,R@1
                 	.ENDM
                 
                 	.MACRO __GETW1R
                 	MOV  R30,R@0
                 	MOV  R31,R@1
                 	.ENDM
                 
                 	.MACRO __GETW2R
                 	MOV  R26,R@0
                 	MOV  R27,R@1
                 	.ENDM
                 
                 	.MACRO __GETWRN
                 	LDI  R@0,LOW(@2)
                 	LDI  R@1,HIGH(@2)
                 	.ENDM
                 
                 	.MACRO __PUTW1R
                 	MOV  R@0,R30
                 	MOV  R@1,R31
                 	.ENDM
                 
                 	.MACRO __PUTW2R
                 	MOV  R@0,R26
                 	MOV  R@1,R27
                 	.ENDM
                 
                 	.MACRO __ADDWRN
                 	SUBI R@0,LOW(-@2)
                 	SBCI R@1,HIGH(-@2)
                 	.ENDM
                 
                 	.MACRO __ADDWRR
                 	ADD  R@0,R@2
                 	ADC  R@1,R@3
                 	.ENDM
                 
                 	.MACRO __SUBWRN
                 	SUBI R@0,LOW(@2)
                 	SBCI R@1,HIGH(@2)
                 	.ENDM
                 
                 	.MACRO __SUBWRR
                 	SUB  R@0,R@2
                 	SBC  R@1,R@3
                 	.ENDM
                 
                 	.MACRO __ANDWRN
                 	ANDI R@0,LOW(@2)
                 	ANDI R@1,HIGH(@2)
                 	.ENDM
                 
                 	.MACRO __ANDWRR
                 	AND  R@0,R@2
                 	AND  R@1,R@3
                 	.ENDM
                 
                 	.MACRO __ORWRN
                 	ORI  R@0,LOW(@2)
                 	ORI  R@1,HIGH(@2)
                 	.ENDM
                 
                 	.MACRO __ORWRR
                 	OR   R@0,R@2
                 	OR   R@1,R@3
                 	.ENDM
                 
                 	.MACRO __EORWRR
                 	EOR  R@0,R@2
                 	EOR  R@1,R@3
                 	.ENDM
                 
                 	.MACRO __GETWRS
                 	LDD  R@0,Y+@2
                 	LDD  R@1,Y+@2+1
                 	.ENDM
                 
                 	.MACRO __PUTBSR
                 	STD  Y+@1,R@0
                 	.ENDM
                 
                 	.MACRO __PUTWSR
                 	STD  Y+@2,R@0
                 	STD  Y+@2+1,R@1
                 	.ENDM
                 
                 	.MACRO __MOVEWRR
                 	MOV  R@0,R@2
                 	MOV  R@1,R@3
                 	.ENDM
                 
                 	.MACRO __INWR
                 	IN   R@0,@2
                 	IN   R@1,@2+1
                 	.ENDM
                 
                 	.MACRO __OUTWR
                 	OUT  @2+1,R@1
                 	OUT  @2,R@0
                 	.ENDM
                 
                 	.MACRO __CALL1MN
                 	LDS  R30,@0+(@1)
                 	LDS  R31,@0+(@1)+1
                 	ICALL
                 	.ENDM
                 
                 	.MACRO __CALL1FN
                 	LDI  R30,LOW(2*@0+(@1))
                 	LDI  R31,HIGH(2*@0+(@1))
                 	CALL __GETW1PF
                 	ICALL
                 	.ENDM
                 
                 	.MACRO __CALL2EN
                 	PUSH R26
                 	PUSH R27
                 	LDI  R26,LOW(@0+(@1))
                 	LDI  R27,HIGH(@0+(@1))
                 	CALL __EEPROMRDW
                 	POP  R27
                 	POP  R26
                 	ICALL
                 	.ENDM
                 
                 	.MACRO __CALL2EX
                 	SUBI R26,LOW(-@0)
                 	SBCI R27,HIGH(-@0)
                 	CALL __EEPROMRDD
                 	ICALL
                 	.ENDM
                 
                 	.MACRO __GETW1STACK
                 	IN   R30,SPL
                 	IN   R31,SPH
                 	ADIW R30,@0+1
                 	LD   R0,Z+
                 	LD   R31,Z
                 	MOV  R30,R0
                 	.ENDM
                 
                 	.MACRO __GETD1STACK
                 	IN   R30,SPL
                 	IN   R31,SPH
                 	ADIW R30,@0+1
                 	LD   R0,Z+
                 	LD   R1,Z+
                 	LD   R22,Z
                 	MOVW R30,R0
                 	.ENDM
                 
                 	.MACRO __NBST
                 	BST  R@0,@1
                 	IN   R30,SREG
                 	LDI  R31,0x40
                 	EOR  R30,R31
                 	OUT  SREG,R30
                 	.ENDM
                 
                 
                 	.MACRO __PUTB1SN
                 	LDD  R26,Y+@0
                 	LDD  R27,Y+@0+1
                 	SUBI R26,LOW(-@1)
                 	SBCI R27,HIGH(-@1)
                 	ST   X,R30
                 	.ENDM
                 
                 	.MACRO __PUTW1SN
                 	LDD  R26,Y+@0
                 	LDD  R27,Y+@0+1
                 	SUBI R26,LOW(-@1)
                 	SBCI R27,HIGH(-@1)
                 	ST   X+,R30
                 	ST   X,R31
                 	.ENDM
                 
                 	.MACRO __PUTD1SN
                 	LDD  R26,Y+@0
                 	LDD  R27,Y+@0+1
                 	SUBI R26,LOW(-@1)
                 	SBCI R27,HIGH(-@1)
                 	ST   X+,R30
                 	ST   X+,R31
                 	ST   X+,R22
                 	ST   X,R23
                 	.ENDM
                 
                 	.MACRO __PUTB1SNS
                 	LDD  R26,Y+@0
                 	LDD  R27,Y+@0+1
                 	ADIW R26,@1
                 	ST   X,R30
                 	.ENDM
                 
                 	.MACRO __PUTW1SNS
                 	LDD  R26,Y+@0
                 	LDD  R27,Y+@0+1
                 	ADIW R26,@1
                 	ST   X+,R30
                 	ST   X,R31
                 	.ENDM
                 
                 	.MACRO __PUTD1SNS
                 	LDD  R26,Y+@0
                 	LDD  R27,Y+@0+1
                 	ADIW R26,@1
                 	ST   X+,R30
                 	ST   X+,R31
                 	ST   X+,R22
                 	ST   X,R23
                 	.ENDM
                 
                 	.MACRO __PUTB1PMN
                 	LDS  R26,@0
                 	LDS  R27,@0+1
                 	SUBI R26,LOW(-@1)
                 	SBCI R27,HIGH(-@1)
                 	ST   X,R30
                 	.ENDM
                 
                 	.MACRO __PUTW1PMN
                 	LDS  R26,@0
                 	LDS  R27,@0+1
                 	SUBI R26,LOW(-@1)
                 	SBCI R27,HIGH(-@1)
                 	ST   X+,R30
                 	ST   X,R31
                 	.ENDM
                 
                 	.MACRO __PUTD1PMN
                 	LDS  R26,@0
                 	LDS  R27,@0+1
                 	SUBI R26,LOW(-@1)
                 	SBCI R27,HIGH(-@1)
                 	ST   X+,R30
                 	ST   X+,R31
                 	ST   X+,R22
                 	ST   X,R23
                 	.ENDM
                 
                 	.MACRO __PUTB1PMNS
                 	LDS  R26,@0
                 	LDS  R27,@0+1
                 	ADIW R26,@1
                 	ST   X,R30
                 	.ENDM
                 
                 	.MACRO __PUTW1PMNS
                 	LDS  R26,@0
                 	LDS  R27,@0+1
                 	ADIW R26,@1
                 	ST   X+,R30
                 	ST   X,R31
                 	.ENDM
                 
                 	.MACRO __PUTD1PMNS
                 	LDS  R26,@0
                 	LDS  R27,@0+1
                 	ADIW R26,@1
                 	ST   X+,R30
                 	ST   X+,R31
                 	ST   X+,R22
                 	ST   X,R23
                 	.ENDM
                 
                 	.MACRO __PUTB1RN
                 	MOVW R26,R@0
                 	SUBI R26,LOW(-@1)
                 	SBCI R27,HIGH(-@1)
                 	ST   X,R30
                 	.ENDM
                 
                 	.MACRO __PUTW1RN
                 	MOVW R26,R@0
                 	SUBI R26,LOW(-@1)
                 	SBCI R27,HIGH(-@1)
                 	ST   X+,R30
                 	ST   X,R31
                 	.ENDM
                 
                 	.MACRO __PUTD1RN
                 	MOVW R26,R@0
                 	SUBI R26,LOW(-@1)
                 	SBCI R27,HIGH(-@1)
                 	ST   X+,R30
                 	ST   X+,R31
                 	ST   X+,R22
                 	ST   X,R23
                 	.ENDM
                 
                 	.MACRO __PUTB1RNS
                 	MOVW R26,R@0
                 	ADIW R26,@1
                 	ST   X,R30
                 	.ENDM
                 
                 	.MACRO __PUTW1RNS
                 	MOVW R26,R@0
                 	ADIW R26,@1
                 	ST   X+,R30
                 	ST   X,R31
                 	.ENDM
                 
                 	.MACRO __PUTD1RNS
                 	MOVW R26,R@0
                 	ADIW R26,@1
                 	ST   X+,R30
                 	ST   X+,R31
                 	ST   X+,R22
                 	ST   X,R23
                 	.ENDM
                 
                 	.MACRO __PUTB1RON
                 	MOV  R26,R@0
                 	MOV  R27,R@1
                 	SUBI R26,LOW(-@2)
                 	SBCI R27,HIGH(-@2)
                 	ST   X,R30
                 	.ENDM
                 
                 	.MACRO __PUTW1RON
                 	MOV  R26,R@0
                 	MOV  R27,R@1
                 	SUBI R26,LOW(-@2)
                 	SBCI R27,HIGH(-@2)
                 	ST   X+,R30
                 	ST   X,R31
                 	.ENDM
                 
                 	.MACRO __PUTD1RON
                 	MOV  R26,R@0
                 	MOV  R27,R@1
                 	SUBI R26,LOW(-@2)
                 	SBCI R27,HIGH(-@2)
                 	ST   X+,R30
                 	ST   X+,R31
                 	ST   X+,R22
                 	ST   X,R23
                 	.ENDM
                 
                 	.MACRO __PUTB1RONS
                 	MOV  R26,R@0
                 	MOV  R27,R@1
                 	ADIW R26,@2
                 	ST   X,R30
                 	.ENDM
                 
                 	.MACRO __PUTW1RONS
                 	MOV  R26,R@0
                 	MOV  R27,R@1
                 	ADIW R26,@2
                 	ST   X+,R30
                 	ST   X,R31
                 	.ENDM
                 
                 	.MACRO __PUTD1RONS
                 	MOV  R26,R@0
                 	MOV  R27,R@1
                 	ADIW R26,@2
                 	ST   X+,R30
                 	ST   X+,R31
                 	ST   X+,R22
                 	ST   X,R23
                 	.ENDM
                 
                 
                 	.MACRO __GETB1SX
                 	MOVW R30,R28
                 	SUBI R30,LOW(-@0)
                 	SBCI R31,HIGH(-@0)
                 	LD   R30,Z
                 	.ENDM
                 
                 	.MACRO __GETB1HSX
                 	MOVW R30,R28
                 	SUBI R30,LOW(-@0)
                 	SBCI R31,HIGH(-@0)
                 	LD   R31,Z
                 	.ENDM
                 
                 	.MACRO __GETW1SX
                 	MOVW R30,R28
                 	SUBI R30,LOW(-@0)
                 	SBCI R31,HIGH(-@0)
                 	CALL __GETW1Z
                 	.ENDM
                 
                 	.MACRO __GETD1SX
                 	MOVW R30,R28
                 	SUBI R30,LOW(-@0)
                 	SBCI R31,HIGH(-@0)
                 	CALL __GETD1Z
                 	.ENDM
                 
                 	.MACRO __GETB2SX
                 	MOVW R26,R28
                 	SUBI R26,LOW(-@0)
                 	SBCI R27,HIGH(-@0)
                 	LD   R26,X
                 	.ENDM
                 
                 	.MACRO __GETW2SX
                 	MOVW R26,R28
                 	SUBI R26,LOW(-@0)
                 	SBCI R27,HIGH(-@0)
                 	CALL __GETW2X
                 	.ENDM
                 
                 	.MACRO __GETD2SX
                 	MOVW R26,R28
                 	SUBI R26,LOW(-@0)
                 	SBCI R27,HIGH(-@0)
                 	CALL __GETD2X
                 	.ENDM
                 
                 	.MACRO __GETBRSX
                 	MOVW R30,R28
                 	SUBI R30,LOW(-@1)
                 	SBCI R31,HIGH(-@1)
                 	LD   R@0,Z
                 	.ENDM
                 
                 	.MACRO __GETWRSX
                 	MOVW R30,R28
                 	SUBI R30,LOW(-@2)
                 	SBCI R31,HIGH(-@2)
                 	LD   R@0,Z+
                 	LD   R@1,Z
                 	.ENDM
                 
                 	.MACRO __GETBRSX2
                 	MOVW R26,R28
                 	SUBI R26,LOW(-@1)
                 	SBCI R27,HIGH(-@1)
                 	LD   R@0,X
                 	.ENDM
                 
                 	.MACRO __GETWRSX2
                 	MOVW R26,R28
                 	SUBI R26,LOW(-@2)
                 	SBCI R27,HIGH(-@2)
                 	LD   R@0,X+
                 	LD   R@1,X
                 	.ENDM
                 
                 	.MACRO __LSLW8SX
                 	MOVW R30,R28
                 	SUBI R30,LOW(-@0)
                 	SBCI R31,HIGH(-@0)
                 	LD   R31,Z
                 	CLR  R30
                 	.ENDM
                 
                 	.MACRO __PUTB1SX
                 	MOVW R26,R28
                 	SUBI R26,LOW(-@0)
                 	SBCI R27,HIGH(-@0)
                 	ST   X,R30
                 	.ENDM
                 
                 	.MACRO __PUTW1SX
                 	MOVW R26,R28
                 	SUBI R26,LOW(-@0)
                 	SBCI R27,HIGH(-@0)
                 	ST   X+,R30
                 	ST   X,R31
                 	.ENDM
                 
                 	.MACRO __PUTD1SX
                 	MOVW R26,R28
                 	SUBI R26,LOW(-@0)
                 	SBCI R27,HIGH(-@0)
                 	ST   X+,R30
                 	ST   X+,R31
                 	ST   X+,R22
                 	ST   X,R23
                 	.ENDM
                 
                 	.MACRO __CLRW1SX
                 	MOVW R26,R28
                 	SUBI R26,LOW(-@0)
                 	SBCI R27,HIGH(-@0)
                 	ST   X+,R30
                 	ST   X,R30
                 	.ENDM
                 
                 	.MACRO __CLRD1SX
                 	MOVW R26,R28
                 	SUBI R26,LOW(-@0)
                 	SBCI R27,HIGH(-@0)
                 	ST   X+,R30
                 	ST   X+,R30
                 	ST   X+,R30
                 	ST   X,R30
                 	.ENDM
                 
                 	.MACRO __PUTB2SX
                 	MOVW R30,R28
                 	SUBI R30,LOW(-@0)
                 	SBCI R31,HIGH(-@0)
                 	ST   Z,R26
                 	.ENDM
                 
                 	.MACRO __PUTW2SX
                 	MOVW R30,R28
                 	SUBI R30,LOW(-@0)
                 	SBCI R31,HIGH(-@0)
                 	ST   Z+,R26
                 	ST   Z,R27
                 	.ENDM
                 
                 	.MACRO __PUTD2SX
                 	MOVW R30,R28
                 	SUBI R30,LOW(-@0)
                 	SBCI R31,HIGH(-@0)
                 	ST   Z+,R26
                 	ST   Z+,R27
                 	ST   Z+,R24
                 	ST   Z,R25
                 	.ENDM
                 
                 	.MACRO __PUTBSRX
                 	MOVW R30,R28
                 	SUBI R30,LOW(-@1)
                 	SBCI R31,HIGH(-@1)
                 	ST   Z,R@0
                 	.ENDM
                 
                 	.MACRO __PUTWSRX
                 	MOVW R30,R28
                 	SUBI R30,LOW(-@2)
                 	SBCI R31,HIGH(-@2)
                 	ST   Z+,R@0
                 	ST   Z,R@1
                 	.ENDM
                 
                 	.MACRO __PUTB1SNX
                 	MOVW R26,R28
                 	SUBI R26,LOW(-@0)
                 	SBCI R27,HIGH(-@0)
                 	LD   R0,X+
                 	LD   R27,X
                 	MOV  R26,R0
                 	SUBI R26,LOW(-@1)
                 	SBCI R27,HIGH(-@1)
                 	ST   X,R30
                 	.ENDM
                 
                 	.MACRO __PUTW1SNX
                 	MOVW R26,R28
                 	SUBI R26,LOW(-@0)
                 	SBCI R27,HIGH(-@0)
                 	LD   R0,X+
                 	LD   R27,X
                 	MOV  R26,R0
                 	SUBI R26,LOW(-@1)
                 	SBCI R27,HIGH(-@1)
                 	ST   X+,R30
                 	ST   X,R31
                 	.ENDM
                 
                 	.MACRO __PUTD1SNX
                 	MOVW R26,R28
                 	SUBI R26,LOW(-@0)
                 	SBCI R27,HIGH(-@0)
                 	LD   R0,X+
                 	LD   R27,X
                 	MOV  R26,R0
                 	SUBI R26,LOW(-@1)
                 	SBCI R27,HIGH(-@1)
                 	ST   X+,R30
                 	ST   X+,R31
                 	ST   X+,R22
                 	ST   X,R23
                 	.ENDM
                 
                 	.MACRO __MULBRR
                 	MULS R@0,R@1
                 	MOVW R30,R0
                 	.ENDM
                 
                 	.MACRO __MULBRRU
                 	MUL  R@0,R@1
                 	MOVW R30,R0
                 	.ENDM
                 
                 	.MACRO __MULBRR0
                 	MULS R@0,R@1
                 	.ENDM
                 
                 	.MACRO __MULBRRU0
                 	MUL  R@0,R@1
                 	.ENDM
                 
                 	.MACRO __MULBNWRU
                 	LDI  R26,@2
                 	MUL  R26,R@0
                 	MOVW R30,R0
                 	MUL  R26,R@1
                 	ADD  R31,R0
                 	.ENDM
                 
                 	.CSEG
                 	.ORG 0x00
                 
                 ;START OF CODE MARKER
                 __START_OF_CODE:
                 
                 ;INTERRUPT VECTORS
000000 940c 0067 	JMP  __RESET
000002 940c 0000 	JMP  0x00
000004 940c 0000 	JMP  0x00
000006 940c 0000 	JMP  0x00
000008 940c 0000 	JMP  0x00
00000a 940c 0000 	JMP  0x00
00000c 940c 0000 	JMP  0x00
00000e 940c 0000 	JMP  0x00
000010 940c 0000 	JMP  0x00
000012 940c 0000 	JMP  0x00
000014 940c 0000 	JMP  0x00
000016 940c 0000 	JMP  0x00
000018 940c 0000 	JMP  0x00
00001a 940c 0000 	JMP  0x00
00001c 940c 0000 	JMP  0x00
00001e 940c 0000 	JMP  0x00
000020 940c 0000 	JMP  0x00
000022 940c 0000 	JMP  0x00
000024 940c 0000 	JMP  0x00
000026 940c 0000 	JMP  0x00
000028 940c 0000 	JMP  0x00
00002a 940c 0000 	JMP  0x00
00002c 940c 0000 	JMP  0x00
00002e 940c 0000 	JMP  0x00
000030 940c 0000 	JMP  0x00
000032 940c 0000 	JMP  0x00
000034 940c 0000 	JMP  0x00
000036 940c 0000 	JMP  0x00
000038 940c 0000 	JMP  0x00
00003a 940c 0000 	JMP  0x00
00003c 940c 0000 	JMP  0x00
00003e 940c 0000 	JMP  0x00
000040 940c 0000 	JMP  0x00
000042 940c 0000 	JMP  0x00
000044 940c 0000 	JMP  0x00
                 
                 _0x0:
000046 414d
000047 3358
000048 3130
000049 3230      	.DB  0x4D,0x41,0x58,0x33,0x30,0x31,0x30,0x32
00004a 4920
00004b 696e
00004c 6974
00004d 6c61      	.DB  0x20,0x49,0x6E,0x69,0x74,0x69,0x61,0x6C
00004e 7a69
00004f 6e69
000050 2e67
000051 2e2e      	.DB  0x69,0x7A,0x69,0x6E,0x67,0x2E,0x2E,0x2E
000052 0a0d
000053 4900
000054 696e
000055 2074      	.DB  0xD,0xA,0x0,0x49,0x6E,0x69,0x74,0x20
000056 6f44
000057 656e
000058 202e
000059 6552      	.DB  0x44,0x6F,0x6E,0x65,0x2E,0x20,0x52,0x65
00005a 6461
00005b 6e69
00005c 2067
00005d 6144      	.DB  0x61,0x64,0x69,0x6E,0x67,0x20,0x44,0x61
00005e 6174
00005f 2e2e
000060 0d2e
000061 000a      	.DB  0x74,0x61,0x2E,0x2E,0x2E,0xD,0xA,0x0
000062 6c25
000063 2c64
000064 6c25
000065 0d64      	.DB  0x25,0x6C,0x64,0x2C,0x25,0x6C,0x64,0xD
000066 000a      	.DB  0xA,0x0
                 __RESET:
000067 94f8      	CLI
                 
000068 27ee      	CLR  R30
000069 bbec      	OUT  EECR,R30
                 
                 ;INTERRUPT VECTORS ARE PLACED
                 ;AT THE START OF FLASH
00006a e0f1      	LDI  R31,1
00006b bff5      	OUT  MCUCR,R31
00006c bfe5      	OUT  MCUCR,R30
00006d 93e0 006c 	STS  XMCRB,R30
                 
                 ;CLEAR R2-R14
00006f e08d      	LDI  R24,(14-2)+1
000070 e0a2      	LDI  R26,2
000071 27bb      	CLR  R27
                 __CLEAR_REG:
000072 93ed      	ST   X+,R30
000073 958a      	DEC  R24
000074 f7e9      	BRNE __CLEAR_REG
                 
                 ;CLEAR SRAM
000075 e080      	LDI  R24,LOW(__CLEAR_SRAM_SIZE)
000076 e190      	LDI  R25,HIGH(__CLEAR_SRAM_SIZE)
000077 e0a0      	LDI  R26,LOW(__SRAM_START)
000078 e0b1      	LDI  R27,HIGH(__SRAM_START)
                 __CLEAR_SRAM:
000079 93ed      	ST   X+,R30
00007a 9701      	SBIW R24,1
00007b f7e9      	BRNE __CLEAR_SRAM
                 
00007c bf8b      	OUT  RAMPZ,R24
                 
                 ;HARDWARE STACK POINTER INITIALIZATION
00007d efef      	LDI  R30,LOW(__SRAM_END-__HEAP_SIZE)
00007e bfed      	OUT  SPL,R30
00007f e1e0      	LDI  R30,HIGH(__SRAM_END-__HEAP_SIZE)
000080 bfee      	OUT  SPH,R30
                 
                 ;DATA STACK POINTER INITIALIZATION
000081 e0c0      	LDI  R28,LOW(__SRAM_START+__DSTACK_SIZE)
000082 e0d5      	LDI  R29,HIGH(__SRAM_START+__DSTACK_SIZE)
                 
000083 940c 0144 	JMP  _main
                 
                 	.ESEG
                 	.ORG 0x00
                 
                 	.DSEG
                 	.ORG 0x500
                 
                 	.CSEG
                 	#ifndef __SLEEP_DEFINED__
                 	#define __SLEEP_DEFINED__
                 	.EQU __se_bit=0x20
                 	.EQU __sm_mask=0x1C
                 	.EQU __sm_powerdown=0x10
                 	.EQU __sm_powersave=0x18
                 	.EQU __sm_standby=0x14
                 	.EQU __sm_ext_standby=0x1C
                 	.EQU __sm_adc_noise_red=0x08
                 	.SET power_ctrl_reg=mcucr
                 	#endif
                 ;void UART0_init(void) {
                 ; 0000 001B void UART0_init(void) {
                 
                 	.CSEG
                 _UART0_init:
                 ; .FSTART _UART0_init
                 ; 0000 001C UBRR0H = 0;
000085 e0e0      	LDI  R30,LOW(0)
000086 93e0 0090 	STS  144,R30
                 ; 0000 001D UBRR0L = 103; // 9600bps @ 16MHz
000088 e6e7      	LDI  R30,LOW(103)
000089 b9e9      	OUT  0x9,R30
                 ; 0000 001E UCSR0B = (1 << RXEN0) | (1 << TXEN0);
00008a e1e8      	LDI  R30,LOW(24)
00008b b9ea      	OUT  0xA,R30
                 ; 0000 001F UCSR0C = (1 << UCSZ01) | (1 << UCSZ00);
00008c e0e6      	LDI  R30,LOW(6)
00008d 93e0 0095 	STS  149,R30
                 ; 0000 0020 }
00008f 9508      	RET
                 ; .FEND
                 ;void putchar_avr(char c) {
                 ; 0000 0025 void putchar_avr(char c) {
                 ; 0000 0026 while (!(UCSR0A & (1 << UDRE0)));
                 ;	c -> R17
                 ; 0000 0027 UDR0 = c;
                 ; 0000 0028 }
                 ;void TWI_init(void) {
                 ; 0000 002B void TWI_init(void) {
                 _TWI_init:
                 ; .FSTART _TWI_init
                 ; 0000 002C TWSR = 0x00;
000090 e0e0      	LDI  R30,LOW(0)
000091 93e0 0071 	STS  113,R30
                 ; 0000 002D TWBR = 72; // 100kHz
000093 e4e8      	LDI  R30,LOW(72)
000094 93e0 0070 	STS  112,R30
                 ; 0000 002E }
000096 9508      	RET
                 ; .FEND
                 ;void TWI_start(void) {
                 ; 0000 0030 void TWI_start(void) {
                 _TWI_start:
                 ; .FSTART _TWI_start
                 ; 0000 0031 TWCR = (1 << TWINT) | (1 << TWSTA) | (1 << TWEN);
000097 eae4      	LDI  R30,LOW(164)
000098 93e0 0074 	STS  116,R30
                 ; 0000 0032 while (!(TWCR & (1 << TWINT)));
                 _0x6:
00009a 91e0 0074 	LDS  R30,116
00009c 78e0      	ANDI R30,LOW(0x80)
00009d f3e1      	BREQ _0x6
                 ; 0000 0033 }
00009e 9508      	RET
                 ; .FEND
                 ;void TWI_stop(void) {
                 ; 0000 0035 void TWI_stop(void) {
                 _TWI_stop:
                 ; .FSTART _TWI_stop
                 ; 0000 0036 TWCR = (1 << TWINT) | (1 << TWSTO) | (1 << TWEN);
00009f e9e4      	LDI  R30,LOW(148)
0000a0 93e0 0074 	STS  116,R30
                 ; 0000 0037 }
0000a2 9508      	RET
                 ; .FEND
                 ;void TWI_write(uint8_t data) {
                 ; 0000 0039 void TWI_write(uint8_t data) {
                 _TWI_write:
                 ; .FSTART _TWI_write
                 ; 0000 003A TWDR = data;
0000a3 931a      	ST   -Y,R17
0000a4 2f1a      	MOV  R17,R26
                 ;	data -> R17
0000a5 9310 0073 	STS  115,R17
                 ; 0000 003B TWCR = (1 << TWINT) | (1 << TWEN);
0000a7 e8e4      	LDI  R30,LOW(132)
0000a8 93e0 0074 	STS  116,R30
                 ; 0000 003C while (!(TWCR & (1 << TWINT)));
                 _0x9:
0000aa 91e0 0074 	LDS  R30,116
0000ac 78e0      	ANDI R30,LOW(0x80)
0000ad f3e1      	BREQ _0x9
                 ; 0000 003D }
0000ae 9119      	LD   R17,Y+
0000af 9508      	RET
                 ; .FEND
                 ;uint8_t TWI_read_ack(void) {
                 ; 0000 0040 uint8_t TWI_read_ack(void) {
                 _TWI_read_ack:
                 ; .FSTART _TWI_read_ack
                 ; 0000 0041 TWCR = (1 << TWINT) | (1 << TWEN) | (1 << TWEA); // ACK Enable
0000b0 ece4      	LDI  R30,LOW(196)
0000b1 93e0 0074 	STS  116,R30
                 ; 0000 0042 while (!(TWCR & (1 << TWINT)));
                 _0xC:
0000b3 91e0 0074 	LDS  R30,116
0000b5 78e0      	ANDI R30,LOW(0x80)
0000b6 f3e1      	BREQ _0xC
                 ; 0000 0043 return TWDR;
0000b7 c007      	RJMP _0x2060001
                 ; 0000 0044 }
                 ; .FEND
                 ;uint8_t TWI_read_nack(void) {
                 ; 0000 0047 uint8_t TWI_read_nack(void) {
                 _TWI_read_nack:
                 ; .FSTART _TWI_read_nack
                 ; 0000 0048 TWCR = (1 << TWINT) | (1 << TWEN); // ACK Disable (NACK)
0000b8 e8e4      	LDI  R30,LOW(132)
0000b9 93e0 0074 	STS  116,R30
                 ; 0000 0049 while (!(TWCR & (1 << TWINT)));
                 _0xF:
0000bb 91e0 0074 	LDS  R30,116
0000bd 78e0      	ANDI R30,LOW(0x80)
0000be f3e1      	BREQ _0xF
                 ; 0000 004A return TWDR;
                 _0x2060001:
0000bf 91e0 0073 	LDS  R30,115
0000c1 9508      	RET
                 ; 0000 004B }
                 ; .FEND
                 ;void MAX30102_WriteReg(uint8_t reg, uint8_t val) {
                 ; 0000 004E void MAX30102_WriteReg(uint8_t reg, uint8_t val) {
                 _MAX30102_WriteReg:
                 ; .FSTART _MAX30102_WriteReg
                 ; 0000 004F TWI_start();
0000c2 931a      	ST   -Y,R17
0000c3 930a      	ST   -Y,R16
0000c4 2f1a      	MOV  R17,R26
0000c5 810a      	LDD  R16,Y+2
                 ;	reg -> R16
                 ;	val -> R17
0000c6 dfd0      	RCALL _TWI_start
                 ; 0000 0050 TWI_write(MAX30102_ADDR_W);
0000c7 eaae      	LDI  R26,LOW(174)
0000c8 dfda      	RCALL _TWI_write
                 ; 0000 0051 TWI_write(reg);
0000c9 2fa0      	MOV  R26,R16
0000ca dfd8      	RCALL _TWI_write
                 ; 0000 0052 TWI_write(val);
0000cb 2fa1      	MOV  R26,R17
0000cc dfd6      	RCALL _TWI_write
                 ; 0000 0053 TWI_stop();
0000cd dfd1      	RCALL _TWI_stop
                 ; 0000 0054 }
0000ce 8119      	LDD  R17,Y+1
0000cf 8108      	LDD  R16,Y+0
0000d0 9623      	ADIW R28,3
0000d1 9508      	RET
                 ; .FEND
                 ;void MAX30102_Init() {
                 ; 0000 0057 void MAX30102_Init() {
                 _MAX30102_Init:
                 ; .FSTART _MAX30102_Init
                 ; 0000 0058 // 1. Reset
                 ; 0000 0059 MAX30102_WriteReg(REG_MODE_CONFIG, 0x40);
0000d2 e0e9      	LDI  R30,LOW(9)
0000d3 93ea      	ST   -Y,R30
0000d4 e4a0      	LDI  R26,LOW(64)
0000d5 dfec      	RCALL _MAX30102_WriteReg
                 ; 0000 005A delay_ms(100);
0000d6 e6a4      	LDI  R26,LOW(100)
0000d7 e0b0      	LDI  R27,0
0000d8 d346      	RCALL _delay_ms
                 ; 0000 005B 
                 ; 0000 005C // 2. Interrupt Enable (PPG Ready)
                 ; 0000 005D MAX30102_WriteReg(REG_INTR_ENABLE_1, 0xC0); // A_FULL_EN, PPG_RDY_EN
0000d9 e0e2      	LDI  R30,LOW(2)
0000da 93ea      	ST   -Y,R30
0000db eca0      	LDI  R26,LOW(192)
0000dc dfe5      	RCALL _MAX30102_WriteReg
                 ; 0000 005E 
                 ; 0000 005F // 3. FIFO Config (Average 4, Rollover Enable)
                 ; 0000 0060 // SMP_AVE=010(4samples), FIFO_ROLLOVER_EN=1 -> 0x50
                 ; 0000 0061 MAX30102_WriteReg(REG_FIFO_CONFIG, 0x50);
0000dd e0e8      	LDI  R30,LOW(8)
0000de 93ea      	ST   -Y,R30
0000df e5a0      	LDI  R26,LOW(80)
0000e0 dfe1      	RCALL _MAX30102_WriteReg
                 ; 0000 0062 
                 ; 0000 0063 // 4. SpO2 Config (Range 4096nA, 100Hz, 411us Pulse Width)
                 ; 0000 0064 // ADC Range=4096nA(01), SR=100Hz(001), PW=411us(11) -> 0x27
                 ; 0000 0065 //[cite_start]// 411us를 쓰면 18-bit 해상도를 얻습니다[cite: 742].
                 ; 0000 0066 MAX30102_WriteReg(REG_SPO2_CONFIG, 0x27);
0000e1 e0ea      	LDI  R30,LOW(10)
0000e2 93ea      	ST   -Y,R30
0000e3 e2a7      	LDI  R26,LOW(39)
0000e4 dfdd      	RCALL _MAX30102_WriteReg
                 ; 0000 0067 
                 ; 0000 0068 // 5. LED Current (밝기 설정, 약 6.2mA)
                 ; 0000 0069 MAX30102_WriteReg(REG_LED1_PA, 0x1F); // Red
0000e5 e0ec      	LDI  R30,LOW(12)
0000e6 93ea      	ST   -Y,R30
0000e7 e1af      	LDI  R26,LOW(31)
0000e8 dfd9      	RCALL _MAX30102_WriteReg
                 ; 0000 006A MAX30102_WriteReg(REG_LED2_PA, 0x1F); // IR
0000e9 e0ed      	LDI  R30,LOW(13)
0000ea 93ea      	ST   -Y,R30
0000eb e1af      	LDI  R26,LOW(31)
0000ec dfd5      	RCALL _MAX30102_WriteReg
                 ; 0000 006B 
                 ; 0000 006C // 6. Mode Config (SpO2 Mode: Red + IR)
                 ; 0000 006D MAX30102_WriteReg(REG_MODE_CONFIG, 0x03);
0000ed e0e9      	LDI  R30,LOW(9)
0000ee 93ea      	ST   -Y,R30
0000ef e0a3      	LDI  R26,LOW(3)
0000f0 dfd1      	RCALL _MAX30102_WriteReg
                 ; 0000 006E }
0000f1 9508      	RET
                 ; .FEND
                 ;void MAX30102_ReadFIFO(uint32_t *red, uint32_t *ir) {
                 ; 0000 0071 void MAX30102_ReadFIFO(uint32_t *red, uint32_t *ir) {
                 _MAX30102_ReadFIFO:
                 ; .FSTART _MAX30102_ReadFIFO
                 ; 0000 0072 uint8_t temp[6];
                 ; 0000 0073 uint8_t i;
                 ; 0000 0074 
                 ; 0000 0075 // Write Pointer 초기화 (옵션: 읽기 포인터 정렬이 필요할 때 사용)
                 ; 0000 0076 // MAX30102_WriteReg(REG_FIFO_RD_PTR, 0x00);
                 ; 0000 0077 // MAX30102_WriteReg(REG_FIFO_WR_PTR, 0x00);
                 ; 0000 0078 
                 ; 0000 0079 // FIFO Data Register(0x07) 읽기 시작
                 ; 0000 007A TWI_start();
0000f2 9726      	SBIW R28,6
0000f3 d2cb      	RCALL __SAVELOCR6
0000f4 019d      	MOVW R18,R26
                +
0000f5 854c     +LDD R20 , Y + 12
0000f6 855d     +LDD R21 , Y + 12 + 1
                 	__GETWRS 20,21,12
                 ;	*red -> R20,R21
                 ;	*ir -> R18,R19
                 ;	temp -> Y+6
                 ;	i -> R17
0000f7 df9f      	RCALL _TWI_start
                 ; 0000 007B TWI_write(MAX30102_ADDR_W);
0000f8 eaae      	LDI  R26,LOW(174)
0000f9 dfa9      	RCALL _TWI_write
                 ; 0000 007C TWI_write(REG_FIFO_DATA);
0000fa e0a7      	LDI  R26,LOW(7)
0000fb dfa7      	RCALL _TWI_write
                 ; 0000 007D 
                 ; 0000 007E TWI_start(); // Repeated Start
0000fc df9a      	RCALL _TWI_start
                 ; 0000 007F TWI_write(MAX30102_ADDR_R);
0000fd eaaf      	LDI  R26,LOW(175)
0000fe dfa4      	RCALL _TWI_write
                 ; 0000 0080 
                 ; 0000 0081 // 6바이트 Burst Read (Red 3byte + IR 3byte)
                 ; 0000 0082 // 마지막 바이트 전까지는 ACK, 마지막은 NACK
                 ; 0000 0083 for(i=0; i<5; i++) {
0000ff e010      	LDI  R17,LOW(0)
                 _0x13:
000100 3015      	CPI  R17,5
000101 f470      	BRSH _0x14
                 ; 0000 0084 temp[i] = TWI_read_ack();
000102 2fe1      	MOV  R30,R17
000103 e0f0      	LDI  R31,0
000104 01de      	MOVW R26,R28
000105 9616      	ADIW R26,6
000106 0fea      	ADD  R30,R26
000107 1ffb      	ADC  R31,R27
000108 93ff      	PUSH R31
000109 93ef      	PUSH R30
00010a dfa5      	RCALL _TWI_read_ack
00010b 91af      	POP  R26
00010c 91bf      	POP  R27
00010d 93ec      	ST   X,R30
                 ; 0000 0085 }
00010e 5f1f      	SUBI R17,-1
00010f cff0      	RJMP _0x13
                 _0x14:
                 ; 0000 0086 temp[5] = TWI_read_nack(); // 마지막 바이트
000110 dfa7      	RCALL _TWI_read_nack
000111 87eb      	STD  Y+11,R30
                 ; 0000 0087 
                 ; 0000 0088 TWI_stop();
000112 df8c      	RCALL _TWI_stop
                 ; 0000 0089 
                 ; 0000 008A //[cite_start]// 3바이트 데이터를 18비트 정수로 변환 [cite: 612-632]
                 ; 0000 008B // MSB가 temp[0]에 위치함
                 ; 0000 008C *red = ((uint32_t)temp[0] << 16) | ((uint32_t)temp[1] << 8) | temp[2];
000113 81ee      	LDD  R30,Y+6
000114 d233      	RCALL SUBOPT_0x0
000115 d238      	RCALL SUBOPT_0x1
000116 937f      	PUSH R23
000117 936f      	PUSH R22
000118 93ff      	PUSH R31
000119 93ef      	PUSH R30
00011a 81ef      	LDD  R30,Y+7
00011b d22c      	RCALL SUBOPT_0x0
00011c d236      	RCALL SUBOPT_0x2
00011d 91af      	POP  R26
00011e 91bf      	POP  R27
00011f 918f      	POP  R24
000120 919f      	POP  R25
000121 d236      	RCALL SUBOPT_0x3
000122 01df      	MOVW R26,R30
000123 01cb      	MOVW R24,R22
000124 85e8      	LDD  R30,Y+8
000125 d237      	RCALL SUBOPT_0x4
000126 01da      	MOVW R26,R20
000127 d239      	RCALL SUBOPT_0x5
                 ; 0000 008D *red &= 0x03FFFF; // 18-bit Masking
000128 01da      	MOVW R26,R20
000129 d23c      	RCALL SUBOPT_0x6
                 ; 0000 008E 
                 ; 0000 008F *ir = ((uint32_t)temp[3] << 16) | ((uint32_t)temp[4] << 8) | temp[5];
00012a 85e9      	LDD  R30,Y+9
00012b d21c      	RCALL SUBOPT_0x0
00012c d221      	RCALL SUBOPT_0x1
00012d 937f      	PUSH R23
00012e 936f      	PUSH R22
00012f 93ff      	PUSH R31
000130 93ef      	PUSH R30
000131 85ea      	LDD  R30,Y+10
000132 d215      	RCALL SUBOPT_0x0
000133 d21f      	RCALL SUBOPT_0x2
000134 91af      	POP  R26
000135 91bf      	POP  R27
000136 918f      	POP  R24
000137 919f      	POP  R25
000138 d21f      	RCALL SUBOPT_0x3
000139 01df      	MOVW R26,R30
00013a 01cb      	MOVW R24,R22
00013b 85eb      	LDD  R30,Y+11
00013c d220      	RCALL SUBOPT_0x4
00013d 01d9      	MOVW R26,R18
00013e d222      	RCALL SUBOPT_0x5
                 ; 0000 0090 *ir &= 0x03FFFF; // 18-bit Masking
00013f 01d9      	MOVW R26,R18
000140 d225      	RCALL SUBOPT_0x6
                 ; 0000 0091 }
000141 d284      	RCALL __LOADLOCR6
000142 962e      	ADIW R28,14
000143 9508      	RET
                 ; .FEND
                 ;void main(void) {
                 ; 0000 0093 void main(void) {
                 _main:
                 ; .FSTART _main
                 ; 0000 0094 uint32_t red_val, ir_val;
                 ; 0000 0095 
                 ; 0000 0096 UART0_init();
000144 9728      	SBIW R28,8
                 ;	red_val -> Y+4
                 ;	ir_val -> Y+0
000145 df3f      	RCALL _UART0_init
                 ; 0000 0097 TWI_init();
000146 df49      	RCALL _TWI_init
                 ; 0000 0098 
                 ; 0000 0099 delay_ms(1000);
000147 eea8      	LDI  R26,LOW(1000)
000148 e0b3      	LDI  R27,HIGH(1000)
000149 d2d5      	RCALL _delay_ms
                 ; 0000 009A printf("MAX30102 Initializing...\r\n");
                +
00014a e8ec     +LDI R30 , LOW ( 2 * _0x0 + ( 0 ) )
00014b e0f0     +LDI R31 , HIGH ( 2 * _0x0 + ( 0 ) )
                 	__POINTW1FN _0x0,0
00014c d226      	RCALL SUBOPT_0x7
                 ; 0000 009B 
                 ; 0000 009C MAX30102_Init();
00014d df84      	RCALL _MAX30102_Init
                 ; 0000 009D printf("Init Done. Reading Data...\r\n");
                +
00014e eae7     +LDI R30 , LOW ( 2 * _0x0 + ( 27 ) )
00014f e0f0     +LDI R31 , HIGH ( 2 * _0x0 + ( 27 ) )
                 	__POINTW1FN _0x0,27
000150 d222      	RCALL SUBOPT_0x7
                 ; 0000 009E 
                 ; 0000 009F while (1) {
                 _0x15:
                 ; 0000 00A0 // 실제로는 인터럽트 핀(INT)을 확인하거나, 레지스터를 폴링해야 하지만
                 ; 0000 00A1 // 간단한 테스트를 위해 무조건 읽고 딜레이를 줍니다.
                 ; 0000 00A2 
                 ; 0000 00A3 MAX30102_ReadFIFO(&red_val, &ir_val);
000151 01fe      	MOVW R30,R28
000152 9634      	ADIW R30,4
000153 93fa      	ST   -Y,R31
000154 93ea      	ST   -Y,R30
000155 01de      	MOVW R26,R28
000156 9612      	ADIW R26,2
000157 df9a      	RCALL _MAX30102_ReadFIFO
                 ; 0000 00A4 
                 ; 0000 00A5 // 시리얼 플로터용 포맷 (숫자,숫자)
                 ; 0000 00A6 // 손가락을 대지 않았을 때는 값이 작고, 대면 값이 커져야 합니다.
                 ; 0000 00A7 printf("%ld,%ld\r\n", red_val, ir_val);
                +
000158 ece4     +LDI R30 , LOW ( 2 * _0x0 + ( 56 ) )
000159 e0f0     +LDI R31 , HIGH ( 2 * _0x0 + ( 56 ) )
                 	__POINTW1FN _0x0,56
00015a 93fa      	ST   -Y,R31
00015b 93ea      	ST   -Y,R30
00015c d21c      	RCALL SUBOPT_0x8
00015d d21b      	RCALL SUBOPT_0x8
00015e e088      	LDI  R24,8
00015f d1a8      	RCALL _printf
000160 962a      	ADIW R28,10
                 ; 0000 00A8 
                 ; 0000 00A9 delay_ms(10); // 샘플링 속도(100Hz)와 비슷하게 맞춤 (약 10ms)
000161 e0aa      	LDI  R26,LOW(10)
000162 e0b0      	LDI  R27,0
000163 d2bb      	RCALL _delay_ms
                 ; 0000 00AA }
000164 cfec      	RJMP _0x15
                 ; 0000 00AB }
                 _0x18:
000165 cfff      	RJMP _0x18
                 ; .FEND
                 	#ifndef __SLEEP_DEFINED__
                 	#endif
                 
                 	.CSEG
                 _putchar:
                 ; .FSTART _putchar
000166 93aa      	ST   -Y,R26
                 putchar0:
000167 9b5d           sbis usr,udre
000168 cffe           rjmp putchar0
000169 81e8           ld   r30,y
00016a b9ec           out  udr,r30
00016b 9621      	ADIW R28,1
00016c 9508      	RET
                 ; .FEND
                 _put_usart_G100:
                 ; .FSTART _put_usart_G100
00016d d253      	RCALL __SAVELOCR4
00016e 018d      	MOVW R16,R26
00016f 813c      	LDD  R19,Y+4
000170 2fa3      	MOV  R26,R19
000171 dff4      	RCALL _putchar
000172 01d8      	MOVW R26,R16
000173 91ed      	LD   R30,X+
000174 91fd      	LD   R31,X+
000175 9631      	ADIW R30,1
000176 93fe      	ST   -X,R31
000177 93ee      	ST   -X,R30
000178 d24f      	RCALL __LOADLOCR4
000179 9625      	ADIW R28,5
00017a 9508      	RET
                 ; .FEND
                 __print_G100:
                 ; .FSTART __print_G100
00017b 93ba      	ST   -Y,R27
00017c 93aa      	ST   -Y,R26
00017d 972c      	SBIW R28,12
00017e d240      	RCALL __SAVELOCR6
00017f e010      	LDI  R17,0
000180 89aa      	LDD  R26,Y+18
000181 89bb      	LDD  R27,Y+18+1
000182 e0e0      	LDI  R30,LOW(0)
000183 e0f0      	LDI  R31,HIGH(0)
000184 93ed      	ST   X+,R30
000185 93fc      	ST   X,R31
                 _0x2000016:
000186 8de8      	LDD  R30,Y+24
000187 8df9      	LDD  R31,Y+24+1
000188 9631      	ADIW R30,1
000189 8fe8      	STD  Y+24,R30
00018a 8ff9      	STD  Y+24+1,R31
00018b 9731      	SBIW R30,1
00018c 91e4      	LPM  R30,Z
00018d 2f2e      	MOV  R18,R30
00018e 30e0      	CPI  R30,0
00018f f409      	BRNE PC+2
000190 c170      	RJMP _0x2000018
000191 2fe1      	MOV  R30,R17
000192 30e0      	CPI  R30,0
000193 f431      	BRNE _0x200001C
000194 3225      	CPI  R18,37
000195 f411      	BRNE _0x200001D
000196 e011      	LDI  R17,LOW(1)
000197 c001      	RJMP _0x200001E
                 _0x200001D:
000198 d1e6      	RCALL SUBOPT_0x9
                 _0x200001E:
000199 c166      	RJMP _0x200001B
                 _0x200001C:
00019a 30e1      	CPI  R30,LOW(0x1)
00019b f4b9      	BRNE _0x200001F
00019c 3225      	CPI  R18,37
00019d f411      	BRNE _0x2000020
00019e d1e0      	RCALL SUBOPT_0x9
00019f c15f      	RJMP _0x20000E7
                 _0x2000020:
0001a0 e012      	LDI  R17,LOW(2)
0001a1 e0e0      	LDI  R30,LOW(0)
0001a2 8be9      	STD  Y+17,R30
0001a3 e000      	LDI  R16,LOW(0)
0001a4 322d      	CPI  R18,45
0001a5 f411      	BRNE _0x2000021
0001a6 e001      	LDI  R16,LOW(1)
0001a7 c158      	RJMP _0x200001B
                 _0x2000021:
0001a8 322b      	CPI  R18,43
0001a9 f419      	BRNE _0x2000022
0001aa e2eb      	LDI  R30,LOW(43)
0001ab 8be9      	STD  Y+17,R30
0001ac c153      	RJMP _0x200001B
                 _0x2000022:
0001ad 3220      	CPI  R18,32
0001ae f419      	BRNE _0x2000023
0001af e2e0      	LDI  R30,LOW(32)
0001b0 8be9      	STD  Y+17,R30
0001b1 c14e      	RJMP _0x200001B
                 _0x2000023:
0001b2 c002      	RJMP _0x2000024
                 _0x200001F:
0001b3 30e2      	CPI  R30,LOW(0x2)
0001b4 f439      	BRNE _0x2000025
                 _0x2000024:
0001b5 e050      	LDI  R21,LOW(0)
0001b6 e013      	LDI  R17,LOW(3)
0001b7 3320      	CPI  R18,48
0001b8 f411      	BRNE _0x2000026
0001b9 6800      	ORI  R16,LOW(128)
0001ba c145      	RJMP _0x200001B
                 _0x2000026:
0001bb c002      	RJMP _0x2000027
                 _0x2000025:
0001bc 30e3      	CPI  R30,LOW(0x3)
0001bd f491      	BRNE _0x2000028
                 _0x2000027:
0001be 3320      	CPI  R18,48
0001bf f010      	BRLO _0x200002A
0001c0 332a      	CPI  R18,58
0001c1 f008      	BRLO _0x200002B
                 _0x200002A:
0001c2 c007      	RJMP _0x2000029
                 _0x200002B:
0001c3 e0aa      	LDI  R26,LOW(10)
0001c4 9f5a      	MUL  R21,R26
0001c5 2d50      	MOV  R21,R0
0001c6 2fe2      	MOV  R30,R18
0001c7 53e0      	SUBI R30,LOW(48)
0001c8 0f5e      	ADD  R21,R30
0001c9 c136      	RJMP _0x200001B
                 _0x2000029:
0001ca e040      	LDI  R20,LOW(0)
0001cb 322e      	CPI  R18,46
0001cc f411      	BRNE _0x200002C
0001cd e014      	LDI  R17,LOW(4)
0001ce c131      	RJMP _0x200001B
                 _0x200002C:
0001cf c00e      	RJMP _0x200002D
                 _0x2000028:
0001d0 30e4      	CPI  R30,LOW(0x4)
0001d1 f491      	BRNE _0x200002F
0001d2 3320      	CPI  R18,48
0001d3 f010      	BRLO _0x2000031
0001d4 332a      	CPI  R18,58
0001d5 f008      	BRLO _0x2000032
                 _0x2000031:
0001d6 c007      	RJMP _0x2000030
                 _0x2000032:
0001d7 e0aa      	LDI  R26,LOW(10)
0001d8 9f4a      	MUL  R20,R26
0001d9 2d40      	MOV  R20,R0
0001da 2fe2      	MOV  R30,R18
0001db 53e0      	SUBI R30,LOW(48)
0001dc 0f4e      	ADD  R20,R30
0001dd c122      	RJMP _0x200001B
                 _0x2000030:
                 _0x200002D:
0001de 362c      	CPI  R18,108
0001df f419      	BRNE _0x2000033
0001e0 6002      	ORI  R16,LOW(2)
0001e1 e015      	LDI  R17,LOW(5)
0001e2 c11d      	RJMP _0x200001B
                 _0x2000033:
0001e3 c003      	RJMP _0x2000034
                 _0x200002F:
0001e4 30e5      	CPI  R30,LOW(0x5)
0001e5 f009      	BREQ PC+2
0001e6 c119      	RJMP _0x200001B
                 _0x2000034:
0001e7 2fe2      	MOV  R30,R18
0001e8 36e3      	CPI  R30,LOW(0x63)
0001e9 f439      	BRNE _0x2000039
0001ea d19b      	RCALL SUBOPT_0xA
0001eb 89ee      	LDD  R30,Y+22
0001ec 89ff      	LDD  R31,Y+22+1
0001ed 81a4      	LDD  R26,Z+4
0001ee 93aa      	ST   -Y,R26
0001ef d19c      	RCALL SUBOPT_0xB
0001f0 c10e      	RJMP _0x200003A
                 _0x2000039:
0001f1 37e3      	CPI  R30,LOW(0x73)
0001f2 f429      	BRNE _0x200003C
0001f3 d192      	RCALL SUBOPT_0xA
0001f4 d19d      	RCALL SUBOPT_0xC
0001f5 d139      	RCALL _strlen
0001f6 2f1e      	MOV  R17,R30
0001f7 c007      	RJMP _0x200003D
                 _0x200003C:
0001f8 37e0      	CPI  R30,LOW(0x70)
0001f9 f489      	BRNE _0x200003F
0001fa d18b      	RCALL SUBOPT_0xA
0001fb d196      	RCALL SUBOPT_0xC
0001fc d13e      	RCALL _strlenf
0001fd 2f1e      	MOV  R17,R30
0001fe 6008      	ORI  R16,LOW(8)
                 _0x200003D:
0001ff 770f      	ANDI R16,LOW(127)
000200 3040      	CPI  R20,0
000201 f011      	BREQ _0x2000041
000202 1741      	CP   R20,R17
000203 f008      	BRLO _0x2000042
                 _0x2000041:
000204 c001      	RJMP _0x2000040
                 _0x2000042:
000205 2f14      	MOV  R17,R20
                 _0x2000040:
000206 e040      	LDI  R20,LOW(0)
000207 e0e0      	LDI  R30,LOW(0)
000208 8be8      	STD  Y+16,R30
000209 e030      	LDI  R19,LOW(0)
00020a c065      	RJMP _0x2000043
                 _0x200003F:
00020b 36e4      	CPI  R30,LOW(0x64)
00020c f011      	BREQ _0x2000046
00020d 36e9      	CPI  R30,LOW(0x69)
00020e f411      	BRNE _0x2000047
                 _0x2000046:
00020f 6004      	ORI  R16,LOW(4)
000210 c002      	RJMP _0x2000048
                 _0x2000047:
000211 37e5      	CPI  R30,LOW(0x75)
000212 f491      	BRNE _0x2000049
                 _0x2000048:
000213 e0ea      	LDI  R30,LOW(10)
000214 8be8      	STD  Y+16,R30
000215 ff01      	SBRS R16,1
000216 c007      	RJMP _0x200004A
                +
000217 e0e0     +LDI R30 , LOW ( 0x3B9ACA00 )
000218 ecfa     +LDI R31 , HIGH ( 0x3B9ACA00 )
000219 e96a     +LDI R22 , BYTE3 ( 0x3B9ACA00 )
00021a e37b     +LDI R23 , BYTE4 ( 0x3B9ACA00 )
                 	__GETD1N 0x3B9ACA00
00021b d180      	RCALL SUBOPT_0xD
00021c e01a      	LDI  R17,LOW(10)
00021d c01f      	RJMP _0x200004B
                 _0x200004A:
                +
00021e e1e0     +LDI R30 , LOW ( 0x2710 )
00021f e2f7     +LDI R31 , HIGH ( 0x2710 )
000220 e060     +LDI R22 , BYTE3 ( 0x2710 )
000221 e070     +LDI R23 , BYTE4 ( 0x2710 )
                 	__GETD1N 0x2710
000222 d179      	RCALL SUBOPT_0xD
000223 e015      	LDI  R17,LOW(5)
000224 c018      	RJMP _0x200004B
                 _0x2000049:
000225 35e8      	CPI  R30,LOW(0x58)
000226 f411      	BRNE _0x200004D
000227 6008      	ORI  R16,LOW(8)
000228 c003      	RJMP _0x200004E
                 _0x200004D:
000229 37e8      	CPI  R30,LOW(0x78)
00022a f009      	BREQ PC+2
00022b c0d3      	RJMP _0x200008C
                 _0x200004E:
00022c e1e0      	LDI  R30,LOW(16)
00022d 8be8      	STD  Y+16,R30
00022e ff01      	SBRS R16,1
00022f c007      	RJMP _0x2000050
                +
000230 e0e0     +LDI R30 , LOW ( 0x10000000 )
000231 e0f0     +LDI R31 , HIGH ( 0x10000000 )
000232 e060     +LDI R22 , BYTE3 ( 0x10000000 )
000233 e170     +LDI R23 , BYTE4 ( 0x10000000 )
                 	__GETD1N 0x10000000
000234 d167      	RCALL SUBOPT_0xD
000235 e018      	LDI  R17,LOW(8)
000236 c006      	RJMP _0x200004B
                 _0x2000050:
                +
000237 e0e0     +LDI R30 , LOW ( 0x1000 )
000238 e1f0     +LDI R31 , HIGH ( 0x1000 )
000239 e060     +LDI R22 , BYTE3 ( 0x1000 )
00023a e070     +LDI R23 , BYTE4 ( 0x1000 )
                 	__GETD1N 0x1000
00023b d160      	RCALL SUBOPT_0xD
00023c e014      	LDI  R17,LOW(4)
                 _0x200004B:
00023d 3040      	CPI  R20,0
00023e f011      	BREQ _0x2000051
00023f 770f      	ANDI R16,LOW(127)
000240 c001      	RJMP _0x2000052
                 _0x2000051:
000241 e041      	LDI  R20,LOW(1)
                 _0x2000052:
000242 ff01      	SBRS R16,1
000243 c006      	RJMP _0x2000053
000244 d141      	RCALL SUBOPT_0xA
000245 89ae      	LDD  R26,Y+22
000246 89bf      	LDD  R27,Y+22+1
000247 9614      	ADIW R26,4
000248 d1cb      	RCALL __GETD1P
000249 c00d      	RJMP _0x20000E8
                 _0x2000053:
00024a ff02      	SBRS R16,2
00024b c007      	RJMP _0x2000055
00024c d139      	RCALL SUBOPT_0xA
00024d d153      	RCALL SUBOPT_0xE
                +
00024e 2f6f     +MOV R22 , R31
00024f 0f66     +ADD R22 , R22
000250 0b66     +SBC R22 , R22
000251 2f76     +MOV R23 , R22
                 	__CWD1
000252 c004      	RJMP _0x20000E8
                 _0x2000055:
000253 d132      	RCALL SUBOPT_0xA
000254 d14c      	RCALL SUBOPT_0xE
000255 2766      	CLR  R22
000256 2777      	CLR  R23
                 _0x20000E8:
                +
000257 87ec     +STD Y + 12 , R30
000258 87fd     +STD Y + 12 + 1 , R31
000259 876e     +STD Y + 12 + 2 , R22
00025a 877f     +STD Y + 12 + 3 , R23
                 	__PUTD1S 12
00025b ff02      	SBRS R16,2
00025c c012      	RJMP _0x2000057
00025d 85af      	LDD  R26,Y+15
00025e 23aa      	TST  R26
00025f f442      	BRPL _0x2000058
                +
000260 85ec     +LDD R30 , Y + 12
000261 85fd     +LDD R31 , Y + 12 + 1
000262 856e     +LDD R22 , Y + 12 + 2
000263 857f     +LDD R23 , Y + 12 + 3
                 	__GETD1S 12
000264 d168      	RCALL __ANEGD1
000265 d142      	RCALL SUBOPT_0xF
000266 e2ed      	LDI  R30,LOW(45)
000267 8be9      	STD  Y+17,R30
                 _0x2000058:
000268 89e9      	LDD  R30,Y+17
000269 30e0      	CPI  R30,0
00026a f019      	BREQ _0x2000059
00026b 5f1f      	SUBI R17,-LOW(1)
00026c 5f4f      	SUBI R20,-LOW(1)
00026d c001      	RJMP _0x200005A
                 _0x2000059:
00026e 7f0b      	ANDI R16,LOW(251)
                 _0x200005A:
                 _0x2000057:
00026f 2f34      	MOV  R19,R20
                 _0x2000043:
000270 fd00      	SBRC R16,0
000271 c013      	RJMP _0x200005B
                 _0x200005C:
000272 1715      	CP   R17,R21
000273 f410      	BRSH _0x200005F
000274 1735      	CP   R19,R21
000275 f008      	BRLO _0x2000060
                 _0x200005F:
000276 c00e      	RJMP _0x200005E
                 _0x2000060:
000277 ff07      	SBRS R16,7
000278 c008      	RJMP _0x2000061
000279 ff02      	SBRS R16,2
00027a c004      	RJMP _0x2000062
00027b 7f0b      	ANDI R16,LOW(251)
00027c 8929      	LDD  R18,Y+17
00027d 5011      	SUBI R17,LOW(1)
00027e c001      	RJMP _0x2000063
                 _0x2000062:
00027f e320      	LDI  R18,LOW(48)
                 _0x2000063:
000280 c001      	RJMP _0x2000064
                 _0x2000061:
000281 e220      	LDI  R18,LOW(32)
                 _0x2000064:
000282 d0fc      	RCALL SUBOPT_0x9
000283 5051      	SUBI R21,LOW(1)
000284 cfed      	RJMP _0x200005C
                 _0x200005E:
                 _0x200005B:
                 _0x2000065:
000285 1714      	CP   R17,R20
000286 f488      	BRSH _0x2000067
000287 6100      	ORI  R16,LOW(16)
000288 ff02      	SBRS R16,2
000289 c006      	RJMP _0x2000068
00028a d122      	RCALL SUBOPT_0x10
00028b 3050      	CPI  R21,0
00028c f009      	BREQ _0x2000069
00028d 5051      	SUBI R21,LOW(1)
                 _0x2000069:
00028e 5011      	SUBI R17,LOW(1)
00028f 5041      	SUBI R20,LOW(1)
                 _0x2000068:
000290 e3e0      	LDI  R30,LOW(48)
000291 93ea      	ST   -Y,R30
000292 d0f9      	RCALL SUBOPT_0xB
000293 3050      	CPI  R21,0
000294 f009      	BREQ _0x200006A
000295 5051      	SUBI R21,LOW(1)
                 _0x200006A:
000296 5041      	SUBI R20,LOW(1)
000297 cfed      	RJMP _0x2000065
                 _0x2000067:
000298 2f31      	MOV  R19,R17
000299 89e8      	LDD  R30,Y+16
00029a 30e0      	CPI  R30,0
00029b f4b1      	BRNE _0x200006B
                 _0x200006C:
00029c 3030      	CPI  R19,0
00029d f099      	BREQ _0x200006E
00029e ff03      	SBRS R16,3
00029f c006      	RJMP _0x200006F
0002a0 81ee      	LDD  R30,Y+6
0002a1 81ff      	LDD  R31,Y+6+1
0002a2 9125      	LPM  R18,Z+
0002a3 83ee      	STD  Y+6,R30
0002a4 83ff      	STD  Y+6+1,R31
0002a5 c005      	RJMP _0x2000070
                 _0x200006F:
0002a6 81ae      	LDD  R26,Y+6
0002a7 81bf      	LDD  R27,Y+6+1
0002a8 912d      	LD   R18,X+
0002a9 83ae      	STD  Y+6,R26
0002aa 83bf      	STD  Y+6+1,R27
                 _0x2000070:
0002ab d0d3      	RCALL SUBOPT_0x9
0002ac 3050      	CPI  R21,0
0002ad f009      	BREQ _0x2000071
0002ae 5051      	SUBI R21,LOW(1)
                 _0x2000071:
0002af 5031      	SUBI R19,LOW(1)
0002b0 cfeb      	RJMP _0x200006C
                 _0x200006E:
0002b1 c044      	RJMP _0x2000072
                 _0x200006B:
                 _0x2000074:
0002b2 d0fe      	RCALL SUBOPT_0x11
0002b3 d138      	RCALL __DIVD21U
0002b4 2f2e      	MOV  R18,R30
0002b5 302a      	CPI  R18,10
0002b6 f030      	BRLO _0x2000076
0002b7 ff03      	SBRS R16,3
0002b8 c002      	RJMP _0x2000077
0002b9 5c29      	SUBI R18,-LOW(55)
0002ba c001      	RJMP _0x2000078
                 _0x2000077:
0002bb 5a29      	SUBI R18,-LOW(87)
                 _0x2000078:
0002bc c001      	RJMP _0x2000079
                 _0x2000076:
0002bd 5d20      	SUBI R18,-LOW(48)
                 _0x2000079:
0002be fd04      	SBRC R16,4
0002bf c01e      	RJMP _0x200007B
0002c0 3321      	CPI  R18,49
0002c1 f448      	BRSH _0x200007D
0002c2 d0f7      	RCALL SUBOPT_0x12
                +
0002c3 30a1     +CPI R26 , LOW ( 0x1 )
0002c4 e0e0     +LDI R30 , HIGH ( 0x1 )
0002c5 07be     +CPC R27 , R30
0002c6 e0e0     +LDI R30 , BYTE3 ( 0x1 )
0002c7 078e     +CPC R24 , R30
0002c8 e0e0     +LDI R30 , BYTE4 ( 0x1 )
0002c9 079e     +CPC R25 , R30
                 	__CPD2N 0x1
0002ca f409      	BRNE _0x200007C
                 _0x200007D:
0002cb c00b      	RJMP _0x200007F
                 _0x200007C:
0002cc 1743      	CP   R20,R19
0002cd f440      	BRSH _0x20000E9
0002ce 1753      	CP   R21,R19
0002cf f010      	BRLO _0x2000082
0002d0 ff00      	SBRS R16,0
0002d1 c001      	RJMP _0x2000083
                 _0x2000082:
0002d2 c00f      	RJMP _0x2000081
                 _0x2000083:
0002d3 e220      	LDI  R18,LOW(32)
0002d4 ff07      	SBRS R16,7
0002d5 c008      	RJMP _0x2000084
                 _0x20000E9:
0002d6 e320      	LDI  R18,LOW(48)
                 _0x200007F:
0002d7 6100      	ORI  R16,LOW(16)
0002d8 ff02      	SBRS R16,2
0002d9 c004      	RJMP _0x2000085
0002da d0d2      	RCALL SUBOPT_0x10
0002db 3050      	CPI  R21,0
0002dc f009      	BREQ _0x2000086
0002dd 5051      	SUBI R21,LOW(1)
                 _0x2000086:
                 _0x2000085:
                 _0x2000084:
                 _0x200007B:
0002de d0a0      	RCALL SUBOPT_0x9
0002df 3050      	CPI  R21,0
0002e0 f009      	BREQ _0x2000087
0002e1 5051      	SUBI R21,LOW(1)
                 _0x2000087:
                 _0x2000081:
0002e2 5031      	SUBI R19,LOW(1)
0002e3 d0cd      	RCALL SUBOPT_0x11
0002e4 d12b      	RCALL __MODD21U
0002e5 d0c2      	RCALL SUBOPT_0xF
0002e6 89e8      	LDD  R30,Y+16
0002e7 d0d2      	RCALL SUBOPT_0x12
0002e8 27ff      	CLR  R31
0002e9 2766      	CLR  R22
0002ea 2777      	CLR  R23
0002eb d100      	RCALL __DIVD21U
0002ec d0af      	RCALL SUBOPT_0xD
                +
0002ed 85e8     +LDD R30 , Y + 8
0002ee 85f9     +LDD R31 , Y + 8 + 1
0002ef 856a     +LDD R22 , Y + 8 + 2
0002f0 857b     +LDD R23 , Y + 8 + 3
                 	__GETD1S 8
                +
0002f1 9730     +SBIW R30 , 0
0002f2 4060     +SBCI R22 , 0
0002f3 4070     +SBCI R23 , 0
                 	__CPD10
0002f4 f009      	BREQ _0x2000075
0002f5 cfbc      	RJMP _0x2000074
                 _0x2000075:
                 _0x2000072:
0002f6 ff00      	SBRS R16,0
0002f7 c007      	RJMP _0x2000088
                 _0x2000089:
0002f8 3050      	CPI  R21,0
0002f9 f029      	BREQ _0x200008B
0002fa 5051      	SUBI R21,LOW(1)
0002fb e2e0      	LDI  R30,LOW(32)
0002fc 93ea      	ST   -Y,R30
0002fd d08e      	RCALL SUBOPT_0xB
0002fe cff9      	RJMP _0x2000089
                 _0x200008B:
                 _0x2000088:
                 _0x200008C:
                 _0x200003A:
                 _0x20000E7:
0002ff e010      	LDI  R17,LOW(0)
                 _0x200001B:
000300 ce85      	RJMP _0x2000016
                 _0x2000018:
000301 89aa      	LDD  R26,Y+18
000302 89bb      	LDD  R27,Y+18+1
000303 91ed      	LD   R30,X+
000304 91fd      	LD   R31,X+
000305 d0c0      	RCALL __LOADLOCR6
000306 966a      	ADIW R28,26
000307 9508      	RET
                 ; .FEND
                 _printf:
                 ; .FSTART _printf
000308 92ff      	PUSH R15
000309 2ef8      	MOV  R15,R24
00030a 9726      	SBIW R28,6
00030b 931a      	ST   -Y,R17
00030c 930a      	ST   -Y,R16
00030d 01de      	MOVW R26,R28
00030e 9614      	ADIW R26,4
                +
00030f 2400     +CLR R0
000310 0daf     +ADD R26 , R15
000311 1db0     +ADC R27 , R0
                 	__ADDW2R15
000312 018d      	MOVW R16,R26
000313 e0e0      	LDI  R30,LOW(0)
000314 83ec      	STD  Y+4,R30
000315 83ed      	STD  Y+4+1,R30
000316 83ee      	STD  Y+6,R30
000317 83ef      	STD  Y+6+1,R30
000318 01de      	MOVW R26,R28
000319 9618      	ADIW R26,8
                +
00031a 2400     +CLR R0
00031b 0daf     +ADD R26 , R15
00031c 1db0     +ADC R27 , R0
                 	__ADDW2R15
00031d 91ed      	LD   R30,X+
00031e 91fd      	LD   R31,X+
00031f 93fa      	ST   -Y,R31
000320 93ea      	ST   -Y,R30
000321 931a      	ST   -Y,R17
000322 930a      	ST   -Y,R16
000323 e6ed      	LDI  R30,LOW(_put_usart_G100)
000324 e0f1      	LDI  R31,HIGH(_put_usart_G100)
000325 93fa      	ST   -Y,R31
000326 93ea      	ST   -Y,R30
000327 01de      	MOVW R26,R28
000328 9618      	ADIW R26,8
000329 de51      	RCALL __print_G100
00032a 8119      	LDD  R17,Y+1
00032b 8108      	LDD  R16,Y+0
00032c 9628      	ADIW R28,8
00032d 90ff      	POP  R15
00032e 9508      	RET
                 ; .FEND
                 
                 	.CSEG
                 
                 	.CSEG
                 _strlen:
                 ; .FSTART _strlen
00032f 93ba      	ST   -Y,R27
000330 93aa      	ST   -Y,R26
000331 91a9          ld   r26,y+
000332 91b9          ld   r27,y+
000333 27ee          clr  r30
000334 27ff          clr  r31
                 strlen0:
000335 916d          ld   r22,x+
000336 2366          tst  r22
000337 f011          breq strlen1
000338 9631          adiw r30,1
000339 cffb          rjmp strlen0
                 strlen1:
00033a 9508          ret
                 ; .FEND
                 _strlenf:
                 ; .FSTART _strlenf
00033b 93ba      	ST   -Y,R27
00033c 93aa      	ST   -Y,R26
00033d 27aa          clr  r26
00033e 27bb          clr  r27
00033f 91e9          ld   r30,y+
000340 91f9          ld   r31,y+
                 strlenf0:
000341 9005      	lpm  r0,z+
000342 2000          tst  r0
000343 f011          breq strlenf1
000344 9611          adiw r26,1
000345 cffb          rjmp strlenf0
                 strlenf1:
000346 01fd          movw r30,r26
000347 9508          ret
                 ; .FEND
                 
                 	.CSEG
                 ;OPTIMIZER ADDED SUBROUTINE, CALLED 4 TIMES, CODE SIZE REDUCTION:10 WORDS
                 SUBOPT_0x0:
000348 e0f0      	LDI  R31,0
                +
000349 2f6f     +MOV R22 , R31
00034a 0f66     +ADD R22 , R22
00034b 0b66     +SBC R22 , R22
00034c 2f76     +MOV R23 , R22
                 	__CWD1
00034d 9508      	RET
                 
                 ;OPTIMIZER ADDED SUBROUTINE, CALLED 2 TIMES, CODE SIZE REDUCTION:1 WORDS
                 SUBOPT_0x1:
                +
00034e 2f6e     +MOV R22 , R30
00034f 2f7f     +MOV R23 , R31
000350 e0e0     +LDI R30 , 0
000351 e0f0     +LDI R31 , 0
                 	__LSLD16
000352 9508      	RET
                 
                 ;OPTIMIZER ADDED SUBROUTINE, CALLED 2 TIMES, CODE SIZE REDUCTION:1 WORDS
                 SUBOPT_0x2:
000353 01df      	MOVW R26,R30
000354 01cb      	MOVW R24,R22
000355 e0e8      	LDI  R30,LOW(8)
000356 d07e      	RCALL __LSLD12
000357 9508      	RET
                 
                 ;OPTIMIZER ADDED SUBROUTINE, CALLED 4 TIMES, CODE SIZE REDUCTION:7 WORDS
                 SUBOPT_0x3:
                +
000358 2bea     +OR R30 , R26
000359 2bfb     +OR R31 , R27
00035a 2b68     +OR R22 , R24
00035b 2b79     +OR R23 , R25
                 	__ORD12
00035c 9508      	RET
                 
                 ;OPTIMIZER ADDED SUBROUTINE, CALLED 2 TIMES, CODE SIZE REDUCTION:1 WORDS
                 SUBOPT_0x4:
00035d 27ff      	CLR  R31
00035e 2766      	CLR  R22
00035f 2777      	CLR  R23
000360 cff7      	RJMP SUBOPT_0x3
                 
                 ;OPTIMIZER ADDED SUBROUTINE, CALLED 2 TIMES, CODE SIZE REDUCTION:1 WORDS
                 SUBOPT_0x5:
                +
000361 93ed     +ST X + , R30
000362 93fd     +ST X + , R31
000363 936d     +ST X + , R22
000364 937c     +ST X , R23
                 	__PUTDP1
000365 9508      	RET
                 
                 ;OPTIMIZER ADDED SUBROUTINE, CALLED 2 TIMES, CODE SIZE REDUCTION:9 WORDS
                 SUBOPT_0x6:
                +
000366 91ed     +LD R30 , X +
000367 91fd     +LD R31 , X +
000368 916d     +LD R22 , X +
000369 917d     +LD R23 , X +
                 	__GETD1P_INC
                +
00036a 7fef     +ANDI R30 , LOW ( 0x3FFFF )
00036b 7fff     +ANDI R31 , HIGH ( 0x3FFFF )
00036c 7063     +ANDI R22 , BYTE3 ( 0x3FFFF )
00036d 7070     +ANDI R23 , BYTE4 ( 0x3FFFF )
                 	__ANDD1N 0x3FFFF
                +
00036e 937e     +ST - X , R23
00036f 936e     +ST - X , R22
000370 93fe     +ST - X , R31
000371 93ee     +ST - X , R30
                 	__PUTDP1_DEC
000372 9508      	RET
                 
                 ;OPTIMIZER ADDED SUBROUTINE, CALLED 2 TIMES, CODE SIZE REDUCTION:2 WORDS
                 SUBOPT_0x7:
000373 93fa      	ST   -Y,R31
000374 93ea      	ST   -Y,R30
000375 e080      	LDI  R24,0
000376 df91      	RCALL _printf
000377 9622      	ADIW R28,2
000378 9508      	RET
                 
                 ;OPTIMIZER ADDED SUBROUTINE, CALLED 2 TIMES, CODE SIZE REDUCTION:2 WORDS
                 SUBOPT_0x8:
                +
000379 81ee     +LDD R30 , Y + 6
00037a 81ff     +LDD R31 , Y + 6 + 1
00037b 8568     +LDD R22 , Y + 6 + 2
00037c 8579     +LDD R23 , Y + 6 + 3
                 	__GETD1S 6
00037d d09c      	RCALL __PUTPARD1
00037e 9508      	RET
                 
                 ;OPTIMIZER ADDED SUBROUTINE, CALLED 5 TIMES, CODE SIZE REDUCTION:18 WORDS
                 SUBOPT_0x9:
00037f 932a      	ST   -Y,R18
000380 89ab      	LDD  R26,Y+19
000381 89bc      	LDD  R27,Y+19+1
000382 89ed      	LDD  R30,Y+21
000383 89fe      	LDD  R31,Y+21+1
000384 9509      	ICALL
000385 9508      	RET
                 
                 ;OPTIMIZER ADDED SUBROUTINE, CALLED 6 TIMES, CODE SIZE REDUCTION:18 WORDS
                 SUBOPT_0xA:
000386 89ee      	LDD  R30,Y+22
000387 89ff      	LDD  R31,Y+22+1
000388 9734      	SBIW R30,4
000389 8bee      	STD  Y+22,R30
00038a 8bff      	STD  Y+22+1,R31
00038b 9508      	RET
                 
                 ;OPTIMIZER ADDED SUBROUTINE, CALLED 5 TIMES, CODE SIZE REDUCTION:14 WORDS
                 SUBOPT_0xB:
00038c 89ab      	LDD  R26,Y+19
00038d 89bc      	LDD  R27,Y+19+1
00038e 89ed      	LDD  R30,Y+21
00038f 89fe      	LDD  R31,Y+21+1
000390 9509      	ICALL
000391 9508      	RET
                 
                 ;OPTIMIZER ADDED SUBROUTINE, CALLED 2 TIMES, CODE SIZE REDUCTION:6 WORDS
                 SUBOPT_0xC:
000392 89ae      	LDD  R26,Y+22
000393 89bf      	LDD  R27,Y+22+1
000394 9614      	ADIW R26,4
000395 91ed      	LD   R30,X+
000396 91fd      	LD   R31,X+
000397 83ee      	STD  Y+6,R30
000398 83ff      	STD  Y+6+1,R31
000399 81ae      	LDD  R26,Y+6
00039a 81bf      	LDD  R27,Y+6+1
00039b 9508      	RET
                 
                 ;OPTIMIZER ADDED SUBROUTINE, CALLED 5 TIMES, CODE SIZE REDUCTION:10 WORDS
                 SUBOPT_0xD:
                +
00039c 87e8     +STD Y + 8 , R30
00039d 87f9     +STD Y + 8 + 1 , R31
00039e 876a     +STD Y + 8 + 2 , R22
00039f 877b     +STD Y + 8 + 3 , R23
                 	__PUTD1S 8
0003a0 9508      	RET
                 
                 ;OPTIMIZER ADDED SUBROUTINE, CALLED 2 TIMES, CODE SIZE REDUCTION:3 WORDS
                 SUBOPT_0xE:
0003a1 89ae      	LDD  R26,Y+22
0003a2 89bf      	LDD  R27,Y+22+1
0003a3 9614      	ADIW R26,4
                +
0003a4 91ed     +LD R30 , X +
0003a5 91fc     +LD R31 , X
0003a6 9711     +SBIW R26 , 1
                 	__GETW1P
0003a7 9508      	RET
                 
                 ;OPTIMIZER ADDED SUBROUTINE, CALLED 2 TIMES, CODE SIZE REDUCTION:1 WORDS
                 SUBOPT_0xF:
                +
0003a8 87ec     +STD Y + 12 , R30
0003a9 87fd     +STD Y + 12 + 1 , R31
0003aa 876e     +STD Y + 12 + 2 , R22
0003ab 877f     +STD Y + 12 + 3 , R23
                 	__PUTD1S 12
0003ac 9508      	RET
                 
                 ;OPTIMIZER ADDED SUBROUTINE, CALLED 2 TIMES, CODE SIZE REDUCTION:1 WORDS
                 SUBOPT_0x10:
0003ad 7f0b      	ANDI R16,LOW(251)
0003ae 89e9      	LDD  R30,Y+17
0003af 93ea      	ST   -Y,R30
0003b0 cfdb      	RJMP SUBOPT_0xB
                 
                 ;OPTIMIZER ADDED SUBROUTINE, CALLED 2 TIMES, CODE SIZE REDUCTION:5 WORDS
                 SUBOPT_0x11:
                +
0003b1 85e8     +LDD R30 , Y + 8
0003b2 85f9     +LDD R31 , Y + 8 + 1
0003b3 856a     +LDD R22 , Y + 8 + 2
0003b4 857b     +LDD R23 , Y + 8 + 3
                 	__GETD1S 8
                +
0003b5 85ac     +LDD R26 , Y + 12
0003b6 85bd     +LDD R27 , Y + 12 + 1
0003b7 858e     +LDD R24 , Y + 12 + 2
0003b8 859f     +LDD R25 , Y + 12 + 3
                 	__GETD2S 12
0003b9 9508      	RET
                 
                 ;OPTIMIZER ADDED SUBROUTINE, CALLED 2 TIMES, CODE SIZE REDUCTION:1 WORDS
                 SUBOPT_0x12:
                +
0003ba 85a8     +LDD R26 , Y + 8
0003bb 85b9     +LDD R27 , Y + 8 + 1
0003bc 858a     +LDD R24 , Y + 8 + 2
0003bd 859b     +LDD R25 , Y + 8 + 3
                 	__GETD2S 8
0003be 9508      	RET
                 
                 ;RUNTIME LIBRARY
                 
                 	.CSEG
                 __SAVELOCR6:
0003bf 935a      	ST   -Y,R21
                 __SAVELOCR5:
0003c0 934a      	ST   -Y,R20
                 __SAVELOCR4:
0003c1 933a      	ST   -Y,R19
                 __SAVELOCR3:
0003c2 932a      	ST   -Y,R18
                 __SAVELOCR2:
0003c3 931a      	ST   -Y,R17
0003c4 930a      	ST   -Y,R16
0003c5 9508      	RET
                 
                 __LOADLOCR6:
0003c6 815d      	LDD  R21,Y+5
                 __LOADLOCR5:
0003c7 814c      	LDD  R20,Y+4
                 __LOADLOCR4:
0003c8 813b      	LDD  R19,Y+3
                 __LOADLOCR3:
0003c9 812a      	LDD  R18,Y+2
                 __LOADLOCR2:
0003ca 8119      	LDD  R17,Y+1
0003cb 8108      	LD   R16,Y
0003cc 9508      	RET
                 
                 __ANEGD1:
0003cd 95f0      	COM  R31
0003ce 9560      	COM  R22
0003cf 9570      	COM  R23
0003d0 95e1      	NEG  R30
0003d1 4fff      	SBCI R31,-1
0003d2 4f6f      	SBCI R22,-1
0003d3 4f7f      	SBCI R23,-1
0003d4 9508      	RET
                 
                 __LSLD12:
0003d5 23ee      	TST  R30
0003d6 2e0e      	MOV  R0,R30
0003d7 e0e8      	LDI  R30,8
0003d8 2e1e      	MOV  R1,R30
0003d9 01fd      	MOVW R30,R26
0003da 01bc      	MOVW R22,R24
0003db f079      	BREQ __LSLD12R
                 __LSLD12S8:
0003dc 1401      	CP   R0,R1
0003dd f038      	BRLO __LSLD12L
0003de 2f76      	MOV  R23,R22
0003df 2f6f      	MOV  R22,R31
0003e0 2ffe      	MOV  R31,R30
0003e1 e0e0      	LDI  R30,0
0003e2 1801      	SUB  R0,R1
0003e3 f7c1      	BRNE __LSLD12S8
0003e4 9508      	RET
                 __LSLD12L:
0003e5 0fee      	LSL  R30
0003e6 1fff      	ROL  R31
0003e7 1f66      	ROL  R22
0003e8 1f77      	ROL  R23
0003e9 940a      	DEC  R0
0003ea f7d1      	BRNE __LSLD12L
                 __LSLD12R:
0003eb 9508      	RET
                 
                 __DIVD21U:
0003ec 933f      	PUSH R19
0003ed 934f      	PUSH R20
0003ee 935f      	PUSH R21
0003ef 2400      	CLR  R0
0003f0 2411      	CLR  R1
0003f1 01a0      	MOVW R20,R0
0003f2 e230      	LDI  R19,32
                 __DIVD21U1:
0003f3 0faa      	LSL  R26
0003f4 1fbb      	ROL  R27
0003f5 1f88      	ROL  R24
0003f6 1f99      	ROL  R25
0003f7 1c00      	ROL  R0
0003f8 1c11      	ROL  R1
0003f9 1f44      	ROL  R20
0003fa 1f55      	ROL  R21
0003fb 1a0e      	SUB  R0,R30
0003fc 0a1f      	SBC  R1,R31
0003fd 0b46      	SBC  R20,R22
0003fe 0b57      	SBC  R21,R23
0003ff f428      	BRCC __DIVD21U2
000400 0e0e      	ADD  R0,R30
000401 1e1f      	ADC  R1,R31
000402 1f46      	ADC  R20,R22
000403 1f57      	ADC  R21,R23
000404 c001      	RJMP __DIVD21U3
                 __DIVD21U2:
000405 60a1      	SBR  R26,1
                 __DIVD21U3:
000406 953a      	DEC  R19
000407 f759      	BRNE __DIVD21U1
000408 01fd      	MOVW R30,R26
000409 01bc      	MOVW R22,R24
00040a 01d0      	MOVW R26,R0
00040b 01ca      	MOVW R24,R20
00040c 915f      	POP  R21
00040d 914f      	POP  R20
00040e 913f      	POP  R19
00040f 9508      	RET
                 
                 __MODD21U:
000410 dfdb      	RCALL __DIVD21U
000411 01fd      	MOVW R30,R26
000412 01bc      	MOVW R22,R24
000413 9508      	RET
                 
                 __GETD1P:
000414 91ed      	LD   R30,X+
000415 91fd      	LD   R31,X+
000416 916d      	LD   R22,X+
000417 917c      	LD   R23,X
000418 9713      	SBIW R26,3
000419 9508      	RET
                 
                 __PUTPARD1:
00041a 937a      	ST   -Y,R23
00041b 936a      	ST   -Y,R22
00041c 93fa      	ST   -Y,R31
00041d 93ea      	ST   -Y,R30
00041e 9508      	RET
                 
                 _delay_ms:
00041f 9610      	adiw r26,0
000420 f039      	breq __delay_ms1
                 __delay_ms0:
000421 95a8      	wdr
                +
000422 ea80     +LDI R24 , LOW ( 0xFA0 )
000423 e09f     +LDI R25 , HIGH ( 0xFA0 )
                +__DELAY_USW_LOOP :
000424 9701     +SBIW R24 , 1
000425 f7f1     +BRNE __DELAY_USW_LOOP
                 	__DELAY_USW 0xFA0
000426 9711      	sbiw r26,1
000427 f7c9      	brne __delay_ms0
                 __delay_ms1:
000428 9508      	ret
                 
                 ;END OF CODE MARKER
                 __END_OF_CODE:


RESOURCE USE INFORMATION
------------------------

Notice:
The register and instruction counts are symbol table hit counts,
and hence implicitly used resources are not counted, eg, the
'lpm' instruction without operands implicitly uses r0 and z,
none of which are counted.

x,y,z are separate entities in the symbol table and are
counted separately from r26..r31 here.

.dseg memory usage only counts static data declared with .byte

ATmega128A register use summary:
r0 :  18 r1 :   7 r2 :   0 r3 :   0 r4 :   0 r5 :   0 r6 :   0 r7 :   0 
r8 :   0 r9 :   0 r10:   0 r11:   0 r12:   0 r13:   0 r14:   0 r15:   5 
r16:  42 r17:  39 r18:  35 r19:  17 r20:  28 r21:  28 r22:  52 r23:  33 
r24:  24 r25:   9 r26:  91 r27:  31 r28:  19 r29:   1 r30: 209 r31:  68 
x  :  35 y  : 166 z  :   4 
Registers used: 22 out of 35 (62.9%)

ATmega128A instruction use summary:
.lds  :   0 .lds.l:   0 .sts  :   0 .sts.l:   0 adc   :   6 add   :   8 
adiw  :  22 and   :   0 andi  :  13 asr   :   0 bclr  :   0 bld   :   0 
brbc  :   0 brbs  :   0 brcc  :   1 brcs  :   0 break :   0 breq  :  22 
brge  :   0 brhc  :   0 brhs  :   0 brid  :   0 brie  :   0 brlo  :   9 
brlt  :   0 brmi  :   0 brne  :  29 brpl  :   1 brsh  :   5 brtc  :   0 
brts  :   0 brvc  :   0 brvs  :   0 bset  :   0 bst   :   0 call  :   0 
cbi   :   0 cbr   :   0 clc   :   0 clh   :   0 cli   :   1 cln   :   0 
clr   :  18 cls   :   0 clt   :   0 clv   :   0 clz   :   0 com   :   3 
cp    :   7 cpc   :   3 cpi   :  42 cpse  :   0 dec   :   3 des   :   0 
elpm  :   0 eor   :   0 fmul  :   0 fmuls :   0 fmulsu:   0 icall :   2 
ijmp  :   0 in    :   0 inc   :   0 jmp   :  36 ld    :  27 ldd   :  80 
ldi   : 122 lds   :   5 lpm   :   4 lsl   :   2 lsr   :   0 mov   :  31 
movw  :  30 mul   :   2 muls  :   0 mulsu :   0 neg   :   1 nop   :   0 
or    :   4 ori   :   7 out   :   9 pop   :  14 push  :  14 rcall :  98 
ret   :  42 reti  :   0 rjmp  :  74 rol   :  10 ror   :   0 sbc   :   5 
sbci  :   5 sbi   :   0 sbic  :   0 sbis  :   1 sbiw  :  12 sbr   :   1 
sbrc  :   2 sbrs  :  14 sec   :   0 seh   :   0 sei   :   0 sen   :   0 
ser   :   0 ses   :   0 set   :   0 sev   :   0 sez   :   0 sleep :   0 
spm   :   0 st    :  61 std   :  34 sts   :  11 sub   :   2 subi  :  21 
swap  :   0 tst   :   4 wdr   :   1 
Instructions used: 52 out of 117 (44.4%)

ATmega128A memory use summary [bytes]:
Segment   Begin    End      Code   Data   Used    Size   Use%
---------------------------------------------------------------
[.cseg] 0x000000 0x000852   2064     66   2130  131072   1.6%
[.dseg] 0x000100 0x000500      0      0      0    4096   0.0%
[.eseg] 0x000000 0x000000      0      0      0    4096   0.0%

Assembly complete, 0 errors, 0 warnings
